Archive member included to satisfy reference by file (symbol)

c:/siliconlabs/simplicitystudio/v5/developer/toolchains/gnu_arm/10.2_2020q4/bin/../lib/gcc/arm-none-eabi/10.2.1/thumb/v8-m.main+fp/hard\libgcc.a(_aeabi_uldivmod.o)
                              ./gecko_sdk_3.2.2/platform/service/sleeptimer/src/sl_sleeptimer.o (__aeabi_uldivmod)
c:/siliconlabs/simplicitystudio/v5/developer/toolchains/gnu_arm/10.2_2020q4/bin/../lib/gcc/arm-none-eabi/10.2.1/thumb/v8-m.main+fp/hard\libgcc.a(_udivmoddi4.o)
                              c:/siliconlabs/simplicitystudio/v5/developer/toolchains/gnu_arm/10.2_2020q4/bin/../lib/gcc/arm-none-eabi/10.2.1/thumb/v8-m.main+fp/hard\libgcc.a(_aeabi_uldivmod.o) (__udivmoddi4)
c:/siliconlabs/simplicitystudio/v5/developer/toolchains/gnu_arm/10.2_2020q4/bin/../lib/gcc/arm-none-eabi/10.2.1/thumb/v8-m.main+fp/hard\libgcc.a(_dvmd_tls.o)
                              c:/siliconlabs/simplicitystudio/v5/developer/toolchains/gnu_arm/10.2_2020q4/bin/../lib/gcc/arm-none-eabi/10.2.1/thumb/v8-m.main+fp/hard\libgcc.a(_aeabi_uldivmod.o) (__aeabi_ldiv0)
c:/siliconlabs/simplicitystudio/v5/developer/toolchains/gnu_arm/10.2_2020q4/bin/../lib/gcc/arm-none-eabi/10.2.1/../../../../arm-none-eabi/lib/thumb/v8-m.main+fp/hard\libc_nano.a(lib_a-exit.o)
                              c:/siliconlabs/simplicitystudio/v5/developer/toolchains/gnu_arm/10.2_2020q4/bin/../lib/gcc/arm-none-eabi/10.2.1/../../../../arm-none-eabi/lib/thumb/v8-m.main+fp/hard/crt0.o (exit)
c:/siliconlabs/simplicitystudio/v5/developer/toolchains/gnu_arm/10.2_2020q4/bin/../lib/gcc/arm-none-eabi/10.2.1/../../../../arm-none-eabi/lib/thumb/v8-m.main+fp/hard\libc_nano.a(lib_a-impure.o)
                              c:/siliconlabs/simplicitystudio/v5/developer/toolchains/gnu_arm/10.2_2020q4/bin/../lib/gcc/arm-none-eabi/10.2.1/../../../../arm-none-eabi/lib/thumb/v8-m.main+fp/hard\libc_nano.a(lib_a-exit.o) (_global_impure_ptr)
c:/siliconlabs/simplicitystudio/v5/developer/toolchains/gnu_arm/10.2_2020q4/bin/../lib/gcc/arm-none-eabi/10.2.1/../../../../arm-none-eabi/lib/thumb/v8-m.main+fp/hard\libc_nano.a(lib_a-init.o)
                              c:/siliconlabs/simplicitystudio/v5/developer/toolchains/gnu_arm/10.2_2020q4/bin/../lib/gcc/arm-none-eabi/10.2.1/../../../../arm-none-eabi/lib/thumb/v8-m.main+fp/hard/crt0.o (__libc_init_array)
c:/siliconlabs/simplicitystudio/v5/developer/toolchains/gnu_arm/10.2_2020q4/bin/../lib/gcc/arm-none-eabi/10.2.1/../../../../arm-none-eabi/lib/thumb/v8-m.main+fp/hard\libc_nano.a(lib_a-memset.o)
                              c:/siliconlabs/simplicitystudio/v5/developer/toolchains/gnu_arm/10.2_2020q4/bin/../lib/gcc/arm-none-eabi/10.2.1/../../../../arm-none-eabi/lib/thumb/v8-m.main+fp/hard/crt0.o (memset)
c:/siliconlabs/simplicitystudio/v5/developer/toolchains/gnu_arm/10.2_2020q4/bin/../lib/gcc/arm-none-eabi/10.2.1/../../../../arm-none-eabi/lib/thumb/v8-m.main+fp/hard\libnosys.a(_exit.o)
                              c:/siliconlabs/simplicitystudio/v5/developer/toolchains/gnu_arm/10.2_2020q4/bin/../lib/gcc/arm-none-eabi/10.2.1/../../../../arm-none-eabi/lib/thumb/v8-m.main+fp/hard\libc_nano.a(lib_a-exit.o) (_exit)

Discarded input sections

 .text          0x00000000        0x0 c:/siliconlabs/simplicitystudio/v5/developer/toolchains/gnu_arm/10.2_2020q4/bin/../lib/gcc/arm-none-eabi/10.2.1/thumb/v8-m.main+fp/hard/crti.o
 .data          0x00000000        0x0 c:/siliconlabs/simplicitystudio/v5/developer/toolchains/gnu_arm/10.2_2020q4/bin/../lib/gcc/arm-none-eabi/10.2.1/thumb/v8-m.main+fp/hard/crti.o
 .bss           0x00000000        0x0 c:/siliconlabs/simplicitystudio/v5/developer/toolchains/gnu_arm/10.2_2020q4/bin/../lib/gcc/arm-none-eabi/10.2.1/thumb/v8-m.main+fp/hard/crti.o
 .data          0x00000000        0x4 c:/siliconlabs/simplicitystudio/v5/developer/toolchains/gnu_arm/10.2_2020q4/bin/../lib/gcc/arm-none-eabi/10.2.1/thumb/v8-m.main+fp/hard/crtbegin.o
 .rodata        0x00000000       0x24 c:/siliconlabs/simplicitystudio/v5/developer/toolchains/gnu_arm/10.2_2020q4/bin/../lib/gcc/arm-none-eabi/10.2.1/thumb/v8-m.main+fp/hard/crtbegin.o
 .data          0x00000000        0x0 c:/siliconlabs/simplicitystudio/v5/developer/toolchains/gnu_arm/10.2_2020q4/bin/../lib/gcc/arm-none-eabi/10.2.1/../../../../arm-none-eabi/lib/thumb/v8-m.main+fp/hard/crt0.o
 .bss           0x00000000        0x0 c:/siliconlabs/simplicitystudio/v5/developer/toolchains/gnu_arm/10.2_2020q4/bin/../lib/gcc/arm-none-eabi/10.2.1/../../../../arm-none-eabi/lib/thumb/v8-m.main+fp/hard/crt0.o
 .ARM.extab     0x00000000        0x0 c:/siliconlabs/simplicitystudio/v5/developer/toolchains/gnu_arm/10.2_2020q4/bin/../lib/gcc/arm-none-eabi/10.2.1/../../../../arm-none-eabi/lib/thumb/v8-m.main+fp/hard/crt0.o
 .group         0x00000000        0xc ./app.o
 .group         0x00000000        0xc ./app.o
 .group         0x00000000        0xc ./app.o
 .group         0x00000000        0xc ./app.o
 .group         0x00000000        0xc ./app.o
[...]
Memory Configuration

Name             Origin             Length             Attributes
FLASH            0x00000000         0x0007e000         xr
RAM              0x20000000         0x00008000         xrw
*default*        0x00000000         0xffffffff

Linker script and memory map

LOAD c:/siliconlabs/simplicitystudio/v5/developer/toolchains/gnu_arm/10.2_2020q4/bin/../lib/gcc/arm-none-eabi/10.2.1/thumb/v8-m.main+fp/hard/crti.o
LOAD c:/siliconlabs/simplicitystudio/v5/developer/toolchains/gnu_arm/10.2_2020q4/bin/../lib/gcc/arm-none-eabi/10.2.1/thumb/v8-m.main+fp/hard/crtbegin.o
LOAD c:/siliconlabs/simplicitystudio/v5/developer/toolchains/gnu_arm/10.2_2020q4/bin/../lib/gcc/arm-none-eabi/10.2.1/../../../../arm-none-eabi/lib/thumb/v8-m.main+fp/hard/crt0.o
START GROUP
LOAD ./app.o
LOAD ./i2c.o
LOAD ./main.o
LOAD ./si1132.o
LOAD ./autogen/sl_device_init_clocks.o
LOAD ./autogen/sl_emlib_gpio_simple_init.o
LOAD ./autogen/sl_event_handler.o
LOAD ./gecko_sdk_3.2.2/hardware/driver/si1133/src/sl_si1133.o
LOAD ./gecko_sdk_3.2.2/platform/Device/SiliconLabs/EFR32BG22/Source/GCC/startup_efr32bg22.o
LOAD ./gecko_sdk_3.2.2/platform/Device/SiliconLabs/EFR32BG22/Source/system_efr32bg22.o
LOAD ./gecko_sdk_3.2.2/platform/common/toolchain/src/sl_memory.o
LOAD ./gecko_sdk_3.2.2/platform/driver/i2cspm/src/sl_i2cspm.o
LOAD ./gecko_sdk_3.2.2/platform/emlib/src/em_assert.o
LOAD ./gecko_sdk_3.2.2/platform/emlib/src/em_burtc.o
LOAD ./gecko_sdk_3.2.2/platform/emlib/src/em_cmu.o
LOAD ./gecko_sdk_3.2.2/platform/emlib/src/em_core.o
LOAD ./gecko_sdk_3.2.2/platform/emlib/src/em_emu.o
LOAD ./gecko_sdk_3.2.2/platform/emlib/src/em_gpio.o
LOAD ./gecko_sdk_3.2.2/platform/emlib/src/em_i2c.o
LOAD ./gecko_sdk_3.2.2/platform/emlib/src/em_rtcc.o
LOAD ./gecko_sdk_3.2.2/platform/emlib/src/em_system.o
LOAD ./gecko_sdk_3.2.2/platform/service/device_init/src/sl_device_init_dcdc_s2.o
LOAD ./gecko_sdk_3.2.2/platform/service/device_init/src/sl_device_init_emu_s2.o
LOAD ./gecko_sdk_3.2.2/platform/service/device_init/src/sl_device_init_nvic.o
LOAD ./gecko_sdk_3.2.2/platform/service/sleeptimer/src/sl_sleeptimer.o
LOAD ./gecko_sdk_3.2.2/platform/service/sleeptimer/src/sl_sleeptimer_hal_burtc.o
LOAD ./gecko_sdk_3.2.2/platform/service/sleeptimer/src/sl_sleeptimer_hal_prortc.o
LOAD ./gecko_sdk_3.2.2/platform/service/sleeptimer/src/sl_sleeptimer_hal_rtcc.o
LOAD ./gecko_sdk_3.2.2/platform/service/system/src/sl_system_init.o
LOAD ./gecko_sdk_3.2.2/platform/service/system/src/sl_system_process_action.o
LOAD ./gecko_sdk_3.2.2/platform/service/udelay/src/sl_udelay.o
LOAD ./gecko_sdk_3.2.2/platform/service/udelay/src/sl_udelay_armv6m_gcc.o
LOAD c:/siliconlabs/simplicitystudio/v5/developer/toolchains/gnu_arm/10.2_2020q4/bin/../lib/gcc/arm-none-eabi/10.2.1/thumb/v8-m.main+fp/hard\libgcc.a
LOAD c:/siliconlabs/simplicitystudio/v5/developer/toolchains/gnu_arm/10.2_2020q4/bin/../lib/gcc/arm-none-eabi/10.2.1/../../../../arm-none-eabi/lib/thumb/v8-m.main+fp/hard\libc_nano.a
LOAD c:/siliconlabs/simplicitystudio/v5/developer/toolchains/gnu_arm/10.2_2020q4/bin/../lib/gcc/arm-none-eabi/10.2.1/../../../../arm-none-eabi/lib/thumb/v8-m.main+fp/hard\libm.a
LOAD c:/siliconlabs/simplicitystudio/v5/developer/toolchains/gnu_arm/10.2_2020q4/bin/../lib/gcc/arm-none-eabi/10.2.1/../../../../arm-none-eabi/lib/thumb/v8-m.main+fp/hard\libnosys.a
END GROUP
START GROUP
LOAD c:/siliconlabs/simplicitystudio/v5/developer/toolchains/gnu_arm/10.2_2020q4/bin/../lib/gcc/arm-none-eabi/10.2.1/thumb/v8-m.main+fp/hard\libgcc.a
LOAD c:/siliconlabs/simplicitystudio/v5/developer/toolchains/gnu_arm/10.2_2020q4/bin/../lib/gcc/arm-none-eabi/10.2.1/../../../../arm-none-eabi/lib/thumb/v8-m.main+fp/hard\libc_nano.a
LOAD c:/siliconlabs/simplicitystudio/v5/developer/toolchains/gnu_arm/10.2_2020q4/bin/../lib/gcc/arm-none-eabi/10.2.1/../../../../arm-none-eabi/lib/thumb/v8-m.main+fp/hard\libnosys.a
END GROUP
START GROUP
LOAD c:/siliconlabs/simplicitystudio/v5/developer/toolchains/gnu_arm/10.2_2020q4/bin/../lib/gcc/arm-none-eabi/10.2.1/thumb/v8-m.main+fp/hard\libgcc.a
LOAD c:/siliconlabs/simplicitystudio/v5/developer/toolchains/gnu_arm/10.2_2020q4/bin/../lib/gcc/arm-none-eabi/10.2.1/../../../../arm-none-eabi/lib/thumb/v8-m.main+fp/hard\libg_nano.a
LOAD c:/siliconlabs/simplicitystudio/v5/developer/toolchains/gnu_arm/10.2_2020q4/bin/../lib/gcc/arm-none-eabi/10.2.1/../../../../arm-none-eabi/lib/thumb/v8-m.main+fp/hard\libc_nano.a
END GROUP
START GROUP
LOAD c:/siliconlabs/simplicitystudio/v5/developer/toolchains/gnu_arm/10.2_2020q4/bin/../lib/gcc/arm-none-eabi/10.2.1/thumb/v8-m.main+fp/hard\libgcc.a
LOAD c:/siliconlabs/simplicitystudio/v5/developer/toolchains/gnu_arm/10.2_2020q4/bin/../lib/gcc/arm-none-eabi/10.2.1/../../../../arm-none-eabi/lib/thumb/v8-m.main+fp/hard\libc_nano.a
END GROUP
LOAD c:/siliconlabs/simplicitystudio/v5/developer/toolchains/gnu_arm/10.2_2020q4/bin/../lib/gcc/arm-none-eabi/10.2.1/thumb/v8-m.main+fp/hard/crtend.o
LOAD c:/siliconlabs/simplicitystudio/v5/developer/toolchains/gnu_arm/10.2_2020q4/bin/../lib/gcc/arm-none-eabi/10.2.1/thumb/v8-m.main+fp/hard/crtn.o

.text           0x00000000     0x3020
                0x00000000                linker_vectors_begin = .
 *(.vectors)
 .vectors       0x00000000      0x140 ./gecko_sdk_3.2.2/platform/Device/SiliconLabs/EFR32BG22/Source/GCC/startup_efr32bg22.o
                0x00000000                __Vectors
                0x00000140                linker_vectors_end = .
                0x00000140                __Vectors_End = .
                0x00000140                __Vectors_Size = (__Vectors_End - __Vectors)
                0x00000140                linker_code_begin = .
 *(.text*)
 .text          0x00000140       0x40 c:/siliconlabs/simplicitystudio/v5/developer/toolchains/gnu_arm/10.2_2020q4/bin/../lib/gcc/arm-none-eabi/10.2.1/thumb/v8-m.main+fp/hard/crtbegin.o
 .text          0x00000180       0x7c c:/siliconlabs/simplicitystudio/v5/developer/toolchains/gnu_arm/10.2_2020q4/bin/../lib/gcc/arm-none-eabi/10.2.1/../../../../arm-none-eabi/lib/thumb/v8-m.main+fp/hard/crt0.o
                0x00000180                _stack_init
                0x00000188                _start
                0x00000188                _mainCRTStartup
 .text.app_init
                0x000001fc       0xbc ./app.o
                0x000001fc                app_init
 .text.app_process_action
                0x000002b8       0x64 ./app.o
                0x000002b8                app_process_action
 .text.i2c_init
                0x0000031c       0x78 ./i2c.o
                0x0000031c                i2c_init
 .text.i2c_write_single
                0x00000394       0x46 ./i2c.o
                0x00000394                i2c_write_single
 .text.i2c_write_burst
                0x000003da       0x42 ./i2c.o
                0x000003da                i2c_write_burst
 .text.i2c_read_single
                0x0000041c       0x3e ./i2c.o
                0x0000041c                i2c_read_single
 .text.i2c_read_burst
                0x0000045a       0x42 ./i2c.o
                0x0000045a                i2c_read_burst
 .text.main     0x0000049c       0x14 ./main.o
                0x0000049c                main
 .text.si1132_send_command
                0x000004b0       0x66 ./si1132.o
                0x000004b0                si1132_send_command
 .text.si1132_send_command_BUSADDR
                0x00000516       0x66 ./si1132.o
                0x00000516                si1132_send_command_BUSADDR
 .text.si1132_write_ram
                0x0000057c       0x32 ./si1132.o
                0x0000057c                si1132_write_ram
 .text.si1132_UV_start_measurement
                0x000005ae       0x1c ./si1132.o
                0x000005ae                si1132_UV_start_measurement
 .text.si1132_UV_read_measurement
                0x000005ca       0x28 ./si1132.o
                0x000005ca                si1132_UV_read_measurement
 .text.decode   0x000005f2       0x18 ./si1132.o
                0x000005f2                decode
 .text.collect  0x0000060a       0x40 ./si1132.o
                0x0000060a                collect
 .text.shift_left
                0x0000064a       0x1a ./si1132.o
                0x0000064a                shift_left
 .text.align    0x00000664       0x3e ./si1132.o
                0x00000664                align
 .text.fx20_round
                0x000006a2       0x3e ./si1132.o
                0x000006a2                fx20_round
 .text.fx20_divide
                0x000006e0       0x60 ./si1132.o
                0x000006e0                fx20_divide
 .text.fx20_multiply
                0x00000740       0x44 ./si1132.o
                0x00000740                fx20_multiply
 .text.vispd_correction
                0x00000784       0x34 ./si1132.o
                0x00000784                vispd_correction
 .text.irpd_correction
                0x000007b8       0x34 ./si1132.o
                0x000007b8                irpd_correction
 .text.si1132_calibrate
                0x000007ec       0x94 ./si1132.o
                0x000007ec                si1132_calibrate
 .text.si1132_init
                0x00000880       0xf8 ./si1132.o
                0x00000880                si1132_init
 .text.sl_device_init_clocks
                0x00000978       0x46 ./autogen/sl_device_init_clocks.o
                0x00000978                sl_device_init_clocks
 .text.sl_emlib_gpio_simple_init
                0x000009be       0x60 ./autogen/sl_emlib_gpio_simple_init.o
                0x000009be                sl_emlib_gpio_simple_init
 *fill*         0x00000a1e        0x2 
 .text.sl_platform_init
                0x00000a20       0x50 ./autogen/sl_event_handler.o
                0x00000a20                sl_platform_init
 .text.sl_driver_init
                0x00000a70        0x8 ./autogen/sl_event_handler.o
                0x00000a70                sl_driver_init
 .text.sl_service_init
                0x00000a78        0x8 ./autogen/sl_event_handler.o
                0x00000a78                sl_service_init
 .text.sl_stack_init
                0x00000a80        0x2 ./autogen/sl_event_handler.o
                0x00000a80                sl_stack_init
 .text.sl_internal_app_init
                0x00000a82        0x2 ./autogen/sl_event_handler.o
                0x00000a82                sl_internal_app_init
 .text.sl_platform_process_action
                0x00000a84        0x2 ./autogen/sl_event_handler.o
                0x00000a84                sl_platform_process_action
 .text.sl_service_process_action
                0x00000a86        0x2 ./autogen/sl_event_handler.o
                0x00000a86                sl_service_process_action
 .text.sl_stack_process_action
                0x00000a88        0x2 ./autogen/sl_event_handler.o
                0x00000a88                sl_stack_process_action
 .text.sl_internal_app_process_action
                0x00000a8a        0x2 ./autogen/sl_event_handler.o
                0x00000a8a                sl_internal_app_process_action
 .text.Default_Handler
                0x00000a8c        0x2 ./gecko_sdk_3.2.2/platform/Device/SiliconLabs/EFR32BG22/Source/GCC/startup_efr32bg22.o
                0x00000a8c                ULFRCO_IRQHandler
                0x00000a8c                SW2_IRQHandler
                0x00000a8c                TIMER2_IRQHandler
                0x00000a8c                DebugMon_Handler
                0x00000a8c                PKE_IRQHandler
                0x00000a8c                USART0_TX_IRQHandler
                0x00000a8c                PRORTC_IRQHandler
                0x00000a8c                IADC_IRQHandler
                0x00000a8c                I2C0_IRQHandler
                0x00000a8c                LFXO_IRQHandler
                0x00000a8c                CRYPTOACC_IRQHandler
                0x00000a8c                HardFault_Handler
                0x00000a8c                SMU_SECURE_IRQHandler
                0x00000a8c                SysTick_Handler
                0x00000a8c                USART1_RX_IRQHandler
                0x00000a8c                EMUEFP_IRQHandler
                0x00000a8c                PendSV_Handler
                0x00000a8c                NMI_Handler
                0x00000a8c                SYNTH_IRQHandler
                0x00000a8c                HFXO0_IRQHandler
                0x00000a8c                I2C1_IRQHandler
                0x00000a8c                PDM_IRQHandler
                0x00000a8c                WDOG0_IRQHandler
                0x00000a8c                TIMER3_IRQHandler
                0x00000a8c                SYSCFG_IRQHandler
                0x00000a8c                EMUSE_IRQHandler
                0x00000a8c                EMUDG_IRQHandler
                0x00000a8c                USART1_TX_IRQHandler
                0x00000a8c                SMU_PRIVILEGED_IRQHandler
                0x00000a8c                MSC_IRQHandler
                0x00000a8c                DPLL0_IRQHandler
                0x00000a8c                UsageFault_Handler
                0x00000a8c                M33CTI1_IRQHandler
                0x00000a8c                TIMER4_IRQHandler
                0x00000a8c                GPIO_EVEN_IRQHandler
                0x00000a8c                LDMA_IRQHandler
                0x00000a8c                SW0_IRQHandler
                0x00000a8c                TIMER0_IRQHandler
                0x00000a8c                LETIMER0_IRQHandler
                0x00000a8c                TIMER1_IRQHandler
                0x00000a8c                HFRCO0_IRQHandler
                0x00000a8c                RFSENSE_IRQHandler
                0x00000a8c                BUFC_IRQHandler
                0x00000a8c                DCDC_IRQHandler
                0x00000a8c                MODEM_IRQHandler
                0x00000a8c                Default_Handler
                0x00000a8c                RAC_SEQ_IRQHandler
                0x00000a8c                FRC_PRI_IRQHandler
                0x00000a8c                EMU_IRQHandler
                0x00000a8c                SW3_IRQHandler
                0x00000a8c                KERNEL0_IRQHandler
                0x00000a8c                FRC_IRQHandler
                0x00000a8c                KERNEL1_IRQHandler
                0x00000a8c                AGC_IRQHandler
                0x00000a8c                sl_app_properties
                0x00000a8c                BURTC_IRQHandler
                0x00000a8c                LFRCO_IRQHandler
                0x00000a8c                USART0_RX_IRQHandler
                0x00000a8c                MemManage_Handler
                0x00000a8c                RDMAILBOX_IRQHandler
                0x00000a8c                SVC_Handler
                0x00000a8c                SW1_IRQHandler
                0x00000a8c                CMU_IRQHandler
                0x00000a8c                RAC_RSM_IRQHandler
                0x00000a8c                EUART0_TX_IRQHandler
                0x00000a8c                EUART0_RX_IRQHandler
                0x00000a8c                GPIO_ODD_IRQHandler
                0x00000a8c                AES_IRQHandler
                0x00000a8c                M33CTI0_IRQHandler
                0x00000a8c                ICACHE0_IRQHandler
                0x00000a8c                SMU_NS_PRIVILEGED_IRQHandler
                0x00000a8c                PROTIMER_IRQHandler
                0x00000a8c                BusFault_Handler
                0x00000a8c                TRNG_IRQHandler
 *fill*         0x00000a8e        0x2 
 .text.Reset_Handler
                0x00000a90       0x2c ./gecko_sdk_3.2.2/platform/Device/SiliconLabs/EFR32BG22/Source/GCC/startup_efr32bg22.o
                0x00000a90                Reset_Handler
 .text.SystemInit
                0x00000abc       0x1c ./gecko_sdk_3.2.2/platform/Device/SiliconLabs/EFR32BG22/Source/system_efr32bg22.o
                0x00000abc                SystemInit
 .text.SystemHFRCODPLLClockGet
                0x00000ad8        0xc ./gecko_sdk_3.2.2/platform/Device/SiliconLabs/EFR32BG22/Source/system_efr32bg22.o
                0x00000ad8                SystemHFRCODPLLClockGet
 .text.SystemSYSCLKGet
                0x00000ae4       0x34 ./gecko_sdk_3.2.2/platform/Device/SiliconLabs/EFR32BG22/Source/system_efr32bg22.o
                0x00000ae4                SystemSYSCLKGet
 .text.SystemHCLKGet
                0x00000b18       0x24 ./gecko_sdk_3.2.2/platform/Device/SiliconLabs/EFR32BG22/Source/system_efr32bg22.o
                0x00000b18                SystemHCLKGet
 .text.SystemMaxCoreClockGet
                0x00000b3c        0x8 ./gecko_sdk_3.2.2/platform/Device/SiliconLabs/EFR32BG22/Source/system_efr32bg22.o
                0x00000b3c                SystemMaxCoreClockGet
 .text.SystemHFXOClockGet
                0x00000b44        0xc ./gecko_sdk_3.2.2/platform/Device/SiliconLabs/EFR32BG22/Source/system_efr32bg22.o
                0x00000b44                SystemHFXOClockGet
 .text.SystemCLKIN0Get
                0x00000b50        0x4 ./gecko_sdk_3.2.2/platform/Device/SiliconLabs/EFR32BG22/Source/system_efr32bg22.o
                0x00000b50                SystemCLKIN0Get
 .text.SystemFSRCOClockGet
                0x00000b54        0x8 ./gecko_sdk_3.2.2/platform/Device/SiliconLabs/EFR32BG22/Source/system_efr32bg22.o
                0x00000b54                SystemFSRCOClockGet
 .text.SystemLFRCOClockGet
                0x00000b5c        0x6 ./gecko_sdk_3.2.2/platform/Device/SiliconLabs/EFR32BG22/Source/system_efr32bg22.o
                0x00000b5c                SystemLFRCOClockGet
 .text.SystemULFRCOClockGet
                0x00000b62        0x6 ./gecko_sdk_3.2.2/platform/Device/SiliconLabs/EFR32BG22/Source/system_efr32bg22.o
                0x00000b62                SystemULFRCOClockGet
 .text.SystemLFXOClockGet
                0x00000b68        0xc ./gecko_sdk_3.2.2/platform/Device/SiliconLabs/EFR32BG22/Source/system_efr32bg22.o
                0x00000b68                SystemLFXOClockGet
 .text.assertEFM
                0x00000b74        0x2 ./gecko_sdk_3.2.2/platform/emlib/src/em_assert.o
                0x00000b74                assertEFM
 *fill*         0x00000b76        0x2 
 .text.rhclkPrescMax
                0x00000b78       0x10 ./gecko_sdk_3.2.2/platform/emlib/src/em_cmu.o
 .text.traceClkGet
                0x00000b88       0x16 ./gecko_sdk_3.2.2/platform/emlib/src/em_cmu.o
 *fill*         0x00000b9e        0x2 
 .text.em01GrpaClkGet
                0x00000ba0       0x54 ./gecko_sdk_3.2.2/platform/emlib/src/em_cmu.o
 .text.iadcClkGet
                0x00000bf4       0x58 ./gecko_sdk_3.2.2/platform/emlib/src/em_cmu.o
 .text.em01GrpbClkGet
                0x00000c4c       0x70 ./gecko_sdk_3.2.2/platform/emlib/src/em_cmu.o
 .text.em23GrpaClkGet
                0x00000cbc       0x54 ./gecko_sdk_3.2.2/platform/emlib/src/em_cmu.o
 .text.euart0ClkGet
                0x00000d10       0x40 ./gecko_sdk_3.2.2/platform/emlib/src/em_cmu.o
 .text.sysTickClkGet
                0x00000d50       0x42 ./gecko_sdk_3.2.2/platform/emlib/src/em_cmu.o
 *fill*         0x00000d92        0x2 
 .text.wdog0ClkGet
                0x00000d94       0x60 ./gecko_sdk_3.2.2/platform/emlib/src/em_cmu.o
 .text.rtccClkGet
                0x00000df4       0x54 ./gecko_sdk_3.2.2/platform/emlib/src/em_cmu.o
 .text.em4GrpaClkGet
                0x00000e48       0x54 ./gecko_sdk_3.2.2/platform/emlib/src/em_cmu.o
 .text.CMU_ClockEnable
                0x00000e9c       0x54 ./gecko_sdk_3.2.2/platform/emlib/src/em_cmu.o
                0x00000e9c                CMU_ClockEnable
 .text.CMU_ClockDivGet
                0x00000ef0       0x94 ./gecko_sdk_3.2.2/platform/emlib/src/em_cmu.o
                0x00000ef0                CMU_ClockDivGet
 .text.CMU_ClockFreqGet
                0x00000f84      0x31c ./gecko_sdk_3.2.2/platform/emlib/src/em_cmu.o
                0x00000f84                CMU_ClockFreqGet
 .text.rhclkPrescOptimize
                0x000012a0       0x20 ./gecko_sdk_3.2.2/platform/emlib/src/em_cmu.o
 .text.flashWaitStateControl
                0x000012c0       0x54 ./gecko_sdk_3.2.2/platform/emlib/src/em_cmu.o
 .text.waitStateMax
                0x00001314        0xe ./gecko_sdk_3.2.2/platform/emlib/src/em_cmu.o
 .text.CMU_UpdateWaitStates
                0x00001322       0x16 ./gecko_sdk_3.2.2/platform/emlib/src/em_cmu.o
                0x00001322                CMU_UpdateWaitStates
 .text.CMU_ClockDivSet
                0x00001338      0x110 ./gecko_sdk_3.2.2/platform/emlib/src/em_cmu.o
                0x00001338                CMU_ClockDivSet
 .text.pclkDivMax
                0x00001448        0xe ./gecko_sdk_3.2.2/platform/emlib/src/em_cmu.o
 *fill*         0x00001456        0x2 
 .text.pclkDivOptimize
                0x00001458       0x24 ./gecko_sdk_3.2.2/platform/emlib/src/em_cmu.o
 .text.CMU_ClockSelectSet
                0x0000147c      0x470 ./gecko_sdk_3.2.2/platform/emlib/src/em_cmu.o
                0x0000147c                CMU_ClockSelectSet
 .text.CORE_EnterCritical
                0x000018ec        0x8 ./gecko_sdk_3.2.2/platform/emlib/src/em_core.o
                0x000018ec                CORE_EnterCritical
 .text.CORE_ExitCritical
                0x000018f4        0x6 ./gecko_sdk_3.2.2/platform/emlib/src/em_core.o
                0x000018f4                CORE_ExitCritical
 .text.CORE_EnterAtomic
                0x000018fa        0xc ./gecko_sdk_3.2.2/platform/emlib/src/em_core.o
                0x000018fa                CORE_EnterAtomic
 .text.CORE_ExitAtomic
                0x00001906        0x6 ./gecko_sdk_3.2.2/platform/emlib/src/em_core.o
                0x00001906                CORE_ExitAtomic
 .text.EMU_EFPEM01VScale
                0x0000190c        0x2 ./gecko_sdk_3.2.2/platform/emlib/src/em_emu.o
                0x0000190c                EMU_EFPEM01VScale
 *fill*         0x0000190e        0x2 
 .text.EMU_VScaleEM01
                0x00001910       0xc0 ./gecko_sdk_3.2.2/platform/emlib/src/em_emu.o
                0x00001910                EMU_VScaleEM01
 .text.EMU_VScaleEM01ByClock
                0x000019d0       0x38 ./gecko_sdk_3.2.2/platform/emlib/src/em_emu.o
                0x000019d0                EMU_VScaleEM01ByClock
 .text.EMU_EM4Init
                0x00001a08       0x12 ./gecko_sdk_3.2.2/platform/emlib/src/em_emu.o
                0x00001a08                EMU_EM4Init
 *fill*         0x00001a1a        0x2 
 .text.EMU_DCDCModeSet
                0x00001a1c       0x80 ./gecko_sdk_3.2.2/platform/emlib/src/em_emu.o
                0x00001a1c                EMU_DCDCModeSet
 .text.EMU_DCDCInit
                0x00001a9c       0x78 ./gecko_sdk_3.2.2/platform/emlib/src/em_emu.o
                0x00001a9c                EMU_DCDCInit
 .text.GPIO_PinModeSet
                0x00001b14      0x1e8 ./gecko_sdk_3.2.2/platform/emlib/src/em_gpio.o
                0x00001b14                GPIO_PinModeSet
 .text.flushRx  0x00001cfc       0x16 ./gecko_sdk_3.2.2/platform/emlib/src/em_i2c.o
 *fill*         0x00001d12        0x2 
 .text.I2C_BusFreqSet
                0x00001d14      0x140 ./gecko_sdk_3.2.2/platform/emlib/src/em_i2c.o
                0x00001d14                I2C_BusFreqSet
 .text.I2C_Enable
                0x00001e54       0x3c ./gecko_sdk_3.2.2/platform/emlib/src/em_i2c.o
                0x00001e54                I2C_Enable
 .text.I2C_Init
                0x00001e90       0x64 ./gecko_sdk_3.2.2/platform/emlib/src/em_i2c.o
                0x00001e90                I2C_Init
 .text.I2C_Transfer
                0x00001ef4      0x308 ./gecko_sdk_3.2.2/platform/emlib/src/em_i2c.o
                0x00001ef4                I2C_Transfer
 .text.I2C_TransferInit
                0x000021fc       0xb8 ./gecko_sdk_3.2.2/platform/emlib/src/em_i2c.o
                0x000021fc                I2C_TransferInit
 .text.RTCC_ChannelInit
                0x000022b4       0x50 ./gecko_sdk_3.2.2/platform/emlib/src/em_rtcc.o
                0x000022b4                RTCC_ChannelInit
 .text.RTCC_Enable
                0x00002304       0x88 ./gecko_sdk_3.2.2/platform/emlib/src/em_rtcc.o
                0x00002304                RTCC_Enable
 .text.RTCC_Init
                0x0000238c       0x74 ./gecko_sdk_3.2.2/platform/emlib/src/em_rtcc.o
                0x0000238c                RTCC_Init
 .text.sl_device_init_dcdc
                0x00002400       0x24 ./gecko_sdk_3.2.2/platform/service/device_init/src/sl_device_init_dcdc_s2.o
                0x00002400                sl_device_init_dcdc
 .text.sl_device_init_emu
                0x00002424       0x24 ./gecko_sdk_3.2.2/platform/service/device_init/src/sl_device_init_emu_s2.o
                0x00002424                sl_device_init_emu
 .text.sl_device_init_nvic
                0x00002448       0x38 ./gecko_sdk_3.2.2/platform/service/device_init/src/sl_device_init_nvic.o
                0x00002448                sl_device_init_nvic
 .text.delta_list_insert_timer
                0x00002480       0x4c ./gecko_sdk_3.2.2/platform/service/sleeptimer/src/sl_sleeptimer.o
 .text.delta_list_remove_timer
                0x000024cc       0x40 ./gecko_sdk_3.2.2/platform/service/sleeptimer/src/sl_sleeptimer.o
 .text.update_next_timer_to_expire_is_power_manager
                0x0000250c       0x34 ./gecko_sdk_3.2.2/platform/service/sleeptimer/src/sl_sleeptimer.o
 .text.update_first_timer_delta
                0x00002540       0x40 ./gecko_sdk_3.2.2/platform/service/sleeptimer/src/sl_sleeptimer.o
 .text.set_comparator_for_next_timer
                0x00002580       0x28 ./gecko_sdk_3.2.2/platform/service/sleeptimer/src/sl_sleeptimer.o
 .text.sl_sleeptimer_init
                0x000025a8       0x78 ./gecko_sdk_3.2.2/platform/service/sleeptimer/src/sl_sleeptimer.o
                0x000025a8                sl_sleeptimer_init
 .text.process_timer_irq
                0x00002620      0x128 ./gecko_sdk_3.2.2/platform/service/sleeptimer/src/sl_sleeptimer.o
                0x00002620                process_timer_irq
 .text.sleeptimer_hal_init_timer
                0x00002748       0x8c ./gecko_sdk_3.2.2/platform/service/sleeptimer/src/sl_sleeptimer_hal_rtcc.o
                0x00002748                sleeptimer_hal_init_timer
 .text.sleeptimer_hal_get_counter
                0x000027d4       0x14 ./gecko_sdk_3.2.2/platform/service/sleeptimer/src/sl_sleeptimer_hal_rtcc.o
                0x000027d4                sleeptimer_hal_get_counter
 .text.sleeptimer_hal_get_compare
                0x000027e8        0x8 ./gecko_sdk_3.2.2/platform/service/sleeptimer/src/sl_sleeptimer_hal_rtcc.o
                0x000027e8                sleeptimer_hal_get_compare
 .text.sleeptimer_hal_enable_int
                0x000027f0       0x22 ./gecko_sdk_3.2.2/platform/service/sleeptimer/src/sl_sleeptimer_hal_rtcc.o
                0x000027f0                sleeptimer_hal_enable_int
 *fill*         0x00002812        0x2 
 .text.sleeptimer_hal_set_compare
                0x00002814       0x60 ./gecko_sdk_3.2.2/platform/service/sleeptimer/src/sl_sleeptimer_hal_rtcc.o
                0x00002814                sleeptimer_hal_set_compare
 .text.sleeptimer_hal_disable_int
                0x00002874       0x3c ./gecko_sdk_3.2.2/platform/service/sleeptimer/src/sl_sleeptimer_hal_rtcc.o
                0x00002874                sleeptimer_hal_disable_int
 .text.RTCC_IRQHandler
                0x000028b0       0x3c ./gecko_sdk_3.2.2/platform/service/sleeptimer/src/sl_sleeptimer_hal_rtcc.o
                0x000028b0                RTCC_IRQHandler
 .text.sleeptimer_hal_get_timer_frequency
                0x000028ec        0xa ./gecko_sdk_3.2.2/platform/service/sleeptimer/src/sl_sleeptimer_hal_rtcc.o
                0x000028ec                sleeptimer_hal_get_timer_frequency
 .text.sl_system_init
                0x000028f6       0x18 ./gecko_sdk_3.2.2/platform/service/system/src/sl_system_init.o
                0x000028f6                sl_system_init
 .text.sl_system_process_action
                0x0000290e       0x14 ./gecko_sdk_3.2.2/platform/service/system/src/sl_system_process_action.o
                0x0000290e                sl_system_process_action
 *fill*         0x00002922        0x2 
 .text.sl_udelay_wait
                0x00002924       0x44 ./gecko_sdk_3.2.2/platform/service/udelay/src/sl_udelay.o
                0x00002924                sl_udelay_wait
 *fill*         0x00002968        0x8 
 .text          0x00002970        0x8 ./gecko_sdk_3.2.2/platform/service/udelay/src/sl_udelay_armv6m_gcc.o
                0x00002970                sli_delay_loop
 .text          0x00002978       0x30 c:/siliconlabs/simplicitystudio/v5/developer/toolchains/gnu_arm/10.2_2020q4/bin/../lib/gcc/arm-none-eabi/10.2.1/thumb/v8-m.main+fp/hard\libgcc.a(_aeabi_uldivmod.o)
                0x00002978                __aeabi_uldivmod
 .text          0x000029a8      0x2ec c:/siliconlabs/simplicitystudio/v5/developer/toolchains/gnu_arm/10.2_2020q4/bin/../lib/gcc/arm-none-eabi/10.2.1/thumb/v8-m.main+fp/hard\libgcc.a(_udivmoddi4.o)
                0x000029a8                __udivmoddi4
 .text          0x00002c94        0x4 c:/siliconlabs/simplicitystudio/v5/developer/toolchains/gnu_arm/10.2_2020q4/bin/../lib/gcc/arm-none-eabi/10.2.1/thumb/v8-m.main+fp/hard\libgcc.a(_dvmd_tls.o)
                0x00002c94                __aeabi_idiv0
                0x00002c94                __aeabi_ldiv0
 .text.exit     0x00002c98       0x28 c:/siliconlabs/simplicitystudio/v5/developer/toolchains/gnu_arm/10.2_2020q4/bin/../lib/gcc/arm-none-eabi/10.2.1/../../../../arm-none-eabi/lib/thumb/v8-m.main+fp/hard\libc_nano.a(lib_a-exit.o)
                0x00002c98                exit
 .text.__libc_init_array
                0x00002cc0       0x48 c:/siliconlabs/simplicitystudio/v5/developer/toolchains/gnu_arm/10.2_2020q4/bin/../lib/gcc/arm-none-eabi/10.2.1/../../../../arm-none-eabi/lib/thumb/v8-m.main+fp/hard\libc_nano.a(lib_a-init.o)
                0x00002cc0                __libc_init_array
 .text.memset   0x00002d08       0x10 c:/siliconlabs/simplicitystudio/v5/developer/toolchains/gnu_arm/10.2_2020q4/bin/../lib/gcc/arm-none-eabi/10.2.1/../../../../arm-none-eabi/lib/thumb/v8-m.main+fp/hard\libc_nano.a(lib_a-memset.o)
                0x00002d08                memset
 .text._exit    0x00002d18        0x4 c:/siliconlabs/simplicitystudio/v5/developer/toolchains/gnu_arm/10.2_2020q4/bin/../lib/gcc/arm-none-eabi/10.2.1/../../../../arm-none-eabi/lib/thumb/v8-m.main+fp/hard\libnosys.a(_exit.o)
                0x00002d18                _exit
                0x00002d1c                linker_code_end = .
 *(.init)
 .init          0x00002d1c        0x4 c:/siliconlabs/simplicitystudio/v5/developer/toolchains/gnu_arm/10.2_2020q4/bin/../lib/gcc/arm-none-eabi/10.2.1/thumb/v8-m.main+fp/hard/crti.o
                0x00002d1c                _init
 .init          0x00002d20        0x8 c:/siliconlabs/simplicitystudio/v5/developer/toolchains/gnu_arm/10.2_2020q4/bin/../lib/gcc/arm-none-eabi/10.2.1/thumb/v8-m.main+fp/hard/crtn.o
 *(.fini)
 .fini          0x00002d28        0x4 c:/siliconlabs/simplicitystudio/v5/developer/toolchains/gnu_arm/10.2_2020q4/bin/../lib/gcc/arm-none-eabi/10.2.1/thumb/v8-m.main+fp/hard/crti.o
                0x00002d28                _fini
 .fini          0x00002d2c        0x8 c:/siliconlabs/simplicitystudio/v5/developer/toolchains/gnu_arm/10.2_2020q4/bin/../lib/gcc/arm-none-eabi/10.2.1/thumb/v8-m.main+fp/hard/crtn.o
 *crtbegin.o(.ctors)
 *crtbegin?.o(.ctors)
 *(EXCLUDE_FILE(*crtend.o *crtend?.o) .ctors)
 *(SORT_BY_NAME(.ctors.*))
 *(.ctors)
 *crtbegin.o(.dtors)
 *crtbegin?.o(.dtors)
 *(EXCLUDE_FILE(*crtend.o *crtend?.o) .dtors)
 *(SORT_BY_NAME(.dtors.*))
 *(.dtors)
 *(.rodata*)
 .rodata.app_init.str1.4
                0x00002d34       0x64 ./app.o
 .rodata        0x00002d98       0x10 ./i2c.o
 .rodata.si1132_init.str1.4
                0x00002da8       0x64 ./si1132.o
 .rodata.HFRCODPLLDevinfoGet.str1.4
                0x00002da8       0x63 ./gecko_sdk_3.2.2/platform/emlib/src/em_cmu.o
 *fill*         0x00002e0b        0x1 
 .rodata.EMU_VScaleEM01.str1.4
                0x00002e0c       0x63 ./gecko_sdk_3.2.2/platform/emlib/src/em_emu.o
 *fill*         0x00002e6f        0x1 
 .rodata.GPIO_ExtIntConfig.str1.4
                0x00002e70       0xc7 ./gecko_sdk_3.2.2/platform/emlib/src/em_gpio.o
 .rodata.GPIO_PinModeSet.str1.4
                0x00002f37       0x64 ./gecko_sdk_3.2.2/platform/emlib/src/em_gpio.o
 *fill*         0x00002f37        0x1 
 .rodata.I2C_BusFreqGet.str1.4
                0x00002f38       0x63 ./gecko_sdk_3.2.2/platform/emlib/src/em_i2c.o
 *fill*         0x00002f9b        0x1 
 .rodata.i2cNSum
                0x00002f9c        0x4 ./gecko_sdk_3.2.2/platform/emlib/src/em_i2c.o
 .rodata.RTCC_ChannelInit.str1.4
                0x00002fa0       0x64 ./gecko_sdk_3.2.2/platform/emlib/src/em_rtcc.o
 .rodata        0x00003004        0x8 ./gecko_sdk_3.2.2/platform/service/device_init/src/sl_device_init_dcdc_s2.o
 .rodata        0x0000300c        0xd ./gecko_sdk_3.2.2/platform/service/sleeptimer/src/sl_sleeptimer_hal_rtcc.o
 *fill*         0x00003019        0x3 
 .rodata._global_impure_ptr
                0x0000301c        0x4 c:/siliconlabs/simplicitystudio/v5/developer/toolchains/gnu_arm/10.2_2020q4/bin/../lib/gcc/arm-none-eabi/10.2.1/../../../../arm-none-eabi/lib/thumb/v8-m.main+fp/hard\libc_nano.a(lib_a-impure.o)
                0x0000301c                _global_impure_ptr
 *(.eh_frame*)
 .eh_frame      0x00003020        0x0 c:/siliconlabs/simplicitystudio/v5/developer/toolchains/gnu_arm/10.2_2020q4/bin/../lib/gcc/arm-none-eabi/10.2.1/thumb/v8-m.main+fp/hard/crtbegin.o

.glue_7         0x00003020        0x0
 .glue_7        0x00003020        0x0 linker stubs

.glue_7t        0x00003020        0x0
 .glue_7t       0x00003020        0x0 linker stubs

.vfp11_veneer   0x00003020        0x0
 .vfp11_veneer  0x00003020        0x0 linker stubs

.v4_bx          0x00003020        0x0
 .v4_bx         0x00003020        0x0 linker stubs

.iplt           0x00003020        0x0
 .iplt          0x00003020        0x0 c:/siliconlabs/simplicitystudio/v5/developer/toolchains/gnu_arm/10.2_2020q4/bin/../lib/gcc/arm-none-eabi/10.2.1/thumb/v8-m.main+fp/hard/crtbegin.o

.ARM.extab
 *(.ARM.extab* .gnu.linkonce.armextab.*)
                0x00003020                __exidx_start = .

.ARM.exidx      0x00003020        0x8
 *(.ARM.exidx* .gnu.linkonce.armexidx.*)
 .ARM.exidx     0x00003020        0x8 c:/siliconlabs/simplicitystudio/v5/developer/toolchains/gnu_arm/10.2_2020q4/bin/../lib/gcc/arm-none-eabi/10.2.1/../../../../arm-none-eabi/lib/thumb/v8-m.main+fp/hard/crt0.o
                                 0x10 (size before relaxing)
 .ARM.exidx     0x00003028        0x0 c:/siliconlabs/simplicitystudio/v5/developer/toolchains/gnu_arm/10.2_2020q4/bin/../lib/gcc/arm-none-eabi/10.2.1/thumb/v8-m.main+fp/hard\libgcc.a(_udivmoddi4.o)
                                  0x8 (size before relaxing)
                0x00003028                __exidx_end = .
                0x00003028                __etext = .

.rel.dyn        0x00003028        0x0
 .rel.iplt      0x00003028        0x0 c:/siliconlabs/simplicitystudio/v5/developer/toolchains/gnu_arm/10.2_2020q4/bin/../lib/gcc/arm-none-eabi/10.2.1/thumb/v8-m.main+fp/hard/crtbegin.o
                0x20000000                . = ORIGIN (RAM)

.stack          0x20000000     0x1000
                0x20000000                __StackLimit = .
 *(.stack*)
 .stack         0x20000000        0x0 ./gecko_sdk_3.2.2/platform/Device/SiliconLabs/EFR32BG22/Source/GCC/startup_efr32bg22.o
 .stack         0x20000000     0x1000 ./gecko_sdk_3.2.2/platform/common/toolchain/src/sl_memory.o
                0x20001000                . = ALIGN (0x4)
                0x20001000                __StackTop = .
                0x20001000                PROVIDE (__stack = __StackTop)

.noinit
 *(.noinit*)

.data           0x20001000       0xac load address 0x00003028
                0x20001000                . = ALIGN (0x4)
                0x20001000                __data_start__ = .
 *(vtable)
 *(.data*)
 .data.sensors  0x20001000       0x10 ./app.o
                0x20001000                sensors
 .data.calref   0x20001010       0x20 ./si1132.o
                0x20001010                calref
 .data.SystemCoreClock
                0x20001030        0x4 ./gecko_sdk_3.2.2/platform/Device/SiliconLabs/EFR32BG22/Source/system_efr32bg22.o
                0x20001030                SystemCoreClock
 .data.SystemHFRCODPLLClock
                0x20001034        0x4 ./gecko_sdk_3.2.2/platform/Device/SiliconLabs/EFR32BG22/Source/system_efr32bg22.o
 .data.SystemHFXOClock
                0x20001038        0x4 ./gecko_sdk_3.2.2/platform/Device/SiliconLabs/EFR32BG22/Source/system_efr32bg22.o
 .data.SystemLFXOClock
                0x2000103c        0x4 ./gecko_sdk_3.2.2/platform/Device/SiliconLabs/EFR32BG22/Source/system_efr32bg22.o
 .data.cc_disabled
                0x20001040        0x1 ./gecko_sdk_3.2.2/platform/service/sleeptimer/src/sl_sleeptimer_hal_rtcc.o
 *fill*         0x20001041        0x3 
 .data.impure_data
                0x20001044       0x60 c:/siliconlabs/simplicitystudio/v5/developer/toolchains/gnu_arm/10.2_2020q4/bin/../lib/gcc/arm-none-eabi/10.2.1/../../../../arm-none-eabi/lib/thumb/v8-m.main+fp/hard\libc_nano.a(lib_a-impure.o)
                0x200010a4                . = ALIGN (0x4)
                [!provide]                PROVIDE (__ram_func_section_start = .)
 *(.ram)
                [!provide]                PROVIDE (__ram_func_section_end = .)
                0x200010a4                . = ALIGN (0x4)
                0x200010a4                PROVIDE (__preinit_array_start = .)
 *(.preinit_array)
                0x200010a4                PROVIDE (__preinit_array_end = .)
                0x200010a4                . = ALIGN (0x4)
                0x200010a4                PROVIDE (__init_array_start = .)
 *(SORT_BY_NAME(.init_array.*))
 *(.init_array)
 .init_array    0x200010a4        0x4 c:/siliconlabs/simplicitystudio/v5/developer/toolchains/gnu_arm/10.2_2020q4/bin/../lib/gcc/arm-none-eabi/10.2.1/thumb/v8-m.main+fp/hard/crtbegin.o
                0x200010a8                PROVIDE (__init_array_end = .)
                0x200010a8                . = ALIGN (0x4)
                [!provide]                PROVIDE (__fini_array_start = .)
 *(SORT_BY_NAME(.fini_array.*))
 *(.fini_array)
 .fini_array    0x200010a8        0x4 c:/siliconlabs/simplicitystudio/v5/developer/toolchains/gnu_arm/10.2_2020q4/bin/../lib/gcc/arm-none-eabi/10.2.1/thumb/v8-m.main+fp/hard/crtbegin.o
                [!provide]                PROVIDE (__fini_array_end = .)
                0x200010ac                . = ALIGN (0x4)
                0x200010ac                __data_end__ = .

.igot.plt       0x200010ac        0x0 load address 0x000030d4
 .igot.plt      0x200010ac        0x0 c:/siliconlabs/simplicitystudio/v5/developer/toolchains/gnu_arm/10.2_2020q4/bin/../lib/gcc/arm-none-eabi/10.2.1/thumb/v8-m.main+fp/hard/crtbegin.o

.bss            0x200010ac       0x5c load address 0x000030d4
                0x200010ac                . = ALIGN (0x4)
                0x200010ac                __bss_start__ = .
 *(.bss*)
 .bss           0x200010ac       0x1c c:/siliconlabs/simplicitystudio/v5/developer/toolchains/gnu_arm/10.2_2020q4/bin/../lib/gcc/arm-none-eabi/10.2.1/thumb/v8-m.main+fp/hard/crtbegin.o
 .bss.UV_data   0x200010c8        0x8 ./app.o
                0x200010c8                UV_data
 .bss.vScaleEM01Config
                0x200010d0        0x1 ./gecko_sdk_3.2.2/platform/emlib/src/em_emu.o
 *fill*         0x200010d1        0x3 
 .bss.i2cTransfer
                0x200010d4       0x18 ./gecko_sdk_3.2.2/platform/emlib/src/em_i2c.o
 .bss.is_sleeptimer_initialized
                0x200010ec        0x1 ./gecko_sdk_3.2.2/platform/service/sleeptimer/src/sl_sleeptimer.o
 *fill*         0x200010ed        0x3 
 .bss.last_delta_update_count
                0x200010f0        0x4 ./gecko_sdk_3.2.2/platform/service/sleeptimer/src/sl_sleeptimer.o
 .bss.max_millisecond_conversion
                0x200010f4        0x4 ./gecko_sdk_3.2.2/platform/service/sleeptimer/src/sl_sleeptimer.o
 .bss.next_timer_to_expire_is_power_manager
                0x200010f8        0x1 ./gecko_sdk_3.2.2/platform/service/sleeptimer/src/sl_sleeptimer.o
 *fill*         0x200010f9        0x1 
 .bss.overflow_counter
                0x200010fa        0x2 ./gecko_sdk_3.2.2/platform/service/sleeptimer/src/sl_sleeptimer.o
 .bss.sleep_on_isr_exit
                0x200010fc        0x1 ./gecko_sdk_3.2.2/platform/service/sleeptimer/src/sl_sleeptimer.o
 *fill*         0x200010fd        0x3 
 .bss.timer_frequency
                0x20001100        0x4 ./gecko_sdk_3.2.2/platform/service/sleeptimer/src/sl_sleeptimer.o
 .bss.timer_head
                0x20001104        0x4 ./gecko_sdk_3.2.2/platform/service/sleeptimer/src/sl_sleeptimer.o
 *(COMMON)
                0x20001108                . = ALIGN (0x4)
                0x20001108                __bss_end__ = .

.heap           0x20001108     0x6ef8
                0x20001108                __HeapBase = .
                0x20001108                __end__ = .
                0x20001108                end = __end__
                0x20001108                _end = __end__
 *(.heap*)
 .heap          0x20001108      0x800 ./gecko_sdk_3.2.2/platform/common/toolchain/src/sl_memory.o
                0x20008000                . = (ORIGIN (RAM) + LENGTH (RAM))
 *fill*         0x20001908     0x66f8 
                0x20008000                __HeapLimit = .
                0x00006ef8                __heap_size = (__HeapLimit - __HeapBase)
                0x0007e000                __main_flash_end__ = 0x7e000

.internal_storage
                0x00003028        0x0
 *(.internal_storage*)

.nvm            0x00003028        0x0
 *(.simee*)
                0x0007e000                linker_nvm_end = __main_flash_end__
                0x0007e000                linker_nvm_begin = (linker_nvm_end - SIZEOF (.nvm))
                0x00000000                linker_nvm_size = SIZEOF (.nvm)
                0x0007e000                linker_storage_end = linker_nvm_begin
                0x0007e000                linker_storage_begin = (linker_storage_end - SIZEOF (.internal_storage))
                0x00000000                linker_storage_size = SIZEOF (.internal_storage)
                0x0007e000                __nvm3Base = linker_nvm_begin
OUTPUT(UV.axf elf32-littlearm)
LOAD linker stubs

.ARM.attributes
                0x00000000       0x36
 .ARM.attributes
                0x00000000       0x22 c:/siliconlabs/simplicitystudio/v5/developer/toolchains/gnu_arm/10.2_2020q4/bin/../lib/gcc/arm-none-eabi/10.2.1/thumb/v8-m.main+fp/hard/crti.o
 .ARM.attributes
                0x00000022       0x38 c:/siliconlabs/simplicitystudio/v5/developer/toolchains/gnu_arm/10.2_2020q4/bin/../lib/gcc/arm-none-eabi/10.2.1/thumb/v8-m.main+fp/hard/crtbegin.o
 .ARM.attributes
                0x0000005a       0x20 c:/siliconlabs/simplicitystudio/v5/developer/toolchains/gnu_arm/10.2_2020q4/bin/../lib/gcc/arm-none-eabi/10.2.1/../../../../arm-none-eabi/lib/thumb/v8-m.main+fp/hard/crt0.o
 .ARM.attributes
                0x0000007a       0x3a ./app.o
 .ARM.attributes
                0x000000b4       0x3a ./i2c.o
 .ARM.attributes
                0x000000ee       0x3a ./main.o
 .ARM.attributes
                0x00000128       0x3a ./si1132.o
 .ARM.attributes
                0x00000162       0x3a ./autogen/sl_device_init_clocks.o
 .ARM.attributes
                0x0000019c       0x3a ./autogen/sl_emlib_gpio_simple_init.o
 .ARM.attributes
                0x000001d6       0x3a ./autogen/sl_event_handler.o
 .ARM.attributes
                0x00000210       0x3a ./gecko_sdk_3.2.2/platform/Device/SiliconLabs/EFR32BG22/Source/GCC/startup_efr32bg22.o
 .ARM.attributes
                0x0000024a       0x3a ./gecko_sdk_3.2.2/platform/Device/SiliconLabs/EFR32BG22/Source/system_efr32bg22.o
 .ARM.attributes
                0x00000284       0x3a ./gecko_sdk_3.2.2/platform/common/toolchain/src/sl_memory.o
 .ARM.attributes
                0x000002be       0x3a ./gecko_sdk_3.2.2/platform/emlib/src/em_assert.o
 .ARM.attributes
                0x000002f8       0x3a ./gecko_sdk_3.2.2/platform/emlib/src/em_cmu.o
 .ARM.attributes
                0x00000332       0x3a ./gecko_sdk_3.2.2/platform/emlib/src/em_core.o
 .ARM.attributes
                0x0000036c       0x3a ./gecko_sdk_3.2.2/platform/emlib/src/em_emu.o
 .ARM.attributes
                0x000003a6       0x3a ./gecko_sdk_3.2.2/platform/emlib/src/em_gpio.o
 .ARM.attributes
                0x000003e0       0x3a ./gecko_sdk_3.2.2/platform/emlib/src/em_i2c.o
 .ARM.attributes
                0x0000041a       0x3a ./gecko_sdk_3.2.2/platform/emlib/src/em_rtcc.o
 .ARM.attributes
                0x00000454       0x3a ./gecko_sdk_3.2.2/platform/service/device_init/src/sl_device_init_dcdc_s2.o
 .ARM.attributes
                0x0000048e       0x3a ./gecko_sdk_3.2.2/platform/service/device_init/src/sl_device_init_emu_s2.o
 .ARM.attributes
                0x000004c8       0x3a ./gecko_sdk_3.2.2/platform/service/device_init/src/sl_device_init_nvic.o
 .ARM.attributes
                0x00000502       0x3a ./gecko_sdk_3.2.2/platform/service/sleeptimer/src/sl_sleeptimer.o
 .ARM.attributes
                0x0000053c       0x3a ./gecko_sdk_3.2.2/platform/service/sleeptimer/src/sl_sleeptimer_hal_rtcc.o
 .ARM.attributes
                0x00000576       0x3a ./gecko_sdk_3.2.2/platform/service/system/src/sl_system_init.o
 .ARM.attributes
                0x000005b0       0x3a ./gecko_sdk_3.2.2/platform/service/system/src/sl_system_process_action.o
 .ARM.attributes
                0x000005ea       0x3a ./gecko_sdk_3.2.2/platform/service/udelay/src/sl_udelay.o
 .ARM.attributes
                0x00000624       0x26 ./gecko_sdk_3.2.2/platform/service/udelay/src/sl_udelay_armv6m_gcc.o
 .ARM.attributes
                0x0000064a       0x22 c:/siliconlabs/simplicitystudio/v5/developer/toolchains/gnu_arm/10.2_2020q4/bin/../lib/gcc/arm-none-eabi/10.2.1/thumb/v8-m.main+fp/hard\libgcc.a(_aeabi_uldivmod.o)
 .ARM.attributes
                0x0000066c       0x38 c:/siliconlabs/simplicitystudio/v5/developer/toolchains/gnu_arm/10.2_2020q4/bin/../lib/gcc/arm-none-eabi/10.2.1/thumb/v8-m.main+fp/hard\libgcc.a(_udivmoddi4.o)
 .ARM.attributes
                0x000006a4       0x22 c:/siliconlabs/simplicitystudio/v5/developer/toolchains/gnu_arm/10.2_2020q4/bin/../lib/gcc/arm-none-eabi/10.2.1/thumb/v8-m.main+fp/hard\libgcc.a(_dvmd_tls.o)
 .ARM.attributes
                0x000006c6       0x38 c:/siliconlabs/simplicitystudio/v5/developer/toolchains/gnu_arm/10.2_2020q4/bin/../lib/gcc/arm-none-eabi/10.2.1/../../../../arm-none-eabi/lib/thumb/v8-m.main+fp/hard\libc_nano.a(lib_a-exit.o)
 .ARM.attributes
                0x000006fe       0x36 c:/siliconlabs/simplicitystudio/v5/developer/toolchains/gnu_arm/10.2_2020q4/bin/../lib/gcc/arm-none-eabi/10.2.1/../../../../arm-none-eabi/lib/thumb/v8-m.main+fp/hard\libc_nano.a(lib_a-impure.o)
 .ARM.attributes
                0x00000734       0x38 c:/siliconlabs/simplicitystudio/v5/developer/toolchains/gnu_arm/10.2_2020q4/bin/../lib/gcc/arm-none-eabi/10.2.1/../../../../arm-none-eabi/lib/thumb/v8-m.main+fp/hard\libc_nano.a(lib_a-init.o)
 .ARM.attributes
                0x0000076c       0x38 c:/siliconlabs/simplicitystudio/v5/developer/toolchains/gnu_arm/10.2_2020q4/bin/../lib/gcc/arm-none-eabi/10.2.1/../../../../arm-none-eabi/lib/thumb/v8-m.main+fp/hard\libc_nano.a(lib_a-memset.o)
 .ARM.attributes
                0x000007a4       0x38 c:/siliconlabs/simplicitystudio/v5/developer/toolchains/gnu_arm/10.2_2020q4/bin/../lib/gcc/arm-none-eabi/10.2.1/../../../../arm-none-eabi/lib/thumb/v8-m.main+fp/hard\libnosys.a(_exit.o)
 .ARM.attributes
                0x000007dc       0x22 c:/siliconlabs/simplicitystudio/v5/developer/toolchains/gnu_arm/10.2_2020q4/bin/../lib/gcc/arm-none-eabi/10.2.1/thumb/v8-m.main+fp/hard/crtn.o

.comment        0x00000000       0x4d
 .comment       0x00000000       0x4d ./app.o
                                 0x4e (size before relaxing)
 .comment       0x0000004d       0x4e ./i2c.o
 .comment       0x0000004d       0x4e ./main.o
 .comment       0x0000004d       0x4e ./si1132.o
 .comment       0x0000004d       0x4e ./autogen/sl_device_init_clocks.o
 .comment       0x0000004d       0x4e ./autogen/sl_emlib_gpio_simple_init.o
 .comment       0x0000004d       0x4e ./autogen/sl_event_handler.o
 .comment       0x0000004d       0x4e ./gecko_sdk_3.2.2/platform/Device/SiliconLabs/EFR32BG22/Source/GCC/startup_efr32bg22.o
 .comment       0x0000004d       0x4e ./gecko_sdk_3.2.2/platform/Device/SiliconLabs/EFR32BG22/Source/system_efr32bg22.o
 .comment       0x0000004d       0x4e ./gecko_sdk_3.2.2/platform/common/toolchain/src/sl_memory.o
 .comment       0x0000004d       0x4e ./gecko_sdk_3.2.2/platform/emlib/src/em_assert.o
 .comment       0x0000004d       0x4e ./gecko_sdk_3.2.2/platform/emlib/src/em_cmu.o
 .comment       0x0000004d       0x4e ./gecko_sdk_3.2.2/platform/emlib/src/em_core.o
 .comment       0x0000004d       0x4e ./gecko_sdk_3.2.2/platform/emlib/src/em_emu.o
 .comment       0x0000004d       0x4e ./gecko_sdk_3.2.2/platform/emlib/src/em_gpio.o
 .comment       0x0000004d       0x4e ./gecko_sdk_3.2.2/platform/emlib/src/em_i2c.o
 .comment       0x0000004d       0x4e ./gecko_sdk_3.2.2/platform/emlib/src/em_rtcc.o
 .comment       0x0000004d       0x4e ./gecko_sdk_3.2.2/platform/service/device_init/src/sl_device_init_dcdc_s2.o
 .comment       0x0000004d       0x4e ./gecko_sdk_3.2.2/platform/service/device_init/src/sl_device_init_emu_s2.o
 .comment       0x0000004d       0x4e ./gecko_sdk_3.2.2/platform/service/device_init/src/sl_device_init_nvic.o
 .comment       0x0000004d       0x4e ./gecko_sdk_3.2.2/platform/service/sleeptimer/src/sl_sleeptimer.o
 .comment       0x0000004d       0x4e ./gecko_sdk_3.2.2/platform/service/sleeptimer/src/sl_sleeptimer_hal_rtcc.o
 .comment       0x0000004d       0x4e ./gecko_sdk_3.2.2/platform/service/system/src/sl_system_init.o
 .comment       0x0000004d       0x4e ./gecko_sdk_3.2.2/platform/service/system/src/sl_system_process_action.o
 .comment       0x0000004d       0x4e ./gecko_sdk_3.2.2/platform/service/udelay/src/sl_udelay.o

.debug_info     0x00000000    0x1e5c0
 .debug_info    0x00000000     0x1975 ./app.o
 .debug_info    0x00001975     0x1db3 ./i2c.o
 .debug_info    0x00003728       0xf7 ./main.o
 .debug_info    0x0000381f     0x262f ./si1132.o
 .debug_info    0x00005e4e      0x387 ./autogen/sl_device_init_clocks.o
 .debug_info    0x000061d5      0x3c5 ./autogen/sl_emlib_gpio_simple_init.o
 .debug_info    0x0000659a     0x1251 ./autogen/sl_event_handler.o
 .debug_info    0x000077eb      0x21f ./gecko_sdk_3.2.2/platform/Device/SiliconLabs/EFR32BG22/Source/GCC/startup_efr32bg22.o
 .debug_info    0x00007a0a     0x135e ./gecko_sdk_3.2.2/platform/Device/SiliconLabs/EFR32BG22/Source/system_efr32bg22.o
 .debug_info    0x00008d68      0x1ff ./gecko_sdk_3.2.2/platform/common/toolchain/src/sl_memory.o
 .debug_info    0x00008f67       0x8a ./gecko_sdk_3.2.2/platform/emlib/src/em_assert.o
 .debug_info    0x00008ff1     0x7473 ./gecko_sdk_3.2.2/platform/emlib/src/em_cmu.o
 .debug_info    0x00010464     0x13dd ./gecko_sdk_3.2.2/platform/emlib/src/em_core.o
 .debug_info    0x00011841     0x3967 ./gecko_sdk_3.2.2/platform/emlib/src/em_emu.o
 .debug_info    0x000151a8     0x2242 ./gecko_sdk_3.2.2/platform/emlib/src/em_gpio.o
 .debug_info    0x000173ea     0x1387 ./gecko_sdk_3.2.2/platform/emlib/src/em_i2c.o
 .debug_info    0x00018771     0x1f41 ./gecko_sdk_3.2.2/platform/emlib/src/em_rtcc.o
 .debug_info    0x0001a6b2      0x2ad ./gecko_sdk_3.2.2/platform/service/device_init/src/sl_device_init_dcdc_s2.o
 .debug_info    0x0001a95f      0x9ab ./gecko_sdk_3.2.2/platform/service/device_init/src/sl_device_init_emu_s2.o
 .debug_info    0x0001b30a      0x895 ./gecko_sdk_3.2.2/platform/service/device_init/src/sl_device_init_nvic.o
 .debug_info    0x0001bb9f     0x13df ./gecko_sdk_3.2.2/platform/service/sleeptimer/src/sl_sleeptimer.o
 .debug_info    0x0001cf7e     0x1358 ./gecko_sdk_3.2.2/platform/service/sleeptimer/src/sl_sleeptimer_hal_rtcc.o
 .debug_info    0x0001e2d6       0xbd ./gecko_sdk_3.2.2/platform/service/system/src/sl_system_init.o
 .debug_info    0x0001e393       0xa6 ./gecko_sdk_3.2.2/platform/service/system/src/sl_system_process_action.o
 .debug_info    0x0001e439      0x161 ./gecko_sdk_3.2.2/platform/service/udelay/src/sl_udelay.o
 .debug_info    0x0001e59a       0x26 ./gecko_sdk_3.2.2/platform/service/udelay/src/sl_udelay_armv6m_gcc.o

.debug_abbrev   0x00000000     0x2ff8
 .debug_abbrev  0x00000000      0x20c ./app.o
 .debug_abbrev  0x0000020c      0x201 ./i2c.o
 .debug_abbrev  0x0000040d       0x6c ./main.o
 .debug_abbrev  0x00000479      0x33e ./si1132.o
 .debug_abbrev  0x000007b7       0xdb ./autogen/sl_device_init_clocks.o
 .debug_abbrev  0x00000892       0xbb ./autogen/sl_emlib_gpio_simple_init.o
 .debug_abbrev  0x0000094d      0x179 ./autogen/sl_event_handler.o
 .debug_abbrev  0x00000ac6      0x148 ./gecko_sdk_3.2.2/platform/Device/SiliconLabs/EFR32BG22/Source/GCC/startup_efr32bg22.o
 .debug_abbrev  0x00000c0e      0x245 ./gecko_sdk_3.2.2/platform/Device/SiliconLabs/EFR32BG22/Source/system_efr32bg22.o
 .debug_abbrev  0x00000e53      0x121 ./gecko_sdk_3.2.2/platform/common/toolchain/src/sl_memory.o
 .debug_abbrev  0x00000f74       0x6f ./gecko_sdk_3.2.2/platform/emlib/src/em_assert.o
 .debug_abbrev  0x00000fe3      0x463 ./gecko_sdk_3.2.2/platform/emlib/src/em_cmu.o
 .debug_abbrev  0x00001446      0x301 ./gecko_sdk_3.2.2/platform/emlib/src/em_core.o
 .debug_abbrev  0x00001747      0x3d8 ./gecko_sdk_3.2.2/platform/emlib/src/em_emu.o
 .debug_abbrev  0x00001b1f      0x325 ./gecko_sdk_3.2.2/platform/emlib/src/em_gpio.o
 .debug_abbrev  0x00001e44      0x388 ./gecko_sdk_3.2.2/platform/emlib/src/em_i2c.o
 .debug_abbrev  0x000021cc      0x28a ./gecko_sdk_3.2.2/platform/emlib/src/em_rtcc.o
 .debug_abbrev  0x00002456       0xe3 ./gecko_sdk_3.2.2/platform/service/device_init/src/sl_device_init_dcdc_s2.o
 .debug_abbrev  0x00002539      0x13d ./gecko_sdk_3.2.2/platform/service/device_init/src/sl_device_init_emu_s2.o
 .debug_abbrev  0x00002676      0x149 ./gecko_sdk_3.2.2/platform/service/device_init/src/sl_device_init_nvic.o
 .debug_abbrev  0x000027bf      0x32b ./gecko_sdk_3.2.2/platform/service/sleeptimer/src/sl_sleeptimer.o
 .debug_abbrev  0x00002aea      0x386 ./gecko_sdk_3.2.2/platform/service/sleeptimer/src/sl_sleeptimer_hal_rtcc.o
 .debug_abbrev  0x00002e70       0x54 ./gecko_sdk_3.2.2/platform/service/system/src/sl_system_init.o
 .debug_abbrev  0x00002ec4       0x54 ./gecko_sdk_3.2.2/platform/service/system/src/sl_system_process_action.o
 .debug_abbrev  0x00002f18       0xcc ./gecko_sdk_3.2.2/platform/service/udelay/src/sl_udelay.o
 .debug_abbrev  0x00002fe4       0x14 ./gecko_sdk_3.2.2/platform/service/udelay/src/sl_udelay_armv6m_gcc.o

.debug_loc      0x00000000     0x9440
 .debug_loc     0x00000000      0x13c ./app.o
 .debug_loc     0x0000013c      0x45c ./i2c.o
 .debug_loc     0x00000598       0x20 ./main.o
 .debug_loc     0x000005b8      0xddf ./si1132.o
 .debug_loc     0x00001397       0x20 ./autogen/sl_device_init_clocks.o
 .debug_loc     0x000013b7       0x20 ./autogen/sl_emlib_gpio_simple_init.o
 .debug_loc     0x000013d7       0x7d ./autogen/sl_event_handler.o
 .debug_loc     0x00001454       0x82 ./gecko_sdk_3.2.2/platform/Device/SiliconLabs/EFR32BG22/Source/GCC/startup_efr32bg22.o
 .debug_loc     0x000014d6      0x139 ./gecko_sdk_3.2.2/platform/Device/SiliconLabs/EFR32BG22/Source/system_efr32bg22.o
 .debug_loc     0x0000160f       0x47 ./gecko_sdk_3.2.2/platform/common/toolchain/src/sl_memory.o
 .debug_loc     0x00001656       0x2a ./gecko_sdk_3.2.2/platform/emlib/src/em_assert.o
 .debug_loc     0x00001680     0x35b0 ./gecko_sdk_3.2.2/platform/emlib/src/em_cmu.o
 .debug_loc     0x00004c30      0xa11 ./gecko_sdk_3.2.2/platform/emlib/src/em_core.o
 .debug_loc     0x00005641      0x82a ./gecko_sdk_3.2.2/platform/emlib/src/em_emu.o
 .debug_loc     0x00005e6b      0xa94 ./gecko_sdk_3.2.2/platform/emlib/src/em_gpio.o
 .debug_loc     0x000068ff      0xcf7 ./gecko_sdk_3.2.2/platform/emlib/src/em_i2c.o
 .debug_loc     0x000075f6       0xd3 ./gecko_sdk_3.2.2/platform/emlib/src/em_rtcc.o
 .debug_loc     0x000076c9       0x38 ./gecko_sdk_3.2.2/platform/service/device_init/src/sl_device_init_dcdc_s2.o
 .debug_loc     0x00007701       0x38 ./gecko_sdk_3.2.2/platform/service/device_init/src/sl_device_init_emu_s2.o
 .debug_loc     0x00007739       0x77 ./gecko_sdk_3.2.2/platform/service/device_init/src/sl_device_init_nvic.o
 .debug_loc     0x000077b0     0x16fd ./gecko_sdk_3.2.2/platform/service/sleeptimer/src/sl_sleeptimer.o
 .debug_loc     0x00008ead      0x461 ./gecko_sdk_3.2.2/platform/service/sleeptimer/src/sl_sleeptimer_hal_rtcc.o
 .debug_loc     0x0000930e       0x20 ./gecko_sdk_3.2.2/platform/service/system/src/sl_system_init.o
 .debug_loc     0x0000932e       0x20 ./gecko_sdk_3.2.2/platform/service/system/src/sl_system_process_action.o
 .debug_loc     0x0000934e       0xf2 ./gecko_sdk_3.2.2/platform/service/udelay/src/sl_udelay.o

.debug_aranges  0x00000000      0x940
 .debug_aranges
                0x00000000       0x28 ./app.o
 .debug_aranges
                0x00000028       0x40 ./i2c.o
 .debug_aranges
                0x00000068       0x20 ./main.o
 .debug_aranges
                0x00000088       0xa0 ./si1132.o
 .debug_aranges
                0x00000128       0x20 ./autogen/sl_device_init_clocks.o
 .debug_aranges
                0x00000148       0x20 ./autogen/sl_emlib_gpio_simple_init.o
 .debug_aranges
                0x00000168       0x60 ./autogen/sl_event_handler.o
 .debug_aranges
                0x000001c8       0x28 ./gecko_sdk_3.2.2/platform/Device/SiliconLabs/EFR32BG22/Source/GCC/startup_efr32bg22.o
 .debug_aranges
                0x000001f0       0x88 ./gecko_sdk_3.2.2/platform/Device/SiliconLabs/EFR32BG22/Source/system_efr32bg22.o
 .debug_aranges
                0x00000278       0x30 ./gecko_sdk_3.2.2/platform/common/toolchain/src/sl_memory.o
 .debug_aranges
                0x000002a8       0x20 ./gecko_sdk_3.2.2/platform/emlib/src/em_assert.o
 .debug_aranges
                0x000002c8      0x168 ./gecko_sdk_3.2.2/platform/emlib/src/em_cmu.o
 .debug_aranges
                0x00000430       0xe0 ./gecko_sdk_3.2.2/platform/emlib/src/em_core.o
 .debug_aranges
                0x00000510      0x120 ./gecko_sdk_3.2.2/platform/emlib/src/em_emu.o
 .debug_aranges
                0x00000630       0x40 ./gecko_sdk_3.2.2/platform/emlib/src/em_gpio.o
 .debug_aranges
                0x00000670       0x58 ./gecko_sdk_3.2.2/platform/emlib/src/em_i2c.o
 .debug_aranges
                0x000006c8       0x40 ./gecko_sdk_3.2.2/platform/emlib/src/em_rtcc.o
 .debug_aranges
                0x00000708       0x20 ./gecko_sdk_3.2.2/platform/service/device_init/src/sl_device_init_dcdc_s2.o
 .debug_aranges
                0x00000728       0x20 ./gecko_sdk_3.2.2/platform/service/device_init/src/sl_device_init_emu_s2.o
 .debug_aranges
                0x00000748       0x20 ./gecko_sdk_3.2.2/platform/service/device_init/src/sl_device_init_nvic.o
 .debug_aranges
                0x00000768       0xf8 ./gecko_sdk_3.2.2/platform/service/sleeptimer/src/sl_sleeptimer.o
 .debug_aranges
                0x00000860       0x60 ./gecko_sdk_3.2.2/platform/service/sleeptimer/src/sl_sleeptimer_hal_rtcc.o
 .debug_aranges
                0x000008c0       0x20 ./gecko_sdk_3.2.2/platform/service/system/src/sl_system_init.o
 .debug_aranges
                0x000008e0       0x20 ./gecko_sdk_3.2.2/platform/service/system/src/sl_system_process_action.o
 .debug_aranges
                0x00000900       0x20 ./gecko_sdk_3.2.2/platform/service/udelay/src/sl_udelay.o
 .debug_aranges
                0x00000920       0x20 ./gecko_sdk_3.2.2/platform/service/udelay/src/sl_udelay_armv6m_gcc.o

.debug_ranges   0x00000000      0xa58
 .debug_ranges  0x00000000       0x30 ./app.o
 .debug_ranges  0x00000030       0x30 ./i2c.o
 .debug_ranges  0x00000060       0x10 ./main.o
 .debug_ranges  0x00000070       0xa8 ./si1132.o
 .debug_ranges  0x00000118       0x10 ./autogen/sl_device_init_clocks.o
 .debug_ranges  0x00000128       0x10 ./autogen/sl_emlib_gpio_simple_init.o
 .debug_ranges  0x00000138       0x68 ./autogen/sl_event_handler.o
 .debug_ranges  0x000001a0       0x18 ./gecko_sdk_3.2.2/platform/Device/SiliconLabs/EFR32BG22/Source/GCC/startup_efr32bg22.o
 .debug_ranges  0x000001b8       0x78 ./gecko_sdk_3.2.2/platform/Device/SiliconLabs/EFR32BG22/Source/system_efr32bg22.o
 .debug_ranges  0x00000230       0x20 ./gecko_sdk_3.2.2/platform/common/toolchain/src/sl_memory.o
 .debug_ranges  0x00000250       0x10 ./gecko_sdk_3.2.2/platform/emlib/src/em_assert.o
 .debug_ranges  0x00000260      0x200 ./gecko_sdk_3.2.2/platform/emlib/src/em_cmu.o
 .debug_ranges  0x00000460      0x100 ./gecko_sdk_3.2.2/platform/emlib/src/em_core.o
 .debug_ranges  0x00000560      0x128 ./gecko_sdk_3.2.2/platform/emlib/src/em_emu.o
 .debug_ranges  0x00000688       0xd0 ./gecko_sdk_3.2.2/platform/emlib/src/em_gpio.o
 .debug_ranges  0x00000758       0x78 ./gecko_sdk_3.2.2/platform/emlib/src/em_i2c.o
 .debug_ranges  0x000007d0       0x30 ./gecko_sdk_3.2.2/platform/emlib/src/em_rtcc.o
 .debug_ranges  0x00000800       0x10 ./gecko_sdk_3.2.2/platform/service/device_init/src/sl_device_init_dcdc_s2.o
 .debug_ranges  0x00000810       0x10 ./gecko_sdk_3.2.2/platform/service/device_init/src/sl_device_init_emu_s2.o
 .debug_ranges  0x00000820       0x28 ./gecko_sdk_3.2.2/platform/service/device_init/src/sl_device_init_nvic.o
 .debug_ranges  0x00000848      0x160 ./gecko_sdk_3.2.2/platform/service/sleeptimer/src/sl_sleeptimer.o
 .debug_ranges  0x000009a8       0x80 ./gecko_sdk_3.2.2/platform/service/sleeptimer/src/sl_sleeptimer_hal_rtcc.o
 .debug_ranges  0x00000a28       0x10 ./gecko_sdk_3.2.2/platform/service/system/src/sl_system_init.o
 .debug_ranges  0x00000a38       0x10 ./gecko_sdk_3.2.2/platform/service/system/src/sl_system_process_action.o
 .debug_ranges  0x00000a48       0x10 ./gecko_sdk_3.2.2/platform/service/udelay/src/sl_udelay.o

.debug_macro    0x00000000    0x3d0bc
 .debug_macro   0x00000000      0x33c ./app.o
 .debug_macro   0x0000033c      0xa78 ./app.o
 .debug_macro   0x00000db4       0x10 ./app.o
 .debug_macro   0x00000dc4      0x7a4 ./app.o
 .debug_macro   0x00001568       0x22 ./app.o
 .debug_macro   0x0000158a       0x56 ./app.o
 .debug_macro   0x000015e0       0x51 ./app.o
 .debug_macro   0x00001631      0x103 ./app.o
 .debug_macro   0x00001734       0x6a ./app.o
 .debug_macro   0x0000179e      0x1df ./app.o
 .debug_macro   0x0000197d       0x1c ./app.o
 .debug_macro   0x00001999       0x29 ./app.o
 .debug_macro   0x000019c2       0xd9 ./app.o
 .debug_macro   0x00001a9b     0x1401 ./app.o
 .debug_macro   0x00002e9c       0x5e ./app.o
 .debug_macro   0x00002efa      0xe4f ./app.o
 .debug_macro   0x00003d49     0x12bd ./app.o
 .debug_macro   0x00005006      0x87c ./app.o
 .debug_macro   0x00005882      0x300 ./app.o
 .debug_macro   0x00005b82       0x34 ./app.o
 .debug_macro   0x00005bb6      0x304 ./app.o
 .debug_macro   0x00005eba      0x456 ./app.o
 .debug_macro   0x00006310      0x4a1 ./app.o
 .debug_macro   0x000067b1      0x156 ./app.o
 .debug_macro   0x00006907      0x764 ./app.o
 .debug_macro   0x0000706b      0x363 ./app.o
 .debug_macro   0x000073ce     0x14f4 ./app.o
 .debug_macro   0x000088c2       0x10 ./app.o
 .debug_macro   0x000088d2      0x997 ./app.o
 .debug_macro   0x00009269     0x2b9a ./app.o
 .debug_macro   0x0000be03      0xcb2 ./app.o
 .debug_macro   0x0000cab5       0x4c ./app.o
 .debug_macro   0x0000cb01     0x15b8 ./app.o
 .debug_macro   0x0000e0b9     0x210a ./app.o
 .debug_macro   0x000101c3      0x53c ./app.o
 .debug_macro   0x000106ff      0xfe5 ./app.o
 .debug_macro   0x000116e4      0x955 ./app.o
 .debug_macro   0x00012039       0x34 ./app.o
 .debug_macro   0x0001206d      0x308 ./app.o
 .debug_macro   0x00012375      0x6a7 ./app.o
 .debug_macro   0x00012a1c      0x618 ./app.o
 .debug_macro   0x00013034      0x9b0 ./app.o
 .debug_macro   0x000139e4      0x91e ./app.o
 .debug_macro   0x00014302     0x1b1b ./app.o
 .debug_macro   0x00015e1d      0x76b ./app.o
 .debug_macro   0x00016588      0x8f3 ./app.o
 .debug_macro   0x00016e7b     0x14b5 ./app.o
 .debug_macro   0x00018330      0x688 ./app.o
 .debug_macro   0x000189b8      0x464 ./app.o
 .debug_macro   0x00018e1c     0x141b ./app.o
 .debug_macro   0x0001a237     0x15c0 ./app.o
 .debug_macro   0x0001b7f7     0x3753 ./app.o
 .debug_macro   0x0001ef4a     0x17a9 ./app.o
 .debug_macro   0x000206f3      0x319 ./app.o
 .debug_macro   0x00020a0c     0x53ed ./app.o
 .debug_macro   0x00025df9     0x175c ./app.o
 .debug_macro   0x00027555     0x29ed ./app.o
 .debug_macro   0x00029f42     0x789f ./app.o
 .debug_macro   0x000317e1      0x143 ./app.o
 .debug_macro   0x00031924      0xfae ./app.o
 .debug_macro   0x000328d2     0x1384 ./app.o
 .debug_macro   0x00033c56     0x1553 ./app.o
 .debug_macro   0x000351a9      0x37d ./app.o
 .debug_macro   0x00035526     0x106c ./app.o
 .debug_macro   0x00036592       0x22 ./app.o
 .debug_macro   0x000365b4       0x10 ./app.o
 .debug_macro   0x000365c4       0x77 ./app.o
 .debug_macro   0x0003663b       0x1c ./app.o
 .debug_macro   0x00036657       0x10 ./app.o
 .debug_macro   0x00036667       0xf6 ./app.o
 .debug_macro   0x0003675d       0xd6 ./app.o
 .debug_macro   0x00036833       0x45 ./app.o
 .debug_macro   0x00036878      0x1fc ./app.o
 .debug_macro   0x00036a74      0x335 ./i2c.o
 .debug_macro   0x00036da9      0x307 ./i2c.o
 .debug_macro   0x000370b0      0x11b ./i2c.o
 .debug_macro   0x000371cb      0x333 ./main.o
 .debug_macro   0x000374fe      0x32c ./si1132.o
 .debug_macro   0x0003782a      0x331 ./autogen/sl_device_init_clocks.o
 .debug_macro   0x00037b5b      0x726 ./autogen/sl_device_init_clocks.o
 .debug_macro   0x00038281       0xdc ./autogen/sl_device_init_clocks.o
 .debug_macro   0x0003835d      0x36b ./autogen/sl_emlib_gpio_simple_init.o
 .debug_macro   0x000386c8       0x22 ./autogen/sl_emlib_gpio_simple_init.o
 .debug_macro   0x000386ea       0x22 ./autogen/sl_emlib_gpio_simple_init.o
 .debug_macro   0x0003870c       0x22 ./autogen/sl_emlib_gpio_simple_init.o
 .debug_macro   0x0003872e       0x22 ./autogen/sl_emlib_gpio_simple_init.o
 .debug_macro   0x00038750       0x22 ./autogen/sl_emlib_gpio_simple_init.o
 .debug_macro   0x00038772       0x22 ./autogen/sl_emlib_gpio_simple_init.o
 .debug_macro   0x00038794       0x22 ./autogen/sl_emlib_gpio_simple_init.o
 .debug_macro   0x000387b6      0x386 ./autogen/sl_event_handler.o
 .debug_macro   0x00038b3c       0x71 ./autogen/sl_event_handler.o
 .debug_macro   0x00038bad      0x72c ./autogen/sl_event_handler.o
 .debug_macro   0x000392d9      0x16d ./autogen/sl_event_handler.o
 .debug_macro   0x00039446       0x4c ./autogen/sl_event_handler.o
 .debug_macro   0x00039492       0x10 ./autogen/sl_event_handler.o
 .debug_macro   0x000394a2      0x2c1 ./gecko_sdk_3.2.2/platform/Device/SiliconLabs/EFR32BG22/Source/GCC/startup_efr32bg22.o
 .debug_macro   0x00039763      0x2e1 ./gecko_sdk_3.2.2/platform/Device/SiliconLabs/EFR32BG22/Source/system_efr32bg22.o
 .debug_macro   0x00039a44       0x92 ./gecko_sdk_3.2.2/platform/common/toolchain/src/sl_memory.o
 .debug_macro   0x00039ad6       0x16 ./gecko_sdk_3.2.2/platform/common/toolchain/src/sl_memory.o
 .debug_macro   0x00039aec       0x2c ./gecko_sdk_3.2.2/platform/emlib/src/em_assert.o
 .debug_macro   0x00039b18      0x3f1 ./gecko_sdk_3.2.2/platform/emlib/src/em_cmu.o
 .debug_macro   0x00039f09       0x64 ./gecko_sdk_3.2.2/platform/emlib/src/em_cmu.o
 .debug_macro   0x00039f6d      0x356 ./gecko_sdk_3.2.2/platform/emlib/src/em_cmu.o
 .debug_macro   0x0003a2c3       0x7c ./gecko_sdk_3.2.2/platform/emlib/src/em_cmu.o
 .debug_macro   0x0003a33f       0x17 ./gecko_sdk_3.2.2/platform/emlib/src/em_cmu.o
 .debug_macro   0x0003a356       0xee ./gecko_sdk_3.2.2/platform/emlib/src/em_cmu.o
 .debug_macro   0x0003a444       0x33 ./gecko_sdk_3.2.2/platform/emlib/src/em_cmu.o
 .debug_macro   0x0003a477      0x305 ./gecko_sdk_3.2.2/platform/emlib/src/em_core.o
 .debug_macro   0x0003a77c      0x3d4 ./gecko_sdk_3.2.2/platform/emlib/src/em_emu.o
 .debug_macro   0x0003ab50       0x5e ./gecko_sdk_3.2.2/platform/emlib/src/em_emu.o
 .debug_macro   0x0003abae       0x5c ./gecko_sdk_3.2.2/platform/emlib/src/em_emu.o
 .debug_macro   0x0003ac0a       0x2d ./gecko_sdk_3.2.2/platform/emlib/src/em_emu.o
 .debug_macro   0x0003ac37       0x34 ./gecko_sdk_3.2.2/platform/emlib/src/em_emu.o
 .debug_macro   0x0003ac6b      0x312 ./gecko_sdk_3.2.2/platform/emlib/src/em_gpio.o
 .debug_macro   0x0003af7d      0x3a4 ./gecko_sdk_3.2.2/platform/emlib/src/em_i2c.o
 .debug_macro   0x0003b321       0x3f ./gecko_sdk_3.2.2/platform/emlib/src/em_i2c.o
 .debug_macro   0x0003b360      0x306 ./gecko_sdk_3.2.2/platform/emlib/src/em_rtcc.o
 .debug_macro   0x0003b666       0x74 ./gecko_sdk_3.2.2/platform/emlib/src/em_rtcc.o
 .debug_macro   0x0003b6da      0x328 ./gecko_sdk_3.2.2/platform/service/device_init/src/sl_device_init_dcdc_s2.o
 .debug_macro   0x0003ba02       0x16 ./gecko_sdk_3.2.2/platform/service/device_init/src/sl_device_init_dcdc_s2.o
 .debug_macro   0x0003ba18      0x32e ./gecko_sdk_3.2.2/platform/service/device_init/src/sl_device_init_emu_s2.o
 .debug_macro   0x0003bd46       0x10 ./gecko_sdk_3.2.2/platform/service/device_init/src/sl_device_init_emu_s2.o
 .debug_macro   0x0003bd56      0x302 ./gecko_sdk_3.2.2/platform/service/device_init/src/sl_device_init_nvic.o
 .debug_macro   0x0003c058      0x4bc ./gecko_sdk_3.2.2/platform/service/sleeptimer/src/sl_sleeptimer.o
 .debug_macro   0x0003c514       0x18 ./gecko_sdk_3.2.2/platform/service/sleeptimer/src/sl_sleeptimer.o
 .debug_macro   0x0003c52c       0x35 ./gecko_sdk_3.2.2/platform/service/sleeptimer/src/sl_sleeptimer.o
 .debug_macro   0x0003c561       0x34 ./gecko_sdk_3.2.2/platform/service/sleeptimer/src/sl_sleeptimer.o
 .debug_macro   0x0003c595       0x57 ./gecko_sdk_3.2.2/platform/service/sleeptimer/src/sl_sleeptimer.o
 .debug_macro   0x0003c5ec       0x16 ./gecko_sdk_3.2.2/platform/service/sleeptimer/src/sl_sleeptimer.o
 .debug_macro   0x0003c602       0x43 ./gecko_sdk_3.2.2/platform/service/sleeptimer/src/sl_sleeptimer.o
 .debug_macro   0x0003c645       0x34 ./gecko_sdk_3.2.2/platform/service/sleeptimer/src/sl_sleeptimer.o
 .debug_macro   0x0003c679       0x10 ./gecko_sdk_3.2.2/platform/service/sleeptimer/src/sl_sleeptimer.o
 .debug_macro   0x0003c689       0x58 ./gecko_sdk_3.2.2/platform/service/sleeptimer/src/sl_sleeptimer.o
 .debug_macro   0x0003c6e1      0x182 ./gecko_sdk_3.2.2/platform/service/sleeptimer/src/sl_sleeptimer.o
 .debug_macro   0x0003c863       0x10 ./gecko_sdk_3.2.2/platform/service/sleeptimer/src/sl_sleeptimer.o
 .debug_macro   0x0003c873       0x35 ./gecko_sdk_3.2.2/platform/service/sleeptimer/src/sl_sleeptimer.o
 .debug_macro   0x0003c8a8       0x10 ./gecko_sdk_3.2.2/platform/service/sleeptimer/src/sl_sleeptimer.o
 .debug_macro   0x0003c8b8       0x10 ./gecko_sdk_3.2.2/platform/service/sleeptimer/src/sl_sleeptimer.o
 .debug_macro   0x0003c8c8       0x10 ./gecko_sdk_3.2.2/platform/service/sleeptimer/src/sl_sleeptimer.o
 .debug_macro   0x0003c8d8       0xb2 ./gecko_sdk_3.2.2/platform/service/sleeptimer/src/sl_sleeptimer.o
 .debug_macro   0x0003c98a       0x2e ./gecko_sdk_3.2.2/platform/service/sleeptimer/src/sl_sleeptimer.o
 .debug_macro   0x0003c9b8       0x16 ./gecko_sdk_3.2.2/platform/service/sleeptimer/src/sl_sleeptimer.o
 .debug_macro   0x0003c9ce       0x22 ./gecko_sdk_3.2.2/platform/service/sleeptimer/src/sl_sleeptimer.o
 .debug_macro   0x0003c9f0       0x16 ./gecko_sdk_3.2.2/platform/service/sleeptimer/src/sl_sleeptimer.o
 .debug_macro   0x0003ca06       0x10 ./gecko_sdk_3.2.2/platform/service/sleeptimer/src/sl_sleeptimer.o
 .debug_macro   0x0003ca16       0x16 ./gecko_sdk_3.2.2/platform/service/sleeptimer/src/sl_sleeptimer.o
 .debug_macro   0x0003ca2c      0x387 ./gecko_sdk_3.2.2/platform/service/sleeptimer/src/sl_sleeptimer_hal_rtcc.o
 .debug_macro   0x0003cdb3       0x24 ./gecko_sdk_3.2.2/platform/service/system/src/sl_system_init.o
 .debug_macro   0x0003cdd7       0x24 ./gecko_sdk_3.2.2/platform/service/system/src/sl_system_process_action.o
 .debug_macro   0x0003cdfb      0x2c1 ./gecko_sdk_3.2.2/platform/service/udelay/src/sl_udelay.o

.debug_line     0x00000000    0x14178
 .debug_line    0x00000000      0xb48 ./app.o
 .debug_line    0x00000b48      0xba9 ./i2c.o
 .debug_line    0x000016f1      0xa4b ./main.o
 .debug_line    0x0000213c     0x109e ./si1132.o
 .debug_line    0x000031da      0xab3 ./autogen/sl_device_init_clocks.o
 .debug_line    0x00003c8d      0xb6c ./autogen/sl_emlib_gpio_simple_init.o
 .debug_line    0x000047f9      0xd25 ./autogen/sl_event_handler.o
 .debug_line    0x0000551e      0x90f ./gecko_sdk_3.2.2/platform/Device/SiliconLabs/EFR32BG22/Source/GCC/startup_efr32bg22.o
 .debug_line    0x00005e2d      0xa92 ./gecko_sdk_3.2.2/platform/Device/SiliconLabs/EFR32BG22/Source/system_efr32bg22.o
 .debug_line    0x000068bf      0x42b ./gecko_sdk_3.2.2/platform/common/toolchain/src/sl_memory.o
 .debug_line    0x00006cea      0x218 ./gecko_sdk_3.2.2/platform/emlib/src/em_assert.o
 .debug_line    0x00006f02     0x2a1c ./gecko_sdk_3.2.2/platform/emlib/src/em_cmu.o
 .debug_line    0x0000991e     0x10bb ./gecko_sdk_3.2.2/platform/emlib/src/em_core.o
 .debug_line    0x0000a9d9     0x144e ./gecko_sdk_3.2.2/platform/emlib/src/em_emu.o
 .debug_line    0x0000be27      0xe54 ./gecko_sdk_3.2.2/platform/emlib/src/em_gpio.o
 .debug_line    0x0000cc7b     0x144b ./gecko_sdk_3.2.2/platform/emlib/src/em_i2c.o
 .debug_line    0x0000e0c6      0xd15 ./gecko_sdk_3.2.2/platform/emlib/src/em_rtcc.o
 .debug_line    0x0000eddb      0xb11 ./gecko_sdk_3.2.2/platform/service/device_init/src/sl_device_init_dcdc_s2.o
 .debug_line    0x0000f8ec      0xb1d ./gecko_sdk_3.2.2/platform/service/device_init/src/sl_device_init_emu_s2.o
 .debug_line    0x00010409      0xaaa ./gecko_sdk_3.2.2/platform/service/device_init/src/sl_device_init_nvic.o
 .debug_line    0x00010eb3     0x16ce ./gecko_sdk_3.2.2/platform/service/sleeptimer/src/sl_sleeptimer.o
 .debug_line    0x00012581      0xefb ./gecko_sdk_3.2.2/platform/service/sleeptimer/src/sl_sleeptimer_hal_rtcc.o
 .debug_line    0x0001347c      0x17a ./gecko_sdk_3.2.2/platform/service/system/src/sl_system_init.o
 .debug_line    0x000135f6      0x183 ./gecko_sdk_3.2.2/platform/service/system/src/sl_system_process_action.o
 .debug_line    0x00013779      0x953 ./gecko_sdk_3.2.2/platform/service/udelay/src/sl_udelay.o
 .debug_line    0x000140cc       0xac ./gecko_sdk_3.2.2/platform/service/udelay/src/sl_udelay_armv6m_gcc.o

.debug_str      0x00000000   0x183dc9
 .debug_str     0x00000000   0x172062 ./app.o
                             0x1729c8 (size before relaxing)
 .debug_str     0x00172062     0x2759 ./i2c.o
                             0x1749c2 (size before relaxing)
 .debug_str     0x001747bb       0x65 ./main.o
                             0x171512 (size before relaxing)
 .debug_str     0x00174820      0x29e ./si1132.o
                             0x172cf2 (size before relaxing)
 .debug_str     0x00174abe     0x3e0e ./autogen/sl_device_init_clocks.o
                             0x177584 (size before relaxing)
 .debug_str     0x001788cc      0x5eb ./autogen/sl_emlib_gpio_simple_init.o
                             0x173f0d (size before relaxing)
 .debug_str     0x00178eb7      0xf50 ./autogen/sl_event_handler.o
                             0x1761db (size before relaxing)
 .debug_str     0x00179e07      0x12d ./gecko_sdk_3.2.2/platform/Device/SiliconLabs/EFR32BG22/Source/GCC/startup_efr32bg22.o
                             0x1701c8 (size before relaxing)
 .debug_str     0x00179f34      0x3a5 ./gecko_sdk_3.2.2/platform/Device/SiliconLabs/EFR32BG22/Source/system_efr32bg22.o
                             0x170d31 (size before relaxing)
 .debug_str     0x0017a2d9      0x15e ./gecko_sdk_3.2.2/platform/common/toolchain/src/sl_memory.o
                               0x403f (size before relaxing)
 .debug_str     0x0017a437       0x6b ./gecko_sdk_3.2.2/platform/emlib/src/em_assert.o
                               0x2e4e (size before relaxing)
 .debug_str     0x0017a4a2     0x370e ./gecko_sdk_3.2.2/platform/emlib/src/em_cmu.o
                             0x178b74 (size before relaxing)
 .debug_str     0x0017dbb0      0x74d ./gecko_sdk_3.2.2/platform/emlib/src/em_core.o
                             0x1714cd (size before relaxing)
 .debug_str     0x0017e2fd      0xb87 ./gecko_sdk_3.2.2/platform/emlib/src/em_emu.o
                             0x1775b4 (size before relaxing)
 .debug_str     0x0017ee84      0x1c6 ./gecko_sdk_3.2.2/platform/emlib/src/em_gpio.o
                             0x17258a (size before relaxing)
 .debug_str     0x0017f04a      0x2b4 ./gecko_sdk_3.2.2/platform/emlib/src/em_i2c.o
                             0x175d78 (size before relaxing)
 .debug_str     0x0017f2fe     0x2282 ./gecko_sdk_3.2.2/platform/emlib/src/em_rtcc.o
                             0x1730eb (size before relaxing)
 .debug_str     0x00181580       0xd9 ./gecko_sdk_3.2.2/platform/service/device_init/src/sl_device_init_dcdc_s2.o
                             0x174e58 (size before relaxing)
 .debug_str     0x00181659      0x10d ./gecko_sdk_3.2.2/platform/service/device_init/src/sl_device_init_emu_s2.o
                             0x17509a (size before relaxing)
 .debug_str     0x00181766       0x87 ./gecko_sdk_3.2.2/platform/service/device_init/src/sl_device_init_nvic.o
                             0x174dbd (size before relaxing)
 .debug_str     0x001817ed     0x21aa ./gecko_sdk_3.2.2/platform/service/sleeptimer/src/sl_sleeptimer.o
                             0x17859e (size before relaxing)
 .debug_str     0x00183997      0x211 ./gecko_sdk_3.2.2/platform/service/sleeptimer/src/sl_sleeptimer_hal_rtcc.o
                             0x17894f (size before relaxing)
 .debug_str     0x00183ba8       0x74 ./gecko_sdk_3.2.2/platform/service/system/src/sl_system_init.o
                               0x2e20 (size before relaxing)
 .debug_str     0x00183c1c       0x7e ./gecko_sdk_3.2.2/platform/service/system/src/sl_system_process_action.o
                               0x2e4d (size before relaxing)
 .debug_str     0x00183c9a       0xa7 ./gecko_sdk_3.2.2/platform/service/udelay/src/sl_udelay.o
                             0x17011e (size before relaxing)
 .debug_str     0x00183d41       0x88 ./gecko_sdk_3.2.2/platform/service/udelay/src/sl_udelay_armv6m_gcc.o
                                 0xd0 (size before relaxing)

.debug_frame    0x00000000     0x16e4
 .debug_frame   0x00000000       0x4c ./app.o
 .debug_frame   0x0000004c       0xb0 ./i2c.o
 .debug_frame   0x000000fc       0x28 ./main.o
 .debug_frame   0x00000124      0x20c ./si1132.o
 .debug_frame   0x00000330       0x28 ./autogen/sl_device_init_clocks.o
 .debug_frame   0x00000358       0x28 ./autogen/sl_emlib_gpio_simple_init.o
 .debug_frame   0x00000380       0xb8 ./autogen/sl_event_handler.o
 .debug_frame   0x00000438       0x38 ./gecko_sdk_3.2.2/platform/Device/SiliconLabs/EFR32BG22/Source/GCC/startup_efr32bg22.o
 .debug_frame   0x00000470      0x108 ./gecko_sdk_3.2.2/platform/Device/SiliconLabs/EFR32BG22/Source/system_efr32bg22.o
 .debug_frame   0x00000578       0x40 ./gecko_sdk_3.2.2/platform/common/toolchain/src/sl_memory.o
 .debug_frame   0x000005b8       0x20 ./gecko_sdk_3.2.2/platform/emlib/src/em_assert.o
 .debug_frame   0x000005d8      0x454 ./gecko_sdk_3.2.2/platform/emlib/src/em_cmu.o
 .debug_frame   0x00000a2c      0x238 ./gecko_sdk_3.2.2/platform/emlib/src/em_core.o
 .debug_frame   0x00000c64      0x2b4 ./gecko_sdk_3.2.2/platform/emlib/src/em_emu.o
 .debug_frame   0x00000f18       0xa0 ./gecko_sdk_3.2.2/platform/emlib/src/em_gpio.o
 .debug_frame   0x00000fb8       0xe0 ./gecko_sdk_3.2.2/platform/emlib/src/em_i2c.o
 .debug_frame   0x00001098       0x6c ./gecko_sdk_3.2.2/platform/emlib/src/em_rtcc.o
 .debug_frame   0x00001104       0x2c ./gecko_sdk_3.2.2/platform/service/device_init/src/sl_device_init_dcdc_s2.o
 .debug_frame   0x00001130       0x30 ./gecko_sdk_3.2.2/platform/service/device_init/src/sl_device_init_emu_s2.o
 .debug_frame   0x00001160       0x20 ./gecko_sdk_3.2.2/platform/service/device_init/src/sl_device_init_nvic.o
 .debug_frame   0x00001180      0x328 ./gecko_sdk_3.2.2/platform/service/sleeptimer/src/sl_sleeptimer.o
 .debug_frame   0x000014a8       0xcc ./gecko_sdk_3.2.2/platform/service/sleeptimer/src/sl_sleeptimer_hal_rtcc.o
 .debug_frame   0x00001574       0x28 ./gecko_sdk_3.2.2/platform/service/system/src/sl_system_init.o
 .debug_frame   0x0000159c       0x28 ./gecko_sdk_3.2.2/platform/service/system/src/sl_system_process_action.o
 .debug_frame   0x000015c4       0x28 ./gecko_sdk_3.2.2/platform/service/udelay/src/sl_udelay.o
 .debug_frame   0x000015ec       0x2c c:/siliconlabs/simplicitystudio/v5/developer/toolchains/gnu_arm/10.2_2020q4/bin/../lib/gcc/arm-none-eabi/10.2.1/thumb/v8-m.main+fp/hard\libgcc.a(_aeabi_uldivmod.o)
 .debug_frame   0x00001618       0x38 c:/siliconlabs/simplicitystudio/v5/developer/toolchains/gnu_arm/10.2_2020q4/bin/../lib/gcc/arm-none-eabi/10.2.1/thumb/v8-m.main+fp/hard\libgcc.a(_udivmoddi4.o)
 .debug_frame   0x00001650       0x28 c:/siliconlabs/simplicitystudio/v5/developer/toolchains/gnu_arm/10.2_2020q4/bin/../lib/gcc/arm-none-eabi/10.2.1/../../../../arm-none-eabi/lib/thumb/v8-m.main+fp/hard\libc_nano.a(lib_a-exit.o)
 .debug_frame   0x00001678       0x2c c:/siliconlabs/simplicitystudio/v5/developer/toolchains/gnu_arm/10.2_2020q4/bin/../lib/gcc/arm-none-eabi/10.2.1/../../../../arm-none-eabi/lib/thumb/v8-m.main+fp/hard\libc_nano.a(lib_a-init.o)
 .debug_frame   0x000016a4       0x20 c:/siliconlabs/simplicitystudio/v5/developer/toolchains/gnu_arm/10.2_2020q4/bin/../lib/gcc/arm-none-eabi/10.2.1/../../../../arm-none-eabi/lib/thumb/v8-m.main+fp/hard\libc_nano.a(lib_a-memset.o)
 .debug_frame   0x000016c4       0x20 c:/siliconlabs/simplicitystudio/v5/developer/toolchains/gnu_arm/10.2_2020q4/bin/../lib/gcc/arm-none-eabi/10.2.1/../../../../arm-none-eabi/lib/thumb/v8-m.main+fp/hard\libnosys.a(_exit.o)
