Archive member included to satisfy reference by file (symbol)

c:/siliconlabs/simplicitystudio/v5/developer/toolchains/gnu_arm/10.2_2020q4/bin/../lib/gcc/arm-none-eabi/10.2.1/thumb/v8-m.main+fp/hard\libgcc.a(_aeabi_uldivmod.o)
                              ./gecko_sdk_3.2.2/platform/service/sleeptimer/src/sl_sleeptimer.o (__aeabi_uldivmod)
c:/siliconlabs/simplicitystudio/v5/developer/toolchains/gnu_arm/10.2_2020q4/bin/../lib/gcc/arm-none-eabi/10.2.1/thumb/v8-m.main+fp/hard\libgcc.a(_udivmoddi4.o)
                              c:/siliconlabs/simplicitystudio/v5/developer/toolchains/gnu_arm/10.2_2020q4/bin/../lib/gcc/arm-none-eabi/10.2.1/thumb/v8-m.main+fp/hard\libgcc.a(_aeabi_uldivmod.o) (__udivmoddi4)
c:/siliconlabs/simplicitystudio/v5/developer/toolchains/gnu_arm/10.2_2020q4/bin/../lib/gcc/arm-none-eabi/10.2.1/thumb/v8-m.main+fp/hard\libgcc.a(_dvmd_tls.o)
                              c:/siliconlabs/simplicitystudio/v5/developer/toolchains/gnu_arm/10.2_2020q4/bin/../lib/gcc/arm-none-eabi/10.2.1/thumb/v8-m.main+fp/hard\libgcc.a(_aeabi_uldivmod.o) (__aeabi_ldiv0)
c:/siliconlabs/simplicitystudio/v5/developer/toolchains/gnu_arm/10.2_2020q4/bin/../lib/gcc/arm-none-eabi/10.2.1/../../../../arm-none-eabi/lib/thumb/v8-m.main+fp/hard\libc_nano.a(lib_a-exit.o)
                              c:/siliconlabs/simplicitystudio/v5/developer/toolchains/gnu_arm/10.2_2020q4/bin/../lib/gcc/arm-none-eabi/10.2.1/../../../../arm-none-eabi/lib/thumb/v8-m.main+fp/hard/crt0.o (exit)
c:/siliconlabs/simplicitystudio/v5/developer/toolchains/gnu_arm/10.2_2020q4/bin/../lib/gcc/arm-none-eabi/10.2.1/../../../../arm-none-eabi/lib/thumb/v8-m.main+fp/hard\libc_nano.a(lib_a-impure.o)
                              c:/siliconlabs/simplicitystudio/v5/developer/toolchains/gnu_arm/10.2_2020q4/bin/../lib/gcc/arm-none-eabi/10.2.1/../../../../arm-none-eabi/lib/thumb/v8-m.main+fp/hard\libc_nano.a(lib_a-exit.o) (_global_impure_ptr)
c:/siliconlabs/simplicitystudio/v5/developer/toolchains/gnu_arm/10.2_2020q4/bin/../lib/gcc/arm-none-eabi/10.2.1/../../../../arm-none-eabi/lib/thumb/v8-m.main+fp/hard\libc_nano.a(lib_a-init.o)
                              c:/siliconlabs/simplicitystudio/v5/developer/toolchains/gnu_arm/10.2_2020q4/bin/../lib/gcc/arm-none-eabi/10.2.1/../../../../arm-none-eabi/lib/thumb/v8-m.main+fp/hard/crt0.o (__libc_init_array)
c:/siliconlabs/simplicitystudio/v5/developer/toolchains/gnu_arm/10.2_2020q4/bin/../lib/gcc/arm-none-eabi/10.2.1/../../../../arm-none-eabi/lib/thumb/v8-m.main+fp/hard\libc_nano.a(lib_a-memset.o)
                              c:/siliconlabs/simplicitystudio/v5/developer/toolchains/gnu_arm/10.2_2020q4/bin/../lib/gcc/arm-none-eabi/10.2.1/../../../../arm-none-eabi/lib/thumb/v8-m.main+fp/hard/crt0.o (memset)
c:/siliconlabs/simplicitystudio/v5/developer/toolchains/gnu_arm/10.2_2020q4/bin/../lib/gcc/arm-none-eabi/10.2.1/../../../../arm-none-eabi/lib/thumb/v8-m.main+fp/hard\libnosys.a(_exit.o)
                              c:/siliconlabs/simplicitystudio/v5/developer/toolchains/gnu_arm/10.2_2020q4/bin/../lib/gcc/arm-none-eabi/10.2.1/../../../../arm-none-eabi/lib/thumb/v8-m.main+fp/hard\libc_nano.a(lib_a-exit.o) (_exit)

Discarded input sections

 .text          0x00000000        0x0 c:/siliconlabs/simplicitystudio/v5/developer/toolchains/gnu_arm/10.2_2020q4/bin/../lib/gcc/arm-none-eabi/10.2.1/thumb/v8-m.main+fp/hard/crti.o
 .data          0x00000000        0x0 c:/siliconlabs/simplicitystudio/v5/developer/toolchains/gnu_arm/10.2_2020q4/bin/../lib/gcc/arm-none-eabi/10.2.1/thumb/v8-m.main+fp/hard/crti.o
 .bss           0x00000000        0x0 c:/siliconlabs/simplicitystudio/v5/developer/toolchains/gnu_arm/10.2_2020q4/bin/../lib/gcc/arm-none-eabi/10.2.1/thumb/v8-m.main+fp/hard/crti.o
 .data          0x00000000        0x4 c:/siliconlabs/simplicitystudio/v5/developer/toolchains/gnu_arm/10.2_2020q4/bin/../lib/gcc/arm-none-eabi/10.2.1/thumb/v8-m.main+fp/hard/crtbegin.o
 .rodata        0x00000000       0x24 c:/siliconlabs/simplicitystudio/v5/developer/toolchains/gnu_arm/10.2_2020q4/bin/../lib/gcc/arm-none-eabi/10.2.1/thumb/v8-m.main+fp/hard/crtbegin.o
 .data          0x00000000        0x0 c:/siliconlabs/simplicitystudio/v5/developer/toolchains/gnu_arm/10.2_2020q4/bin/../lib/gcc/arm-none-eabi/10.2.1/../../../../arm-none-eabi/lib/thumb/v8-m.main+fp/hard/crt0.o
 .bss           0x00000000        0x0 c:/siliconlabs/simplicitystudio/v5/developer/toolchains/gnu_arm/10.2_2020q4/bin/../lib/gcc/arm-none-eabi/10.2.1/../../../../arm-none-eabi/lib/thumb/v8-m.main+fp/hard/crt0.o
 .ARM.extab     0x00000000        0x0 c:/siliconlabs/simplicitystudio/v5/developer/toolchains/gnu_arm/10.2_2020q4/bin/../lib/gcc/arm-none-eabi/10.2.1/../../../../arm-none-eabi/lib/thumb/v8-m.main+fp/hard/crt0.o
 .group         0x00000000        0xc ./app.o
 .group         0x00000000        0xc ./app.o
 .group         0x00000000        0xc ./app.o
 .group         0x00000000        0xc ./app.o
 .group         0x00000000        0xc ./app.o
[...]
Memory Configuration

Name             Origin             Length             Attributes
FLASH            0x00000000         0x0007e000         xr
RAM              0x20000000         0x00008000         xrw
*default*        0x00000000         0xffffffff

Linker script and memory map

LOAD c:/siliconlabs/simplicitystudio/v5/developer/toolchains/gnu_arm/10.2_2020q4/bin/../lib/gcc/arm-none-eabi/10.2.1/thumb/v8-m.main+fp/hard/crti.o
LOAD c:/siliconlabs/simplicitystudio/v5/developer/toolchains/gnu_arm/10.2_2020q4/bin/../lib/gcc/arm-none-eabi/10.2.1/thumb/v8-m.main+fp/hard/crtbegin.o
LOAD c:/siliconlabs/simplicitystudio/v5/developer/toolchains/gnu_arm/10.2_2020q4/bin/../lib/gcc/arm-none-eabi/10.2.1/../../../../arm-none-eabi/lib/thumb/v8-m.main+fp/hard/crt0.o
START GROUP
LOAD ./app.o
LOAD ./i2c.o
LOAD ./main.o
LOAD ./si1132.o
LOAD ./autogen/sl_device_init_clocks.o
LOAD ./autogen/sl_emlib_gpio_simple_init.o
LOAD ./autogen/sl_event_handler.o
LOAD ./gecko_sdk_3.2.2/hardware/driver/si1133/src/sl_si1133.o
LOAD ./gecko_sdk_3.2.2/platform/Device/SiliconLabs/EFR32BG22/Source/GCC/startup_efr32bg22.o
LOAD ./gecko_sdk_3.2.2/platform/Device/SiliconLabs/EFR32BG22/Source/system_efr32bg22.o
LOAD ./gecko_sdk_3.2.2/platform/common/toolchain/src/sl_memory.o
LOAD ./gecko_sdk_3.2.2/platform/driver/i2cspm/src/sl_i2cspm.o
LOAD ./gecko_sdk_3.2.2/platform/emlib/src/em_assert.o
LOAD ./gecko_sdk_3.2.2/platform/emlib/src/em_burtc.o
LOAD ./gecko_sdk_3.2.2/platform/emlib/src/em_cmu.o
LOAD ./gecko_sdk_3.2.2/platform/emlib/src/em_core.o
LOAD ./gecko_sdk_3.2.2/platform/emlib/src/em_emu.o
LOAD ./gecko_sdk_3.2.2/platform/emlib/src/em_gpio.o
LOAD ./gecko_sdk_3.2.2/platform/emlib/src/em_i2c.o
LOAD ./gecko_sdk_3.2.2/platform/emlib/src/em_rtcc.o
LOAD ./gecko_sdk_3.2.2/platform/emlib/src/em_system.o
LOAD ./gecko_sdk_3.2.2/platform/service/device_init/src/sl_device_init_dcdc_s2.o
LOAD ./gecko_sdk_3.2.2/platform/service/device_init/src/sl_device_init_emu_s2.o
LOAD ./gecko_sdk_3.2.2/platform/service/device_init/src/sl_device_init_nvic.o
LOAD ./gecko_sdk_3.2.2/platform/service/sleeptimer/src/sl_sleeptimer.o
LOAD ./gecko_sdk_3.2.2/platform/service/sleeptimer/src/sl_sleeptimer_hal_burtc.o
LOAD ./gecko_sdk_3.2.2/platform/service/sleeptimer/src/sl_sleeptimer_hal_prortc.o
LOAD ./gecko_sdk_3.2.2/platform/service/sleeptimer/src/sl_sleeptimer_hal_rtcc.o
LOAD ./gecko_sdk_3.2.2/platform/service/system/src/sl_system_init.o
LOAD ./gecko_sdk_3.2.2/platform/service/system/src/sl_system_process_action.o
LOAD ./gecko_sdk_3.2.2/platform/service/udelay/src/sl_udelay.o
LOAD ./gecko_sdk_3.2.2/platform/service/udelay/src/sl_udelay_armv6m_gcc.o
LOAD c:/siliconlabs/simplicitystudio/v5/developer/toolchains/gnu_arm/10.2_2020q4/bin/../lib/gcc/arm-none-eabi/10.2.1/thumb/v8-m.main+fp/hard\libgcc.a
LOAD c:/siliconlabs/simplicitystudio/v5/developer/toolchains/gnu_arm/10.2_2020q4/bin/../lib/gcc/arm-none-eabi/10.2.1/../../../../arm-none-eabi/lib/thumb/v8-m.main+fp/hard\libc_nano.a
LOAD c:/siliconlabs/simplicitystudio/v5/developer/toolchains/gnu_arm/10.2_2020q4/bin/../lib/gcc/arm-none-eabi/10.2.1/../../../../arm-none-eabi/lib/thumb/v8-m.main+fp/hard\libm.a
LOAD c:/siliconlabs/simplicitystudio/v5/developer/toolchains/gnu_arm/10.2_2020q4/bin/../lib/gcc/arm-none-eabi/10.2.1/../../../../arm-none-eabi/lib/thumb/v8-m.main+fp/hard\libnosys.a
END GROUP
START GROUP
LOAD c:/siliconlabs/simplicitystudio/v5/developer/toolchains/gnu_arm/10.2_2020q4/bin/../lib/gcc/arm-none-eabi/10.2.1/thumb/v8-m.main+fp/hard\libgcc.a
LOAD c:/siliconlabs/simplicitystudio/v5/developer/toolchains/gnu_arm/10.2_2020q4/bin/../lib/gcc/arm-none-eabi/10.2.1/../../../../arm-none-eabi/lib/thumb/v8-m.main+fp/hard\libc_nano.a
LOAD c:/siliconlabs/simplicitystudio/v5/developer/toolchains/gnu_arm/10.2_2020q4/bin/../lib/gcc/arm-none-eabi/10.2.1/../../../../arm-none-eabi/lib/thumb/v8-m.main+fp/hard\libnosys.a
END GROUP
START GROUP
LOAD c:/siliconlabs/simplicitystudio/v5/developer/toolchains/gnu_arm/10.2_2020q4/bin/../lib/gcc/arm-none-eabi/10.2.1/thumb/v8-m.main+fp/hard\libgcc.a
LOAD c:/siliconlabs/simplicitystudio/v5/developer/toolchains/gnu_arm/10.2_2020q4/bin/../lib/gcc/arm-none-eabi/10.2.1/../../../../arm-none-eabi/lib/thumb/v8-m.main+fp/hard\libg_nano.a
LOAD c:/siliconlabs/simplicitystudio/v5/developer/toolchains/gnu_arm/10.2_2020q4/bin/../lib/gcc/arm-none-eabi/10.2.1/../../../../arm-none-eabi/lib/thumb/v8-m.main+fp/hard\libc_nano.a
END GROUP
START GROUP
LOAD c:/siliconlabs/simplicitystudio/v5/developer/toolchains/gnu_arm/10.2_2020q4/bin/../lib/gcc/arm-none-eabi/10.2.1/thumb/v8-m.main+fp/hard\libgcc.a
LOAD c:/siliconlabs/simplicitystudio/v5/developer/toolchains/gnu_arm/10.2_2020q4/bin/../lib/gcc/arm-none-eabi/10.2.1/../../../../arm-none-eabi/lib/thumb/v8-m.main+fp/hard\libc_nano.a
END GROUP
LOAD c:/siliconlabs/simplicitystudio/v5/developer/toolchains/gnu_arm/10.2_2020q4/bin/../lib/gcc/arm-none-eabi/10.2.1/thumb/v8-m.main+fp/hard/crtend.o
LOAD c:/siliconlabs/simplicitystudio/v5/developer/toolchains/gnu_arm/10.2_2020q4/bin/../lib/gcc/arm-none-eabi/10.2.1/thumb/v8-m.main+fp/hard/crtn.o

.text           0x00000000     0x2d80
                0x00000000                linker_vectors_begin = .
 *(.vectors)
 .vectors       0x00000000      0x140 ./gecko_sdk_3.2.2/platform/Device/SiliconLabs/EFR32BG22/Source/GCC/startup_efr32bg22.o
                0x00000000                __Vectors
                0x00000140                linker_vectors_end = .
                0x00000140                __Vectors_End = .
                0x00000140                __Vectors_Size = (__Vectors_End - __Vectors)
                0x00000140                linker_code_begin = .
 *(.text*)
 .text          0x00000140       0x40 c:/siliconlabs/simplicitystudio/v5/developer/toolchains/gnu_arm/10.2_2020q4/bin/../lib/gcc/arm-none-eabi/10.2.1/thumb/v8-m.main+fp/hard/crtbegin.o
 .text          0x00000180       0x7c c:/siliconlabs/simplicitystudio/v5/developer/toolchains/gnu_arm/10.2_2020q4/bin/../lib/gcc/arm-none-eabi/10.2.1/../../../../arm-none-eabi/lib/thumb/v8-m.main+fp/hard/crt0.o
                0x00000180                _stack_init
                0x00000188                _start
                0x00000188                _mainCRTStartup
 .text.app_init
                0x000001fc       0xbc ./app.o
                0x000001fc                app_init
 .text.app_process_action
                0x000002b8       0x64 ./app.o
                0x000002b8                app_process_action
 .text.i2c_init
                0x0000031c       0x78 ./i2c.o
                0x0000031c                i2c_init
 .text.i2c_write_single
                0x00000394       0x46 ./i2c.o
                0x00000394                i2c_write_single
 .text.i2c_write_burst
                0x000003da       0x42 ./i2c.o
                0x000003da                i2c_write_burst
 .text.i2c_read_single
                0x0000041c       0x3e ./i2c.o
                0x0000041c                i2c_read_single
 .text.i2c_read_burst
                0x0000045a       0x42 ./i2c.o
                0x0000045a                i2c_read_burst
 .text.main     0x0000049c       0x14 ./main.o
                0x0000049c                main
 .text.si1132_send_command
                0x000004b0       0x66 ./si1132.o
                0x000004b0                si1132_send_command
 .text.si1132_send_command_BUSADDR
                0x00000516       0x66 ./si1132.o
                0x00000516                si1132_send_command_BUSADDR
 .text.si1132_write_ram
                0x0000057c       0x32 ./si1132.o
                0x0000057c                si1132_write_ram
 *fill*         0x000005ae        0x2 
 .text.si1132_init
                0x000005b0       0xec ./si1132.o
                0x000005b0                si1132_init
 .text.si1132_UV_start_measurement
                0x0000069c       0x1c ./si1132.o
                0x0000069c                si1132_UV_start_measurement
 .text.si1132_UV_read_measurement
                0x000006b8       0x28 ./si1132.o
                0x000006b8                si1132_UV_read_measurement
 .text.sl_device_init_clocks
                0x000006e0       0x46 ./autogen/sl_device_init_clocks.o
                0x000006e0                sl_device_init_clocks
 .text.sl_emlib_gpio_simple_init
                0x00000726       0x60 ./autogen/sl_emlib_gpio_simple_init.o
                0x00000726                sl_emlib_gpio_simple_init
 *fill*         0x00000786        0x2 
 .text.sl_platform_init
                0x00000788       0x50 ./autogen/sl_event_handler.o
                0x00000788                sl_platform_init
 .text.sl_driver_init
                0x000007d8        0x8 ./autogen/sl_event_handler.o
                0x000007d8                sl_driver_init
 .text.sl_service_init
                0x000007e0        0x8 ./autogen/sl_event_handler.o
                0x000007e0                sl_service_init
 .text.sl_stack_init
                0x000007e8        0x2 ./autogen/sl_event_handler.o
                0x000007e8                sl_stack_init
 .text.sl_internal_app_init
                0x000007ea        0x2 ./autogen/sl_event_handler.o
                0x000007ea                sl_internal_app_init
 .text.sl_platform_process_action
                0x000007ec        0x2 ./autogen/sl_event_handler.o
                0x000007ec                sl_platform_process_action
 .text.sl_service_process_action
                0x000007ee        0x2 ./autogen/sl_event_handler.o
                0x000007ee                sl_service_process_action
 .text.sl_stack_process_action
                0x000007f0        0x2 ./autogen/sl_event_handler.o
                0x000007f0                sl_stack_process_action
 .text.sl_internal_app_process_action
                0x000007f2        0x2 ./autogen/sl_event_handler.o
                0x000007f2                sl_internal_app_process_action
 .text.Default_Handler
                0x000007f4        0x2 ./gecko_sdk_3.2.2/platform/Device/SiliconLabs/EFR32BG22/Source/GCC/startup_efr32bg22.o
                0x000007f4                ULFRCO_IRQHandler
                0x000007f4                SW2_IRQHandler
                0x000007f4                TIMER2_IRQHandler
                0x000007f4                DebugMon_Handler
                0x000007f4                PKE_IRQHandler
                0x000007f4                USART0_TX_IRQHandler
                0x000007f4                PRORTC_IRQHandler
                0x000007f4                IADC_IRQHandler
                0x000007f4                I2C0_IRQHandler
                0x000007f4                LFXO_IRQHandler
                0x000007f4                CRYPTOACC_IRQHandler
                0x000007f4                HardFault_Handler
                0x000007f4                SMU_SECURE_IRQHandler
                0x000007f4                SysTick_Handler
                0x000007f4                USART1_RX_IRQHandler
                0x000007f4                EMUEFP_IRQHandler
                0x000007f4                PendSV_Handler
                0x000007f4                NMI_Handler
                0x000007f4                SYNTH_IRQHandler
                0x000007f4                HFXO0_IRQHandler
                0x000007f4                I2C1_IRQHandler
                0x000007f4                PDM_IRQHandler
                0x000007f4                WDOG0_IRQHandler
                0x000007f4                TIMER3_IRQHandler
                0x000007f4                SYSCFG_IRQHandler
                0x000007f4                EMUSE_IRQHandler
                0x000007f4                EMUDG_IRQHandler
                0x000007f4                USART1_TX_IRQHandler
                0x000007f4                SMU_PRIVILEGED_IRQHandler
                0x000007f4                MSC_IRQHandler
                0x000007f4                DPLL0_IRQHandler
                0x000007f4                UsageFault_Handler
                0x000007f4                M33CTI1_IRQHandler
                0x000007f4                TIMER4_IRQHandler
                0x000007f4                GPIO_EVEN_IRQHandler
                0x000007f4                LDMA_IRQHandler
                0x000007f4                SW0_IRQHandler
                0x000007f4                TIMER0_IRQHandler
                0x000007f4                LETIMER0_IRQHandler
                0x000007f4                TIMER1_IRQHandler
                0x000007f4                HFRCO0_IRQHandler
                0x000007f4                RFSENSE_IRQHandler
                0x000007f4                BUFC_IRQHandler
                0x000007f4                DCDC_IRQHandler
                0x000007f4                MODEM_IRQHandler
                0x000007f4                Default_Handler
                0x000007f4                RAC_SEQ_IRQHandler
                0x000007f4                FRC_PRI_IRQHandler
                0x000007f4                EMU_IRQHandler
                0x000007f4                SW3_IRQHandler
                0x000007f4                KERNEL0_IRQHandler
                0x000007f4                FRC_IRQHandler
                0x000007f4                KERNEL1_IRQHandler
                0x000007f4                AGC_IRQHandler
                0x000007f4                sl_app_properties
                0x000007f4                BURTC_IRQHandler
                0x000007f4                LFRCO_IRQHandler
                0x000007f4                USART0_RX_IRQHandler
                0x000007f4                MemManage_Handler
                0x000007f4                RDMAILBOX_IRQHandler
                0x000007f4                SVC_Handler
                0x000007f4                SW1_IRQHandler
                0x000007f4                CMU_IRQHandler
                0x000007f4                RAC_RSM_IRQHandler
                0x000007f4                EUART0_TX_IRQHandler
                0x000007f4                EUART0_RX_IRQHandler
                0x000007f4                GPIO_ODD_IRQHandler
                0x000007f4                AES_IRQHandler
                0x000007f4                M33CTI0_IRQHandler
                0x000007f4                ICACHE0_IRQHandler
                0x000007f4                SMU_NS_PRIVILEGED_IRQHandler
                0x000007f4                PROTIMER_IRQHandler
                0x000007f4                BusFault_Handler
                0x000007f4                TRNG_IRQHandler
 *fill*         0x000007f6        0x2 
 .text.Reset_Handler
                0x000007f8       0x2c ./gecko_sdk_3.2.2/platform/Device/SiliconLabs/EFR32BG22/Source/GCC/startup_efr32bg22.o
                0x000007f8                Reset_Handler
 .text.SystemInit
                0x00000824       0x1c ./gecko_sdk_3.2.2/platform/Device/SiliconLabs/EFR32BG22/Source/system_efr32bg22.o
                0x00000824                SystemInit
 .text.SystemHFRCODPLLClockGet
                0x00000840        0xc ./gecko_sdk_3.2.2/platform/Device/SiliconLabs/EFR32BG22/Source/system_efr32bg22.o
                0x00000840                SystemHFRCODPLLClockGet
 .text.SystemSYSCLKGet
                0x0000084c       0x34 ./gecko_sdk_3.2.2/platform/Device/SiliconLabs/EFR32BG22/Source/system_efr32bg22.o
                0x0000084c                SystemSYSCLKGet
 .text.SystemHCLKGet
                0x00000880       0x24 ./gecko_sdk_3.2.2/platform/Device/SiliconLabs/EFR32BG22/Source/system_efr32bg22.o
                0x00000880                SystemHCLKGet
 .text.SystemMaxCoreClockGet
                0x000008a4        0x8 ./gecko_sdk_3.2.2/platform/Device/SiliconLabs/EFR32BG22/Source/system_efr32bg22.o
                0x000008a4                SystemMaxCoreClockGet
 .text.SystemHFXOClockGet
                0x000008ac        0xc ./gecko_sdk_3.2.2/platform/Device/SiliconLabs/EFR32BG22/Source/system_efr32bg22.o
                0x000008ac                SystemHFXOClockGet
 .text.SystemCLKIN0Get
                0x000008b8        0x4 ./gecko_sdk_3.2.2/platform/Device/SiliconLabs/EFR32BG22/Source/system_efr32bg22.o
                0x000008b8                SystemCLKIN0Get
 .text.SystemFSRCOClockGet
                0x000008bc        0x8 ./gecko_sdk_3.2.2/platform/Device/SiliconLabs/EFR32BG22/Source/system_efr32bg22.o
                0x000008bc                SystemFSRCOClockGet
 .text.SystemLFRCOClockGet
                0x000008c4        0x6 ./gecko_sdk_3.2.2/platform/Device/SiliconLabs/EFR32BG22/Source/system_efr32bg22.o
                0x000008c4                SystemLFRCOClockGet
 .text.SystemULFRCOClockGet
                0x000008ca        0x6 ./gecko_sdk_3.2.2/platform/Device/SiliconLabs/EFR32BG22/Source/system_efr32bg22.o
                0x000008ca                SystemULFRCOClockGet
 .text.SystemLFXOClockGet
                0x000008d0        0xc ./gecko_sdk_3.2.2/platform/Device/SiliconLabs/EFR32BG22/Source/system_efr32bg22.o
                0x000008d0                SystemLFXOClockGet
 .text.assertEFM
                0x000008dc        0x2 ./gecko_sdk_3.2.2/platform/emlib/src/em_assert.o
                0x000008dc                assertEFM
 *fill*         0x000008de        0x2 
 .text.rhclkPrescMax
                0x000008e0       0x10 ./gecko_sdk_3.2.2/platform/emlib/src/em_cmu.o
 .text.traceClkGet
                0x000008f0       0x16 ./gecko_sdk_3.2.2/platform/emlib/src/em_cmu.o
 *fill*         0x00000906        0x2 
 .text.em01GrpaClkGet
                0x00000908       0x54 ./gecko_sdk_3.2.2/platform/emlib/src/em_cmu.o
 .text.iadcClkGet
                0x0000095c       0x58 ./gecko_sdk_3.2.2/platform/emlib/src/em_cmu.o
 .text.em01GrpbClkGet
                0x000009b4       0x70 ./gecko_sdk_3.2.2/platform/emlib/src/em_cmu.o
 .text.em23GrpaClkGet
                0x00000a24       0x54 ./gecko_sdk_3.2.2/platform/emlib/src/em_cmu.o
 .text.euart0ClkGet
                0x00000a78       0x40 ./gecko_sdk_3.2.2/platform/emlib/src/em_cmu.o
 .text.sysTickClkGet
                0x00000ab8       0x42 ./gecko_sdk_3.2.2/platform/emlib/src/em_cmu.o
 *fill*         0x00000afa        0x2 
 .text.wdog0ClkGet
                0x00000afc       0x60 ./gecko_sdk_3.2.2/platform/emlib/src/em_cmu.o
 .text.rtccClkGet
                0x00000b5c       0x54 ./gecko_sdk_3.2.2/platform/emlib/src/em_cmu.o
 .text.em4GrpaClkGet
                0x00000bb0       0x54 ./gecko_sdk_3.2.2/platform/emlib/src/em_cmu.o
 .text.CMU_ClockEnable
                0x00000c04       0x54 ./gecko_sdk_3.2.2/platform/emlib/src/em_cmu.o
                0x00000c04                CMU_ClockEnable
 .text.CMU_ClockDivGet
                0x00000c58       0x94 ./gecko_sdk_3.2.2/platform/emlib/src/em_cmu.o
                0x00000c58                CMU_ClockDivGet
 .text.CMU_ClockFreqGet
                0x00000cec      0x31c ./gecko_sdk_3.2.2/platform/emlib/src/em_cmu.o
                0x00000cec                CMU_ClockFreqGet
 .text.rhclkPrescOptimize
                0x00001008       0x20 ./gecko_sdk_3.2.2/platform/emlib/src/em_cmu.o
 .text.flashWaitStateControl
                0x00001028       0x54 ./gecko_sdk_3.2.2/platform/emlib/src/em_cmu.o
 .text.waitStateMax
                0x0000107c        0xe ./gecko_sdk_3.2.2/platform/emlib/src/em_cmu.o
 .text.CMU_UpdateWaitStates
                0x0000108a       0x16 ./gecko_sdk_3.2.2/platform/emlib/src/em_cmu.o
                0x0000108a                CMU_UpdateWaitStates
 .text.CMU_ClockDivSet
                0x000010a0      0x110 ./gecko_sdk_3.2.2/platform/emlib/src/em_cmu.o
                0x000010a0                CMU_ClockDivSet
 .text.pclkDivMax
                0x000011b0        0xe ./gecko_sdk_3.2.2/platform/emlib/src/em_cmu.o
 *fill*         0x000011be        0x2 
 .text.pclkDivOptimize
                0x000011c0       0x24 ./gecko_sdk_3.2.2/platform/emlib/src/em_cmu.o
 .text.CMU_ClockSelectSet
                0x000011e4      0x470 ./gecko_sdk_3.2.2/platform/emlib/src/em_cmu.o
                0x000011e4                CMU_ClockSelectSet
 .text.CORE_EnterCritical
                0x00001654        0x8 ./gecko_sdk_3.2.2/platform/emlib/src/em_core.o
                0x00001654                CORE_EnterCritical
 .text.CORE_ExitCritical
                0x0000165c        0x6 ./gecko_sdk_3.2.2/platform/emlib/src/em_core.o
                0x0000165c                CORE_ExitCritical
 .text.CORE_EnterAtomic
                0x00001662        0xc ./gecko_sdk_3.2.2/platform/emlib/src/em_core.o
                0x00001662                CORE_EnterAtomic
 .text.CORE_ExitAtomic
                0x0000166e        0x6 ./gecko_sdk_3.2.2/platform/emlib/src/em_core.o
                0x0000166e                CORE_ExitAtomic
 .text.EMU_EFPEM01VScale
                0x00001674        0x2 ./gecko_sdk_3.2.2/platform/emlib/src/em_emu.o
                0x00001674                EMU_EFPEM01VScale
 *fill*         0x00001676        0x2 
 .text.EMU_VScaleEM01
                0x00001678       0xc0 ./gecko_sdk_3.2.2/platform/emlib/src/em_emu.o
                0x00001678                EMU_VScaleEM01
 .text.EMU_VScaleEM01ByClock
                0x00001738       0x38 ./gecko_sdk_3.2.2/platform/emlib/src/em_emu.o
                0x00001738                EMU_VScaleEM01ByClock
 .text.EMU_EM4Init
                0x00001770       0x12 ./gecko_sdk_3.2.2/platform/emlib/src/em_emu.o
                0x00001770                EMU_EM4Init
 *fill*         0x00001782        0x2 
 .text.EMU_DCDCModeSet
                0x00001784       0x80 ./gecko_sdk_3.2.2/platform/emlib/src/em_emu.o
                0x00001784                EMU_DCDCModeSet
 .text.EMU_DCDCInit
                0x00001804       0x78 ./gecko_sdk_3.2.2/platform/emlib/src/em_emu.o
                0x00001804                EMU_DCDCInit
 .text.GPIO_PinModeSet
                0x0000187c      0x1e8 ./gecko_sdk_3.2.2/platform/emlib/src/em_gpio.o
                0x0000187c                GPIO_PinModeSet
 .text.flushRx  0x00001a64       0x16 ./gecko_sdk_3.2.2/platform/emlib/src/em_i2c.o
 *fill*         0x00001a7a        0x2 
 .text.I2C_BusFreqSet
                0x00001a7c      0x140 ./gecko_sdk_3.2.2/platform/emlib/src/em_i2c.o
                0x00001a7c                I2C_BusFreqSet
 .text.I2C_Enable
                0x00001bbc       0x3c ./gecko_sdk_3.2.2/platform/emlib/src/em_i2c.o
                0x00001bbc                I2C_Enable
 .text.I2C_Init
                0x00001bf8       0x64 ./gecko_sdk_3.2.2/platform/emlib/src/em_i2c.o
                0x00001bf8                I2C_Init
 .text.I2C_Transfer
                0x00001c5c      0x308 ./gecko_sdk_3.2.2/platform/emlib/src/em_i2c.o
                0x00001c5c                I2C_Transfer
 .text.I2C_TransferInit
                0x00001f64       0xb8 ./gecko_sdk_3.2.2/platform/emlib/src/em_i2c.o
                0x00001f64                I2C_TransferInit
 .text.RTCC_ChannelInit
                0x0000201c       0x50 ./gecko_sdk_3.2.2/platform/emlib/src/em_rtcc.o
                0x0000201c                RTCC_ChannelInit
 .text.RTCC_Enable
                0x0000206c       0x88 ./gecko_sdk_3.2.2/platform/emlib/src/em_rtcc.o
                0x0000206c                RTCC_Enable
 .text.RTCC_Init
                0x000020f4       0x74 ./gecko_sdk_3.2.2/platform/emlib/src/em_rtcc.o
                0x000020f4                RTCC_Init
 .text.sl_device_init_dcdc
                0x00002168       0x24 ./gecko_sdk_3.2.2/platform/service/device_init/src/sl_device_init_dcdc_s2.o
                0x00002168                sl_device_init_dcdc
 .text.sl_device_init_emu
                0x0000218c       0x24 ./gecko_sdk_3.2.2/platform/service/device_init/src/sl_device_init_emu_s2.o
                0x0000218c                sl_device_init_emu
 .text.sl_device_init_nvic
                0x000021b0       0x38 ./gecko_sdk_3.2.2/platform/service/device_init/src/sl_device_init_nvic.o
                0x000021b0                sl_device_init_nvic
 .text.delta_list_insert_timer
                0x000021e8       0x4c ./gecko_sdk_3.2.2/platform/service/sleeptimer/src/sl_sleeptimer.o
 .text.delta_list_remove_timer
                0x00002234       0x40 ./gecko_sdk_3.2.2/platform/service/sleeptimer/src/sl_sleeptimer.o
 .text.update_next_timer_to_expire_is_power_manager
                0x00002274       0x34 ./gecko_sdk_3.2.2/platform/service/sleeptimer/src/sl_sleeptimer.o
 .text.update_first_timer_delta
                0x000022a8       0x40 ./gecko_sdk_3.2.2/platform/service/sleeptimer/src/sl_sleeptimer.o
 .text.set_comparator_for_next_timer
                0x000022e8       0x28 ./gecko_sdk_3.2.2/platform/service/sleeptimer/src/sl_sleeptimer.o
 .text.sl_sleeptimer_init
                0x00002310       0x78 ./gecko_sdk_3.2.2/platform/service/sleeptimer/src/sl_sleeptimer.o
                0x00002310                sl_sleeptimer_init
 .text.process_timer_irq
                0x00002388      0x128 ./gecko_sdk_3.2.2/platform/service/sleeptimer/src/sl_sleeptimer.o
                0x00002388                process_timer_irq
 .text.sleeptimer_hal_init_timer
                0x000024b0       0x8c ./gecko_sdk_3.2.2/platform/service/sleeptimer/src/sl_sleeptimer_hal_rtcc.o
                0x000024b0                sleeptimer_hal_init_timer
 .text.sleeptimer_hal_get_counter
                0x0000253c       0x14 ./gecko_sdk_3.2.2/platform/service/sleeptimer/src/sl_sleeptimer_hal_rtcc.o
                0x0000253c                sleeptimer_hal_get_counter
 .text.sleeptimer_hal_get_compare
                0x00002550        0x8 ./gecko_sdk_3.2.2/platform/service/sleeptimer/src/sl_sleeptimer_hal_rtcc.o
                0x00002550                sleeptimer_hal_get_compare
 .text.sleeptimer_hal_enable_int
                0x00002558       0x22 ./gecko_sdk_3.2.2/platform/service/sleeptimer/src/sl_sleeptimer_hal_rtcc.o
                0x00002558                sleeptimer_hal_enable_int
 *fill*         0x0000257a        0x2 
 .text.sleeptimer_hal_set_compare
                0x0000257c       0x60 ./gecko_sdk_3.2.2/platform/service/sleeptimer/src/sl_sleeptimer_hal_rtcc.o
                0x0000257c                sleeptimer_hal_set_compare
 .text.sleeptimer_hal_disable_int
                0x000025dc       0x3c ./gecko_sdk_3.2.2/platform/service/sleeptimer/src/sl_sleeptimer_hal_rtcc.o
                0x000025dc                sleeptimer_hal_disable_int
 .text.RTCC_IRQHandler
                0x00002618       0x3c ./gecko_sdk_3.2.2/platform/service/sleeptimer/src/sl_sleeptimer_hal_rtcc.o
                0x00002618                RTCC_IRQHandler
 .text.sleeptimer_hal_get_timer_frequency
                0x00002654        0xa ./gecko_sdk_3.2.2/platform/service/sleeptimer/src/sl_sleeptimer_hal_rtcc.o
                0x00002654                sleeptimer_hal_get_timer_frequency
 .text.sl_system_init
                0x0000265e       0x18 ./gecko_sdk_3.2.2/platform/service/system/src/sl_system_init.o
                0x0000265e                sl_system_init
 .text.sl_system_process_action
                0x00002676       0x14 ./gecko_sdk_3.2.2/platform/service/system/src/sl_system_process_action.o
                0x00002676                sl_system_process_action
 *fill*         0x0000268a        0x2 
 .text.sl_udelay_wait
                0x0000268c       0x44 ./gecko_sdk_3.2.2/platform/service/udelay/src/sl_udelay.o
                0x0000268c                sl_udelay_wait
 .text          0x000026d0        0x8 ./gecko_sdk_3.2.2/platform/service/udelay/src/sl_udelay_armv6m_gcc.o
                0x000026d0                sli_delay_loop
 .text          0x000026d8       0x30 c:/siliconlabs/simplicitystudio/v5/developer/toolchains/gnu_arm/10.2_2020q4/bin/../lib/gcc/arm-none-eabi/10.2.1/thumb/v8-m.main+fp/hard\libgcc.a(_aeabi_uldivmod.o)
                0x000026d8                __aeabi_uldivmod
 .text          0x00002708      0x2ec c:/siliconlabs/simplicitystudio/v5/developer/toolchains/gnu_arm/10.2_2020q4/bin/../lib/gcc/arm-none-eabi/10.2.1/thumb/v8-m.main+fp/hard\libgcc.a(_udivmoddi4.o)
                0x00002708                __udivmoddi4
 .text          0x000029f4        0x4 c:/siliconlabs/simplicitystudio/v5/developer/toolchains/gnu_arm/10.2_2020q4/bin/../lib/gcc/arm-none-eabi/10.2.1/thumb/v8-m.main+fp/hard\libgcc.a(_dvmd_tls.o)
                0x000029f4                __aeabi_idiv0
                0x000029f4                __aeabi_ldiv0
 .text.exit     0x000029f8       0x28 c:/siliconlabs/simplicitystudio/v5/developer/toolchains/gnu_arm/10.2_2020q4/bin/../lib/gcc/arm-none-eabi/10.2.1/../../../../arm-none-eabi/lib/thumb/v8-m.main+fp/hard\libc_nano.a(lib_a-exit.o)
                0x000029f8                exit
 .text.__libc_init_array
                0x00002a20       0x48 c:/siliconlabs/simplicitystudio/v5/developer/toolchains/gnu_arm/10.2_2020q4/bin/../lib/gcc/arm-none-eabi/10.2.1/../../../../arm-none-eabi/lib/thumb/v8-m.main+fp/hard\libc_nano.a(lib_a-init.o)
                0x00002a20                __libc_init_array
 .text.memset   0x00002a68       0x10 c:/siliconlabs/simplicitystudio/v5/developer/toolchains/gnu_arm/10.2_2020q4/bin/../lib/gcc/arm-none-eabi/10.2.1/../../../../arm-none-eabi/lib/thumb/v8-m.main+fp/hard\libc_nano.a(lib_a-memset.o)
                0x00002a68                memset
 .text._exit    0x00002a78        0x4 c:/siliconlabs/simplicitystudio/v5/developer/toolchains/gnu_arm/10.2_2020q4/bin/../lib/gcc/arm-none-eabi/10.2.1/../../../../arm-none-eabi/lib/thumb/v8-m.main+fp/hard\libnosys.a(_exit.o)
                0x00002a78                _exit
                0x00002a7c                linker_code_end = .
 *(.init)
 .init          0x00002a7c        0x4 c:/siliconlabs/simplicitystudio/v5/developer/toolchains/gnu_arm/10.2_2020q4/bin/../lib/gcc/arm-none-eabi/10.2.1/thumb/v8-m.main+fp/hard/crti.o
                0x00002a7c                _init
 .init          0x00002a80        0x8 c:/siliconlabs/simplicitystudio/v5/developer/toolchains/gnu_arm/10.2_2020q4/bin/../lib/gcc/arm-none-eabi/10.2.1/thumb/v8-m.main+fp/hard/crtn.o
 *(.fini)
 .fini          0x00002a88        0x4 c:/siliconlabs/simplicitystudio/v5/developer/toolchains/gnu_arm/10.2_2020q4/bin/../lib/gcc/arm-none-eabi/10.2.1/thumb/v8-m.main+fp/hard/crti.o
                0x00002a88                _fini
 .fini          0x00002a8c        0x8 c:/siliconlabs/simplicitystudio/v5/developer/toolchains/gnu_arm/10.2_2020q4/bin/../lib/gcc/arm-none-eabi/10.2.1/thumb/v8-m.main+fp/hard/crtn.o
 *crtbegin.o(.ctors)
 *crtbegin?.o(.ctors)
 *(EXCLUDE_FILE(*crtend.o *crtend?.o) .ctors)
 *(SORT_BY_NAME(.ctors.*))
 *(.ctors)
 *crtbegin.o(.dtors)
 *crtbegin?.o(.dtors)
 *(EXCLUDE_FILE(*crtend.o *crtend?.o) .dtors)
 *(SORT_BY_NAME(.dtors.*))
 *(.dtors)
 *(.rodata*)
 .rodata.app_init.str1.4
                0x00002a94       0x64 ./app.o
 .rodata        0x00002af8       0x10 ./i2c.o
 .rodata.si1132_init.str1.4
                0x00002b08       0x64 ./si1132.o
 .rodata.HFRCODPLLDevinfoGet.str1.4
                0x00002b08       0x63 ./gecko_sdk_3.2.2/platform/emlib/src/em_cmu.o
 *fill*         0x00002b6b        0x1 
 .rodata.EMU_VScaleEM01.str1.4
                0x00002b6c       0x63 ./gecko_sdk_3.2.2/platform/emlib/src/em_emu.o
 *fill*         0x00002bcf        0x1 
 .rodata.GPIO_ExtIntConfig.str1.4
                0x00002bd0       0xc7 ./gecko_sdk_3.2.2/platform/emlib/src/em_gpio.o
 .rodata.GPIO_PinModeSet.str1.4
                0x00002c97       0x64 ./gecko_sdk_3.2.2/platform/emlib/src/em_gpio.o
 *fill*         0x00002c97        0x1 
 .rodata.I2C_BusFreqGet.str1.4
                0x00002c98       0x63 ./gecko_sdk_3.2.2/platform/emlib/src/em_i2c.o
 *fill*         0x00002cfb        0x1 
 .rodata.i2cNSum
                0x00002cfc        0x4 ./gecko_sdk_3.2.2/platform/emlib/src/em_i2c.o
 .rodata.RTCC_ChannelInit.str1.4
                0x00002d00       0x64 ./gecko_sdk_3.2.2/platform/emlib/src/em_rtcc.o
 .rodata        0x00002d64        0x8 ./gecko_sdk_3.2.2/platform/service/device_init/src/sl_device_init_dcdc_s2.o
 .rodata        0x00002d6c        0xd ./gecko_sdk_3.2.2/platform/service/sleeptimer/src/sl_sleeptimer_hal_rtcc.o
 *fill*         0x00002d79        0x3 
 .rodata._global_impure_ptr
                0x00002d7c        0x4 c:/siliconlabs/simplicitystudio/v5/developer/toolchains/gnu_arm/10.2_2020q4/bin/../lib/gcc/arm-none-eabi/10.2.1/../../../../arm-none-eabi/lib/thumb/v8-m.main+fp/hard\libc_nano.a(lib_a-impure.o)
                0x00002d7c                _global_impure_ptr
 *(.eh_frame*)
 .eh_frame      0x00002d80        0x0 c:/siliconlabs/simplicitystudio/v5/developer/toolchains/gnu_arm/10.2_2020q4/bin/../lib/gcc/arm-none-eabi/10.2.1/thumb/v8-m.main+fp/hard/crtbegin.o

.glue_7         0x00002d80        0x0
 .glue_7        0x00002d80        0x0 linker stubs

.glue_7t        0x00002d80        0x0
 .glue_7t       0x00002d80        0x0 linker stubs

.vfp11_veneer   0x00002d80        0x0
 .vfp11_veneer  0x00002d80        0x0 linker stubs

.v4_bx          0x00002d80        0x0
 .v4_bx         0x00002d80        0x0 linker stubs

.iplt           0x00002d80        0x0
 .iplt          0x00002d80        0x0 c:/siliconlabs/simplicitystudio/v5/developer/toolchains/gnu_arm/10.2_2020q4/bin/../lib/gcc/arm-none-eabi/10.2.1/thumb/v8-m.main+fp/hard/crtbegin.o

.ARM.extab
 *(.ARM.extab* .gnu.linkonce.armextab.*)
                0x00002d80                __exidx_start = .

.ARM.exidx      0x00002d80        0x8
 *(.ARM.exidx* .gnu.linkonce.armexidx.*)
 .ARM.exidx     0x00002d80        0x8 c:/siliconlabs/simplicitystudio/v5/developer/toolchains/gnu_arm/10.2_2020q4/bin/../lib/gcc/arm-none-eabi/10.2.1/../../../../arm-none-eabi/lib/thumb/v8-m.main+fp/hard/crt0.o
                                 0x10 (size before relaxing)
 .ARM.exidx     0x00002d88        0x0 c:/siliconlabs/simplicitystudio/v5/developer/toolchains/gnu_arm/10.2_2020q4/bin/../lib/gcc/arm-none-eabi/10.2.1/thumb/v8-m.main+fp/hard\libgcc.a(_udivmoddi4.o)
                                  0x8 (size before relaxing)
                0x00002d88                __exidx_end = .
                0x00002d88                __etext = .

.rel.dyn        0x00002d88        0x0
 .rel.iplt      0x00002d88        0x0 c:/siliconlabs/simplicitystudio/v5/developer/toolchains/gnu_arm/10.2_2020q4/bin/../lib/gcc/arm-none-eabi/10.2.1/thumb/v8-m.main+fp/hard/crtbegin.o
                0x20000000                . = ORIGIN (RAM)

.stack          0x20000000     0x1000
                0x20000000                __StackLimit = .
 *(.stack*)
 .stack         0x20000000        0x0 ./gecko_sdk_3.2.2/platform/Device/SiliconLabs/EFR32BG22/Source/GCC/startup_efr32bg22.o
 .stack         0x20000000     0x1000 ./gecko_sdk_3.2.2/platform/common/toolchain/src/sl_memory.o
                0x20001000                . = ALIGN (0x4)
                0x20001000                __StackTop = .
                0x20001000                PROVIDE (__stack = __StackTop)

.noinit
 *(.noinit*)

.data           0x20001000       0x8c load address 0x00002d88
                0x20001000                . = ALIGN (0x4)
                0x20001000                __data_start__ = .
 *(vtable)
 *(.data*)
 .data.sensors  0x20001000       0x10 ./app.o
                0x20001000                sensors
 .data.SystemCoreClock
                0x20001010        0x4 ./gecko_sdk_3.2.2/platform/Device/SiliconLabs/EFR32BG22/Source/system_efr32bg22.o
                0x20001010                SystemCoreClock
 .data.SystemHFRCODPLLClock
                0x20001014        0x4 ./gecko_sdk_3.2.2/platform/Device/SiliconLabs/EFR32BG22/Source/system_efr32bg22.o
 .data.SystemHFXOClock
                0x20001018        0x4 ./gecko_sdk_3.2.2/platform/Device/SiliconLabs/EFR32BG22/Source/system_efr32bg22.o
 .data.SystemLFXOClock
                0x2000101c        0x4 ./gecko_sdk_3.2.2/platform/Device/SiliconLabs/EFR32BG22/Source/system_efr32bg22.o
 .data.cc_disabled
                0x20001020        0x1 ./gecko_sdk_3.2.2/platform/service/sleeptimer/src/sl_sleeptimer_hal_rtcc.o
 *fill*         0x20001021        0x3 
 .data.impure_data
                0x20001024       0x60 c:/siliconlabs/simplicitystudio/v5/developer/toolchains/gnu_arm/10.2_2020q4/bin/../lib/gcc/arm-none-eabi/10.2.1/../../../../arm-none-eabi/lib/thumb/v8-m.main+fp/hard\libc_nano.a(lib_a-impure.o)
                0x20001084                . = ALIGN (0x4)
                [!provide]                PROVIDE (__ram_func_section_start = .)
 *(.ram)
                [!provide]                PROVIDE (__ram_func_section_end = .)
                0x20001084                . = ALIGN (0x4)
                0x20001084                PROVIDE (__preinit_array_start = .)
 *(.preinit_array)
                0x20001084                PROVIDE (__preinit_array_end = .)
                0x20001084                . = ALIGN (0x4)
                0x20001084                PROVIDE (__init_array_start = .)
 *(SORT_BY_NAME(.init_array.*))
 *(.init_array)
 .init_array    0x20001084        0x4 c:/siliconlabs/simplicitystudio/v5/developer/toolchains/gnu_arm/10.2_2020q4/bin/../lib/gcc/arm-none-eabi/10.2.1/thumb/v8-m.main+fp/hard/crtbegin.o
                0x20001088                PROVIDE (__init_array_end = .)
                0x20001088                . = ALIGN (0x4)
                [!provide]                PROVIDE (__fini_array_start = .)
 *(SORT_BY_NAME(.fini_array.*))
 *(.fini_array)
 .fini_array    0x20001088        0x4 c:/siliconlabs/simplicitystudio/v5/developer/toolchains/gnu_arm/10.2_2020q4/bin/../lib/gcc/arm-none-eabi/10.2.1/thumb/v8-m.main+fp/hard/crtbegin.o
                [!provide]                PROVIDE (__fini_array_end = .)
                0x2000108c                . = ALIGN (0x4)
                0x2000108c                __data_end__ = .

.igot.plt       0x2000108c        0x0 load address 0x00002e14
 .igot.plt      0x2000108c        0x0 c:/siliconlabs/simplicitystudio/v5/developer/toolchains/gnu_arm/10.2_2020q4/bin/../lib/gcc/arm-none-eabi/10.2.1/thumb/v8-m.main+fp/hard/crtbegin.o

.bss            0x2000108c       0x5c load address 0x00002e14
                0x2000108c                . = ALIGN (0x4)
                0x2000108c                __bss_start__ = .
 *(.bss*)
 .bss           0x2000108c       0x1c c:/siliconlabs/simplicitystudio/v5/developer/toolchains/gnu_arm/10.2_2020q4/bin/../lib/gcc/arm-none-eabi/10.2.1/thumb/v8-m.main+fp/hard/crtbegin.o
 .bss.UV_data   0x200010a8        0x8 ./app.o
                0x200010a8                UV_data
 .bss.vScaleEM01Config
                0x200010b0        0x1 ./gecko_sdk_3.2.2/platform/emlib/src/em_emu.o
 *fill*         0x200010b1        0x3 
 .bss.i2cTransfer
                0x200010b4       0x18 ./gecko_sdk_3.2.2/platform/emlib/src/em_i2c.o
 .bss.is_sleeptimer_initialized
                0x200010cc        0x1 ./gecko_sdk_3.2.2/platform/service/sleeptimer/src/sl_sleeptimer.o
 *fill*         0x200010cd        0x3 
 .bss.last_delta_update_count
                0x200010d0        0x4 ./gecko_sdk_3.2.2/platform/service/sleeptimer/src/sl_sleeptimer.o
 .bss.max_millisecond_conversion
                0x200010d4        0x4 ./gecko_sdk_3.2.2/platform/service/sleeptimer/src/sl_sleeptimer.o
 .bss.next_timer_to_expire_is_power_manager
                0x200010d8        0x1 ./gecko_sdk_3.2.2/platform/service/sleeptimer/src/sl_sleeptimer.o
 *fill*         0x200010d9        0x1 
 .bss.overflow_counter
                0x200010da        0x2 ./gecko_sdk_3.2.2/platform/service/sleeptimer/src/sl_sleeptimer.o
 .bss.sleep_on_isr_exit
                0x200010dc        0x1 ./gecko_sdk_3.2.2/platform/service/sleeptimer/src/sl_sleeptimer.o
 *fill*         0x200010dd        0x3 
 .bss.timer_frequency
                0x200010e0        0x4 ./gecko_sdk_3.2.2/platform/service/sleeptimer/src/sl_sleeptimer.o
 .bss.timer_head
                0x200010e4        0x4 ./gecko_sdk_3.2.2/platform/service/sleeptimer/src/sl_sleeptimer.o
 *(COMMON)
                0x200010e8                . = ALIGN (0x4)
                0x200010e8                __bss_end__ = .

.heap           0x200010e8     0x6f18
                0x200010e8                __HeapBase = .
                0x200010e8                __end__ = .
                0x200010e8                end = __end__
                0x200010e8                _end = __end__
 *(.heap*)
 .heap          0x200010e8      0x800 ./gecko_sdk_3.2.2/platform/common/toolchain/src/sl_memory.o
                0x20008000                . = (ORIGIN (RAM) + LENGTH (RAM))
 *fill*         0x200018e8     0x6718 
                0x20008000                __HeapLimit = .
                0x00006f18                __heap_size = (__HeapLimit - __HeapBase)
                0x0007e000                __main_flash_end__ = 0x7e000

.internal_storage
                0x00002d88        0x0
 *(.internal_storage*)

.nvm            0x00002d88        0x0
 *(.simee*)
                0x0007e000                linker_nvm_end = __main_flash_end__
                0x0007e000                linker_nvm_begin = (linker_nvm_end - SIZEOF (.nvm))
                0x00000000                linker_nvm_size = SIZEOF (.nvm)
                0x0007e000                linker_storage_end = linker_nvm_begin
                0x0007e000                linker_storage_begin = (linker_storage_end - SIZEOF (.internal_storage))
                0x00000000                linker_storage_size = SIZEOF (.internal_storage)
                0x0007e000                __nvm3Base = linker_nvm_begin
OUTPUT(UV.axf elf32-littlearm)
LOAD linker stubs

.ARM.attributes
                0x00000000       0x36
 .ARM.attributes
                0x00000000       0x22 c:/siliconlabs/simplicitystudio/v5/developer/toolchains/gnu_arm/10.2_2020q4/bin/../lib/gcc/arm-none-eabi/10.2.1/thumb/v8-m.main+fp/hard/crti.o
 .ARM.attributes
                0x00000022       0x38 c:/siliconlabs/simplicitystudio/v5/developer/toolchains/gnu_arm/10.2_2020q4/bin/../lib/gcc/arm-none-eabi/10.2.1/thumb/v8-m.main+fp/hard/crtbegin.o
 .ARM.attributes
                0x0000005a       0x20 c:/siliconlabs/simplicitystudio/v5/developer/toolchains/gnu_arm/10.2_2020q4/bin/../lib/gcc/arm-none-eabi/10.2.1/../../../../arm-none-eabi/lib/thumb/v8-m.main+fp/hard/crt0.o
 .ARM.attributes
                0x0000007a       0x3a ./app.o
 .ARM.attributes
                0x000000b4       0x3a ./i2c.o
 .ARM.attributes
                0x000000ee       0x3a ./main.o
 .ARM.attributes
                0x00000128       0x3a ./si1132.o
 .ARM.attributes
                0x00000162       0x3a ./autogen/sl_device_init_clocks.o
 .ARM.attributes
                0x0000019c       0x3a ./autogen/sl_emlib_gpio_simple_init.o
 .ARM.attributes
                0x000001d6       0x3a ./autogen/sl_event_handler.o
 .ARM.attributes
                0x00000210       0x3a ./gecko_sdk_3.2.2/platform/Device/SiliconLabs/EFR32BG22/Source/GCC/startup_efr32bg22.o
 .ARM.attributes
                0x0000024a       0x3a ./gecko_sdk_3.2.2/platform/Device/SiliconLabs/EFR32BG22/Source/system_efr32bg22.o
 .ARM.attributes
                0x00000284       0x3a ./gecko_sdk_3.2.2/platform/common/toolchain/src/sl_memory.o
 .ARM.attributes
                0x000002be       0x3a ./gecko_sdk_3.2.2/platform/emlib/src/em_assert.o
 .ARM.attributes
                0x000002f8       0x3a ./gecko_sdk_3.2.2/platform/emlib/src/em_cmu.o
 .ARM.attributes
                0x00000332       0x3a ./gecko_sdk_3.2.2/platform/emlib/src/em_core.o
 .ARM.attributes
                0x0000036c       0x3a ./gecko_sdk_3.2.2/platform/emlib/src/em_emu.o
 .ARM.attributes
                0x000003a6       0x3a ./gecko_sdk_3.2.2/platform/emlib/src/em_gpio.o
 .ARM.attributes
                0x000003e0       0x3a ./gecko_sdk_3.2.2/platform/emlib/src/em_i2c.o
 .ARM.attributes
                0x0000041a       0x3a ./gecko_sdk_3.2.2/platform/emlib/src/em_rtcc.o
 .ARM.attributes
                0x00000454       0x3a ./gecko_sdk_3.2.2/platform/service/device_init/src/sl_device_init_dcdc_s2.o
 .ARM.attributes
                0x0000048e       0x3a ./gecko_sdk_3.2.2/platform/service/device_init/src/sl_device_init_emu_s2.o
 .ARM.attributes
                0x000004c8       0x3a ./gecko_sdk_3.2.2/platform/service/device_init/src/sl_device_init_nvic.o
 .ARM.attributes
                0x00000502       0x3a ./gecko_sdk_3.2.2/platform/service/sleeptimer/src/sl_sleeptimer.o
 .ARM.attributes
                0x0000053c       0x3a ./gecko_sdk_3.2.2/platform/service/sleeptimer/src/sl_sleeptimer_hal_rtcc.o
 .ARM.attributes
                0x00000576       0x3a ./gecko_sdk_3.2.2/platform/service/system/src/sl_system_init.o
 .ARM.attributes
                0x000005b0       0x3a ./gecko_sdk_3.2.2/platform/service/system/src/sl_system_process_action.o
 .ARM.attributes
                0x000005ea       0x3a ./gecko_sdk_3.2.2/platform/service/udelay/src/sl_udelay.o
 .ARM.attributes
                0x00000624       0x26 ./gecko_sdk_3.2.2/platform/service/udelay/src/sl_udelay_armv6m_gcc.o
 .ARM.attributes
                0x0000064a       0x22 c:/siliconlabs/simplicitystudio/v5/developer/toolchains/gnu_arm/10.2_2020q4/bin/../lib/gcc/arm-none-eabi/10.2.1/thumb/v8-m.main+fp/hard\libgcc.a(_aeabi_uldivmod.o)
 .ARM.attributes
                0x0000066c       0x38 c:/siliconlabs/simplicitystudio/v5/developer/toolchains/gnu_arm/10.2_2020q4/bin/../lib/gcc/arm-none-eabi/10.2.1/thumb/v8-m.main+fp/hard\libgcc.a(_udivmoddi4.o)
 .ARM.attributes
                0x000006a4       0x22 c:/siliconlabs/simplicitystudio/v5/developer/toolchains/gnu_arm/10.2_2020q4/bin/../lib/gcc/arm-none-eabi/10.2.1/thumb/v8-m.main+fp/hard\libgcc.a(_dvmd_tls.o)
 .ARM.attributes
                0x000006c6       0x38 c:/siliconlabs/simplicitystudio/v5/developer/toolchains/gnu_arm/10.2_2020q4/bin/../lib/gcc/arm-none-eabi/10.2.1/../../../../arm-none-eabi/lib/thumb/v8-m.main+fp/hard\libc_nano.a(lib_a-exit.o)
 .ARM.attributes
                0x000006fe       0x36 c:/siliconlabs/simplicitystudio/v5/developer/toolchains/gnu_arm/10.2_2020q4/bin/../lib/gcc/arm-none-eabi/10.2.1/../../../../arm-none-eabi/lib/thumb/v8-m.main+fp/hard\libc_nano.a(lib_a-impure.o)
 .ARM.attributes
                0x00000734       0x38 c:/siliconlabs/simplicitystudio/v5/developer/toolchains/gnu_arm/10.2_2020q4/bin/../lib/gcc/arm-none-eabi/10.2.1/../../../../arm-none-eabi/lib/thumb/v8-m.main+fp/hard\libc_nano.a(lib_a-init.o)
 .ARM.attributes
                0x0000076c       0x38 c:/siliconlabs/simplicitystudio/v5/developer/toolchains/gnu_arm/10.2_2020q4/bin/../lib/gcc/arm-none-eabi/10.2.1/../../../../arm-none-eabi/lib/thumb/v8-m.main+fp/hard\libc_nano.a(lib_a-memset.o)
 .ARM.attributes
                0x000007a4       0x38 c:/siliconlabs/simplicitystudio/v5/developer/toolchains/gnu_arm/10.2_2020q4/bin/../lib/gcc/arm-none-eabi/10.2.1/../../../../arm-none-eabi/lib/thumb/v8-m.main+fp/hard\libnosys.a(_exit.o)
 .ARM.attributes
                0x000007dc       0x22 c:/siliconlabs/simplicitystudio/v5/developer/toolchains/gnu_arm/10.2_2020q4/bin/../lib/gcc/arm-none-eabi/10.2.1/thumb/v8-m.main+fp/hard/crtn.o

.comment        0x00000000       0x4d
 .comment       0x00000000       0x4d ./app.o
                                 0x4e (size before relaxing)
 .comment       0x0000004d       0x4e ./i2c.o
 .comment       0x0000004d       0x4e ./main.o
 .comment       0x0000004d       0x4e ./si1132.o
 .comment       0x0000004d       0x4e ./autogen/sl_device_init_clocks.o
 .comment       0x0000004d       0x4e ./autogen/sl_emlib_gpio_simple_init.o
 .comment       0x0000004d       0x4e ./autogen/sl_event_handler.o
 .comment       0x0000004d       0x4e ./gecko_sdk_3.2.2/platform/Device/SiliconLabs/EFR32BG22/Source/GCC/startup_efr32bg22.o
 .comment       0x0000004d       0x4e ./gecko_sdk_3.2.2/platform/Device/SiliconLabs/EFR32BG22/Source/system_efr32bg22.o
 .comment       0x0000004d       0x4e ./gecko_sdk_3.2.2/platform/common/toolchain/src/sl_memory.o
 .comment       0x0000004d       0x4e ./gecko_sdk_3.2.2/platform/emlib/src/em_assert.o
 .comment       0x0000004d       0x4e ./gecko_sdk_3.2.2/platform/emlib/src/em_cmu.o
 .comment       0x0000004d       0x4e ./gecko_sdk_3.2.2/platform/emlib/src/em_core.o
 .comment       0x0000004d       0x4e ./gecko_sdk_3.2.2/platform/emlib/src/em_emu.o
 .comment       0x0000004d       0x4e ./gecko_sdk_3.2.2/platform/emlib/src/em_gpio.o
 .comment       0x0000004d       0x4e ./gecko_sdk_3.2.2/platform/emlib/src/em_i2c.o
 .comment       0x0000004d       0x4e ./gecko_sdk_3.2.2/platform/emlib/src/em_rtcc.o
 .comment       0x0000004d       0x4e ./gecko_sdk_3.2.2/platform/service/device_init/src/sl_device_init_dcdc_s2.o
 .comment       0x0000004d       0x4e ./gecko_sdk_3.2.2/platform/service/device_init/src/sl_device_init_emu_s2.o
 .comment       0x0000004d       0x4e ./gecko_sdk_3.2.2/platform/service/device_init/src/sl_device_init_nvic.o
 .comment       0x0000004d       0x4e ./gecko_sdk_3.2.2/platform/service/sleeptimer/src/sl_sleeptimer.o
 .comment       0x0000004d       0x4e ./gecko_sdk_3.2.2/platform/service/sleeptimer/src/sl_sleeptimer_hal_rtcc.o
 .comment       0x0000004d       0x4e ./gecko_sdk_3.2.2/platform/service/system/src/sl_system_init.o
 .comment       0x0000004d       0x4e ./gecko_sdk_3.2.2/platform/service/system/src/sl_system_process_action.o
 .comment       0x0000004d       0x4e ./gecko_sdk_3.2.2/platform/service/udelay/src/sl_udelay.o

.debug_info     0x00000000    0x1dd6b
 .debug_info    0x00000000     0x1975 ./app.o
 .debug_info    0x00001975     0x1db3 ./i2c.o
 .debug_info    0x00003728       0xf7 ./main.o
 .debug_info    0x0000381f     0x1dda ./si1132.o
 .debug_info    0x000055f9      0x387 ./autogen/sl_device_init_clocks.o
 .debug_info    0x00005980      0x3c5 ./autogen/sl_emlib_gpio_simple_init.o
 .debug_info    0x00005d45     0x1251 ./autogen/sl_event_handler.o
 .debug_info    0x00006f96      0x21f ./gecko_sdk_3.2.2/platform/Device/SiliconLabs/EFR32BG22/Source/GCC/startup_efr32bg22.o
 .debug_info    0x000071b5     0x135e ./gecko_sdk_3.2.2/platform/Device/SiliconLabs/EFR32BG22/Source/system_efr32bg22.o
 .debug_info    0x00008513      0x1ff ./gecko_sdk_3.2.2/platform/common/toolchain/src/sl_memory.o
 .debug_info    0x00008712       0x8a ./gecko_sdk_3.2.2/platform/emlib/src/em_assert.o
 .debug_info    0x0000879c     0x7473 ./gecko_sdk_3.2.2/platform/emlib/src/em_cmu.o
 .debug_info    0x0000fc0f     0x13dd ./gecko_sdk_3.2.2/platform/emlib/src/em_core.o
 .debug_info    0x00010fec     0x3967 ./gecko_sdk_3.2.2/platform/emlib/src/em_emu.o
 .debug_info    0x00014953     0x2242 ./gecko_sdk_3.2.2/platform/emlib/src/em_gpio.o
 .debug_info    0x00016b95     0x1387 ./gecko_sdk_3.2.2/platform/emlib/src/em_i2c.o
 .debug_info    0x00017f1c     0x1f41 ./gecko_sdk_3.2.2/platform/emlib/src/em_rtcc.o
 .debug_info    0x00019e5d      0x2ad ./gecko_sdk_3.2.2/platform/service/device_init/src/sl_device_init_dcdc_s2.o
 .debug_info    0x0001a10a      0x9ab ./gecko_sdk_3.2.2/platform/service/device_init/src/sl_device_init_emu_s2.o
 .debug_info    0x0001aab5      0x895 ./gecko_sdk_3.2.2/platform/service/device_init/src/sl_device_init_nvic.o
 .debug_info    0x0001b34a     0x13df ./gecko_sdk_3.2.2/platform/service/sleeptimer/src/sl_sleeptimer.o
 .debug_info    0x0001c729     0x1358 ./gecko_sdk_3.2.2/platform/service/sleeptimer/src/sl_sleeptimer_hal_rtcc.o
 .debug_info    0x0001da81       0xbd ./gecko_sdk_3.2.2/platform/service/system/src/sl_system_init.o
 .debug_info    0x0001db3e       0xa6 ./gecko_sdk_3.2.2/platform/service/system/src/sl_system_process_action.o
 .debug_info    0x0001dbe4      0x161 ./gecko_sdk_3.2.2/platform/service/udelay/src/sl_udelay.o
 .debug_info    0x0001dd45       0x26 ./gecko_sdk_3.2.2/platform/service/udelay/src/sl_udelay_armv6m_gcc.o

.debug_abbrev   0x00000000     0x2ec7
 .debug_abbrev  0x00000000      0x20c ./app.o
 .debug_abbrev  0x0000020c      0x201 ./i2c.o
 .debug_abbrev  0x0000040d       0x6c ./main.o
 .debug_abbrev  0x00000479      0x20d ./si1132.o
 .debug_abbrev  0x00000686       0xdb ./autogen/sl_device_init_clocks.o
 .debug_abbrev  0x00000761       0xbb ./autogen/sl_emlib_gpio_simple_init.o
 .debug_abbrev  0x0000081c      0x179 ./autogen/sl_event_handler.o
 .debug_abbrev  0x00000995      0x148 ./gecko_sdk_3.2.2/platform/Device/SiliconLabs/EFR32BG22/Source/GCC/startup_efr32bg22.o
 .debug_abbrev  0x00000add      0x245 ./gecko_sdk_3.2.2/platform/Device/SiliconLabs/EFR32BG22/Source/system_efr32bg22.o
 .debug_abbrev  0x00000d22      0x121 ./gecko_sdk_3.2.2/platform/common/toolchain/src/sl_memory.o
 .debug_abbrev  0x00000e43       0x6f ./gecko_sdk_3.2.2/platform/emlib/src/em_assert.o
 .debug_abbrev  0x00000eb2      0x463 ./gecko_sdk_3.2.2/platform/emlib/src/em_cmu.o
 .debug_abbrev  0x00001315      0x301 ./gecko_sdk_3.2.2/platform/emlib/src/em_core.o
 .debug_abbrev  0x00001616      0x3d8 ./gecko_sdk_3.2.2/platform/emlib/src/em_emu.o
 .debug_abbrev  0x000019ee      0x325 ./gecko_sdk_3.2.2/platform/emlib/src/em_gpio.o
 .debug_abbrev  0x00001d13      0x388 ./gecko_sdk_3.2.2/platform/emlib/src/em_i2c.o
 .debug_abbrev  0x0000209b      0x28a ./gecko_sdk_3.2.2/platform/emlib/src/em_rtcc.o
 .debug_abbrev  0x00002325       0xe3 ./gecko_sdk_3.2.2/platform/service/device_init/src/sl_device_init_dcdc_s2.o
 .debug_abbrev  0x00002408      0x13d ./gecko_sdk_3.2.2/platform/service/device_init/src/sl_device_init_emu_s2.o
 .debug_abbrev  0x00002545      0x149 ./gecko_sdk_3.2.2/platform/service/device_init/src/sl_device_init_nvic.o
 .debug_abbrev  0x0000268e      0x32b ./gecko_sdk_3.2.2/platform/service/sleeptimer/src/sl_sleeptimer.o
 .debug_abbrev  0x000029b9      0x386 ./gecko_sdk_3.2.2/platform/service/sleeptimer/src/sl_sleeptimer_hal_rtcc.o
 .debug_abbrev  0x00002d3f       0x54 ./gecko_sdk_3.2.2/platform/service/system/src/sl_system_init.o
 .debug_abbrev  0x00002d93       0x54 ./gecko_sdk_3.2.2/platform/service/system/src/sl_system_process_action.o
 .debug_abbrev  0x00002de7       0xcc ./gecko_sdk_3.2.2/platform/service/udelay/src/sl_udelay.o
 .debug_abbrev  0x00002eb3       0x14 ./gecko_sdk_3.2.2/platform/service/udelay/src/sl_udelay_armv6m_gcc.o

.debug_loc      0x00000000     0x8c60
 .debug_loc     0x00000000      0x13c ./app.o
 .debug_loc     0x0000013c      0x45c ./i2c.o
 .debug_loc     0x00000598       0x20 ./main.o
 .debug_loc     0x000005b8      0x5ff ./si1132.o
 .debug_loc     0x00000bb7       0x20 ./autogen/sl_device_init_clocks.o
 .debug_loc     0x00000bd7       0x20 ./autogen/sl_emlib_gpio_simple_init.o
 .debug_loc     0x00000bf7       0x7d ./autogen/sl_event_handler.o
 .debug_loc     0x00000c74       0x82 ./gecko_sdk_3.2.2/platform/Device/SiliconLabs/EFR32BG22/Source/GCC/startup_efr32bg22.o
 .debug_loc     0x00000cf6      0x139 ./gecko_sdk_3.2.2/platform/Device/SiliconLabs/EFR32BG22/Source/system_efr32bg22.o
 .debug_loc     0x00000e2f       0x47 ./gecko_sdk_3.2.2/platform/common/toolchain/src/sl_memory.o
 .debug_loc     0x00000e76       0x2a ./gecko_sdk_3.2.2/platform/emlib/src/em_assert.o
 .debug_loc     0x00000ea0     0x35b0 ./gecko_sdk_3.2.2/platform/emlib/src/em_cmu.o
 .debug_loc     0x00004450      0xa11 ./gecko_sdk_3.2.2/platform/emlib/src/em_core.o
 .debug_loc     0x00004e61      0x82a ./gecko_sdk_3.2.2/platform/emlib/src/em_emu.o
 .debug_loc     0x0000568b      0xa94 ./gecko_sdk_3.2.2/platform/emlib/src/em_gpio.o
 .debug_loc     0x0000611f      0xcf7 ./gecko_sdk_3.2.2/platform/emlib/src/em_i2c.o
 .debug_loc     0x00006e16       0xd3 ./gecko_sdk_3.2.2/platform/emlib/src/em_rtcc.o
 .debug_loc     0x00006ee9       0x38 ./gecko_sdk_3.2.2/platform/service/device_init/src/sl_device_init_dcdc_s2.o
 .debug_loc     0x00006f21       0x38 ./gecko_sdk_3.2.2/platform/service/device_init/src/sl_device_init_emu_s2.o
 .debug_loc     0x00006f59       0x77 ./gecko_sdk_3.2.2/platform/service/device_init/src/sl_device_init_nvic.o
 .debug_loc     0x00006fd0     0x16fd ./gecko_sdk_3.2.2/platform/service/sleeptimer/src/sl_sleeptimer.o
 .debug_loc     0x000086cd      0x461 ./gecko_sdk_3.2.2/platform/service/sleeptimer/src/sl_sleeptimer_hal_rtcc.o
 .debug_loc     0x00008b2e       0x20 ./gecko_sdk_3.2.2/platform/service/system/src/sl_system_init.o
 .debug_loc     0x00008b4e       0x20 ./gecko_sdk_3.2.2/platform/service/system/src/sl_system_process_action.o
 .debug_loc     0x00008b6e       0xf2 ./gecko_sdk_3.2.2/platform/service/udelay/src/sl_udelay.o

.debug_aranges  0x00000000      0x8f0
 .debug_aranges
                0x00000000       0x28 ./app.o
 .debug_aranges
                0x00000028       0x40 ./i2c.o
 .debug_aranges
                0x00000068       0x20 ./main.o
 .debug_aranges
                0x00000088       0x50 ./si1132.o
 .debug_aranges
                0x000000d8       0x20 ./autogen/sl_device_init_clocks.o
 .debug_aranges
                0x000000f8       0x20 ./autogen/sl_emlib_gpio_simple_init.o
 .debug_aranges
                0x00000118       0x60 ./autogen/sl_event_handler.o
 .debug_aranges
                0x00000178       0x28 ./gecko_sdk_3.2.2/platform/Device/SiliconLabs/EFR32BG22/Source/GCC/startup_efr32bg22.o
 .debug_aranges
                0x000001a0       0x88 ./gecko_sdk_3.2.2/platform/Device/SiliconLabs/EFR32BG22/Source/system_efr32bg22.o
 .debug_aranges
                0x00000228       0x30 ./gecko_sdk_3.2.2/platform/common/toolchain/src/sl_memory.o
 .debug_aranges
                0x00000258       0x20 ./gecko_sdk_3.2.2/platform/emlib/src/em_assert.o
 .debug_aranges
                0x00000278      0x168 ./gecko_sdk_3.2.2/platform/emlib/src/em_cmu.o
 .debug_aranges
                0x000003e0       0xe0 ./gecko_sdk_3.2.2/platform/emlib/src/em_core.o
 .debug_aranges
                0x000004c0      0x120 ./gecko_sdk_3.2.2/platform/emlib/src/em_emu.o
 .debug_aranges
                0x000005e0       0x40 ./gecko_sdk_3.2.2/platform/emlib/src/em_gpio.o
 .debug_aranges
                0x00000620       0x58 ./gecko_sdk_3.2.2/platform/emlib/src/em_i2c.o
 .debug_aranges
                0x00000678       0x40 ./gecko_sdk_3.2.2/platform/emlib/src/em_rtcc.o
 .debug_aranges
                0x000006b8       0x20 ./gecko_sdk_3.2.2/platform/service/device_init/src/sl_device_init_dcdc_s2.o
 .debug_aranges
                0x000006d8       0x20 ./gecko_sdk_3.2.2/platform/service/device_init/src/sl_device_init_emu_s2.o
 .debug_aranges
                0x000006f8       0x20 ./gecko_sdk_3.2.2/platform/service/device_init/src/sl_device_init_nvic.o
 .debug_aranges
                0x00000718       0xf8 ./gecko_sdk_3.2.2/platform/service/sleeptimer/src/sl_sleeptimer.o
 .debug_aranges
                0x00000810       0x60 ./gecko_sdk_3.2.2/platform/service/sleeptimer/src/sl_sleeptimer_hal_rtcc.o
 .debug_aranges
                0x00000870       0x20 ./gecko_sdk_3.2.2/platform/service/system/src/sl_system_init.o
 .debug_aranges
                0x00000890       0x20 ./gecko_sdk_3.2.2/platform/service/system/src/sl_system_process_action.o
 .debug_aranges
                0x000008b0       0x20 ./gecko_sdk_3.2.2/platform/service/udelay/src/sl_udelay.o
 .debug_aranges
                0x000008d0       0x20 ./gecko_sdk_3.2.2/platform/service/udelay/src/sl_udelay_armv6m_gcc.o

.debug_ranges   0x00000000      0xa08
 .debug_ranges  0x00000000       0x30 ./app.o
 .debug_ranges  0x00000030       0x30 ./i2c.o
 .debug_ranges  0x00000060       0x10 ./main.o
 .debug_ranges  0x00000070       0x58 ./si1132.o
 .debug_ranges  0x000000c8       0x10 ./autogen/sl_device_init_clocks.o
 .debug_ranges  0x000000d8       0x10 ./autogen/sl_emlib_gpio_simple_init.o
 .debug_ranges  0x000000e8       0x68 ./autogen/sl_event_handler.o
 .debug_ranges  0x00000150       0x18 ./gecko_sdk_3.2.2/platform/Device/SiliconLabs/EFR32BG22/Source/GCC/startup_efr32bg22.o
 .debug_ranges  0x00000168       0x78 ./gecko_sdk_3.2.2/platform/Device/SiliconLabs/EFR32BG22/Source/system_efr32bg22.o
 .debug_ranges  0x000001e0       0x20 ./gecko_sdk_3.2.2/platform/common/toolchain/src/sl_memory.o
 .debug_ranges  0x00000200       0x10 ./gecko_sdk_3.2.2/platform/emlib/src/em_assert.o
 .debug_ranges  0x00000210      0x200 ./gecko_sdk_3.2.2/platform/emlib/src/em_cmu.o
 .debug_ranges  0x00000410      0x100 ./gecko_sdk_3.2.2/platform/emlib/src/em_core.o
 .debug_ranges  0x00000510      0x128 ./gecko_sdk_3.2.2/platform/emlib/src/em_emu.o
 .debug_ranges  0x00000638       0xd0 ./gecko_sdk_3.2.2/platform/emlib/src/em_gpio.o
 .debug_ranges  0x00000708       0x78 ./gecko_sdk_3.2.2/platform/emlib/src/em_i2c.o
 .debug_ranges  0x00000780       0x30 ./gecko_sdk_3.2.2/platform/emlib/src/em_rtcc.o
 .debug_ranges  0x000007b0       0x10 ./gecko_sdk_3.2.2/platform/service/device_init/src/sl_device_init_dcdc_s2.o
 .debug_ranges  0x000007c0       0x10 ./gecko_sdk_3.2.2/platform/service/device_init/src/sl_device_init_emu_s2.o
 .debug_ranges  0x000007d0       0x28 ./gecko_sdk_3.2.2/platform/service/device_init/src/sl_device_init_nvic.o
 .debug_ranges  0x000007f8      0x160 ./gecko_sdk_3.2.2/platform/service/sleeptimer/src/sl_sleeptimer.o
 .debug_ranges  0x00000958       0x80 ./gecko_sdk_3.2.2/platform/service/sleeptimer/src/sl_sleeptimer_hal_rtcc.o
 .debug_ranges  0x000009d8       0x10 ./gecko_sdk_3.2.2/platform/service/system/src/sl_system_init.o
 .debug_ranges  0x000009e8       0x10 ./gecko_sdk_3.2.2/platform/service/system/src/sl_system_process_action.o
 .debug_ranges  0x000009f8       0x10 ./gecko_sdk_3.2.2/platform/service/udelay/src/sl_udelay.o

.debug_macro    0x00000000    0x3d068
 .debug_macro   0x00000000      0x33c ./app.o
 .debug_macro   0x0000033c      0xa78 ./app.o
 .debug_macro   0x00000db4       0x10 ./app.o
 .debug_macro   0x00000dc4      0x7a4 ./app.o
 .debug_macro   0x00001568       0x22 ./app.o
 .debug_macro   0x0000158a       0x56 ./app.o
 .debug_macro   0x000015e0       0x51 ./app.o
 .debug_macro   0x00001631      0x103 ./app.o
 .debug_macro   0x00001734       0x6a ./app.o
 .debug_macro   0x0000179e      0x1df ./app.o
 .debug_macro   0x0000197d       0x1c ./app.o
 .debug_macro   0x00001999       0x29 ./app.o
 .debug_macro   0x000019c2       0xd9 ./app.o
 .debug_macro   0x00001a9b     0x1401 ./app.o
 .debug_macro   0x00002e9c       0x5e ./app.o
 .debug_macro   0x00002efa      0xe4f ./app.o
 .debug_macro   0x00003d49     0x12bd ./app.o
 .debug_macro   0x00005006      0x87c ./app.o
 .debug_macro   0x00005882      0x300 ./app.o
 .debug_macro   0x00005b82       0x34 ./app.o
 .debug_macro   0x00005bb6      0x304 ./app.o
 .debug_macro   0x00005eba      0x456 ./app.o
 .debug_macro   0x00006310      0x4a1 ./app.o
 .debug_macro   0x000067b1      0x156 ./app.o
 .debug_macro   0x00006907      0x764 ./app.o
 .debug_macro   0x0000706b      0x363 ./app.o
 .debug_macro   0x000073ce     0x14f4 ./app.o
 .debug_macro   0x000088c2       0x10 ./app.o
 .debug_macro   0x000088d2      0x997 ./app.o
 .debug_macro   0x00009269     0x2b9a ./app.o
 .debug_macro   0x0000be03      0xcb2 ./app.o
 .debug_macro   0x0000cab5       0x4c ./app.o
 .debug_macro   0x0000cb01     0x15b8 ./app.o
 .debug_macro   0x0000e0b9     0x210a ./app.o
 .debug_macro   0x000101c3      0x53c ./app.o
 .debug_macro   0x000106ff      0xfe5 ./app.o
 .debug_macro   0x000116e4      0x955 ./app.o
 .debug_macro   0x00012039       0x34 ./app.o
 .debug_macro   0x0001206d      0x308 ./app.o
 .debug_macro   0x00012375      0x6a7 ./app.o
 .debug_macro   0x00012a1c      0x618 ./app.o
 .debug_macro   0x00013034      0x9b0 ./app.o
 .debug_macro   0x000139e4      0x91e ./app.o
 .debug_macro   0x00014302     0x1b1b ./app.o
 .debug_macro   0x00015e1d      0x76b ./app.o
 .debug_macro   0x00016588      0x8f3 ./app.o
 .debug_macro   0x00016e7b     0x14b5 ./app.o
 .debug_macro   0x00018330      0x688 ./app.o
 .debug_macro   0x000189b8      0x464 ./app.o
 .debug_macro   0x00018e1c     0x141b ./app.o
 .debug_macro   0x0001a237     0x15c0 ./app.o
 .debug_macro   0x0001b7f7     0x3753 ./app.o
 .debug_macro   0x0001ef4a     0x17a9 ./app.o
 .debug_macro   0x000206f3      0x319 ./app.o
 .debug_macro   0x00020a0c     0x53ed ./app.o
 .debug_macro   0x00025df9     0x175c ./app.o
 .debug_macro   0x00027555     0x29ed ./app.o
 .debug_macro   0x00029f42     0x789f ./app.o
 .debug_macro   0x000317e1      0x143 ./app.o
 .debug_macro   0x00031924      0xfae ./app.o
 .debug_macro   0x000328d2     0x1384 ./app.o
 .debug_macro   0x00033c56     0x1553 ./app.o
 .debug_macro   0x000351a9      0x37d ./app.o
 .debug_macro   0x00035526     0x106c ./app.o
 .debug_macro   0x00036592       0x22 ./app.o
 .debug_macro   0x000365b4       0x10 ./app.o
 .debug_macro   0x000365c4       0x77 ./app.o
 .debug_macro   0x0003663b       0x1c ./app.o
 .debug_macro   0x00036657       0x10 ./app.o
 .debug_macro   0x00036667       0xf6 ./app.o
 .debug_macro   0x0003675d       0xd6 ./app.o
 .debug_macro   0x00036833       0x45 ./app.o
 .debug_macro   0x00036878      0x1a8 ./app.o
 .debug_macro   0x00036a20      0x335 ./i2c.o
 .debug_macro   0x00036d55      0x307 ./i2c.o
 .debug_macro   0x0003705c      0x11b ./i2c.o
 .debug_macro   0x00037177      0x333 ./main.o
 .debug_macro   0x000374aa      0x32c ./si1132.o
 .debug_macro   0x000377d6      0x331 ./autogen/sl_device_init_clocks.o
 .debug_macro   0x00037b07      0x726 ./autogen/sl_device_init_clocks.o
 .debug_macro   0x0003822d       0xdc ./autogen/sl_device_init_clocks.o
 .debug_macro   0x00038309      0x36b ./autogen/sl_emlib_gpio_simple_init.o
 .debug_macro   0x00038674       0x22 ./autogen/sl_emlib_gpio_simple_init.o
 .debug_macro   0x00038696       0x22 ./autogen/sl_emlib_gpio_simple_init.o
 .debug_macro   0x000386b8       0x22 ./autogen/sl_emlib_gpio_simple_init.o
 .debug_macro   0x000386da       0x22 ./autogen/sl_emlib_gpio_simple_init.o
 .debug_macro   0x000386fc       0x22 ./autogen/sl_emlib_gpio_simple_init.o
 .debug_macro   0x0003871e       0x22 ./autogen/sl_emlib_gpio_simple_init.o
 .debug_macro   0x00038740       0x22 ./autogen/sl_emlib_gpio_simple_init.o
 .debug_macro   0x00038762      0x386 ./autogen/sl_event_handler.o
 .debug_macro   0x00038ae8       0x71 ./autogen/sl_event_handler.o
 .debug_macro   0x00038b59      0x72c ./autogen/sl_event_handler.o
 .debug_macro   0x00039285      0x16d ./autogen/sl_event_handler.o
 .debug_macro   0x000393f2       0x4c ./autogen/sl_event_handler.o
 .debug_macro   0x0003943e       0x10 ./autogen/sl_event_handler.o
 .debug_macro   0x0003944e      0x2c1 ./gecko_sdk_3.2.2/platform/Device/SiliconLabs/EFR32BG22/Source/GCC/startup_efr32bg22.o
 .debug_macro   0x0003970f      0x2e1 ./gecko_sdk_3.2.2/platform/Device/SiliconLabs/EFR32BG22/Source/system_efr32bg22.o
 .debug_macro   0x000399f0       0x92 ./gecko_sdk_3.2.2/platform/common/toolchain/src/sl_memory.o
 .debug_macro   0x00039a82       0x16 ./gecko_sdk_3.2.2/platform/common/toolchain/src/sl_memory.o
 .debug_macro   0x00039a98       0x2c ./gecko_sdk_3.2.2/platform/emlib/src/em_assert.o
 .debug_macro   0x00039ac4      0x3f1 ./gecko_sdk_3.2.2/platform/emlib/src/em_cmu.o
 .debug_macro   0x00039eb5       0x64 ./gecko_sdk_3.2.2/platform/emlib/src/em_cmu.o
 .debug_macro   0x00039f19      0x356 ./gecko_sdk_3.2.2/platform/emlib/src/em_cmu.o
 .debug_macro   0x0003a26f       0x7c ./gecko_sdk_3.2.2/platform/emlib/src/em_cmu.o
 .debug_macro   0x0003a2eb       0x17 ./gecko_sdk_3.2.2/platform/emlib/src/em_cmu.o
 .debug_macro   0x0003a302       0xee ./gecko_sdk_3.2.2/platform/emlib/src/em_cmu.o
 .debug_macro   0x0003a3f0       0x33 ./gecko_sdk_3.2.2/platform/emlib/src/em_cmu.o
 .debug_macro   0x0003a423      0x305 ./gecko_sdk_3.2.2/platform/emlib/src/em_core.o
 .debug_macro   0x0003a728      0x3d4 ./gecko_sdk_3.2.2/platform/emlib/src/em_emu.o
 .debug_macro   0x0003aafc       0x5e ./gecko_sdk_3.2.2/platform/emlib/src/em_emu.o
 .debug_macro   0x0003ab5a       0x5c ./gecko_sdk_3.2.2/platform/emlib/src/em_emu.o
 .debug_macro   0x0003abb6       0x2d ./gecko_sdk_3.2.2/platform/emlib/src/em_emu.o
 .debug_macro   0x0003abe3       0x34 ./gecko_sdk_3.2.2/platform/emlib/src/em_emu.o
 .debug_macro   0x0003ac17      0x312 ./gecko_sdk_3.2.2/platform/emlib/src/em_gpio.o
 .debug_macro   0x0003af29      0x3a4 ./gecko_sdk_3.2.2/platform/emlib/src/em_i2c.o
 .debug_macro   0x0003b2cd       0x3f ./gecko_sdk_3.2.2/platform/emlib/src/em_i2c.o
 .debug_macro   0x0003b30c      0x306 ./gecko_sdk_3.2.2/platform/emlib/src/em_rtcc.o
 .debug_macro   0x0003b612       0x74 ./gecko_sdk_3.2.2/platform/emlib/src/em_rtcc.o
 .debug_macro   0x0003b686      0x328 ./gecko_sdk_3.2.2/platform/service/device_init/src/sl_device_init_dcdc_s2.o
 .debug_macro   0x0003b9ae       0x16 ./gecko_sdk_3.2.2/platform/service/device_init/src/sl_device_init_dcdc_s2.o
 .debug_macro   0x0003b9c4      0x32e ./gecko_sdk_3.2.2/platform/service/device_init/src/sl_device_init_emu_s2.o
 .debug_macro   0x0003bcf2       0x10 ./gecko_sdk_3.2.2/platform/service/device_init/src/sl_device_init_emu_s2.o
 .debug_macro   0x0003bd02      0x302 ./gecko_sdk_3.2.2/platform/service/device_init/src/sl_device_init_nvic.o
 .debug_macro   0x0003c004      0x4bc ./gecko_sdk_3.2.2/platform/service/sleeptimer/src/sl_sleeptimer.o
 .debug_macro   0x0003c4c0       0x18 ./gecko_sdk_3.2.2/platform/service/sleeptimer/src/sl_sleeptimer.o
 .debug_macro   0x0003c4d8       0x35 ./gecko_sdk_3.2.2/platform/service/sleeptimer/src/sl_sleeptimer.o
 .debug_macro   0x0003c50d       0x34 ./gecko_sdk_3.2.2/platform/service/sleeptimer/src/sl_sleeptimer.o
 .debug_macro   0x0003c541       0x57 ./gecko_sdk_3.2.2/platform/service/sleeptimer/src/sl_sleeptimer.o
 .debug_macro   0x0003c598       0x16 ./gecko_sdk_3.2.2/platform/service/sleeptimer/src/sl_sleeptimer.o
 .debug_macro   0x0003c5ae       0x43 ./gecko_sdk_3.2.2/platform/service/sleeptimer/src/sl_sleeptimer.o
 .debug_macro   0x0003c5f1       0x34 ./gecko_sdk_3.2.2/platform/service/sleeptimer/src/sl_sleeptimer.o
 .debug_macro   0x0003c625       0x10 ./gecko_sdk_3.2.2/platform/service/sleeptimer/src/sl_sleeptimer.o
 .debug_macro   0x0003c635       0x58 ./gecko_sdk_3.2.2/platform/service/sleeptimer/src/sl_sleeptimer.o
 .debug_macro   0x0003c68d      0x182 ./gecko_sdk_3.2.2/platform/service/sleeptimer/src/sl_sleeptimer.o
 .debug_macro   0x0003c80f       0x10 ./gecko_sdk_3.2.2/platform/service/sleeptimer/src/sl_sleeptimer.o
 .debug_macro   0x0003c81f       0x35 ./gecko_sdk_3.2.2/platform/service/sleeptimer/src/sl_sleeptimer.o
 .debug_macro   0x0003c854       0x10 ./gecko_sdk_3.2.2/platform/service/sleeptimer/src/sl_sleeptimer.o
 .debug_macro   0x0003c864       0x10 ./gecko_sdk_3.2.2/platform/service/sleeptimer/src/sl_sleeptimer.o
 .debug_macro   0x0003c874       0x10 ./gecko_sdk_3.2.2/platform/service/sleeptimer/src/sl_sleeptimer.o
 .debug_macro   0x0003c884       0xb2 ./gecko_sdk_3.2.2/platform/service/sleeptimer/src/sl_sleeptimer.o
 .debug_macro   0x0003c936       0x2e ./gecko_sdk_3.2.2/platform/service/sleeptimer/src/sl_sleeptimer.o
 .debug_macro   0x0003c964       0x16 ./gecko_sdk_3.2.2/platform/service/sleeptimer/src/sl_sleeptimer.o
 .debug_macro   0x0003c97a       0x22 ./gecko_sdk_3.2.2/platform/service/sleeptimer/src/sl_sleeptimer.o
 .debug_macro   0x0003c99c       0x16 ./gecko_sdk_3.2.2/platform/service/sleeptimer/src/sl_sleeptimer.o
 .debug_macro   0x0003c9b2       0x10 ./gecko_sdk_3.2.2/platform/service/sleeptimer/src/sl_sleeptimer.o
 .debug_macro   0x0003c9c2       0x16 ./gecko_sdk_3.2.2/platform/service/sleeptimer/src/sl_sleeptimer.o
 .debug_macro   0x0003c9d8      0x387 ./gecko_sdk_3.2.2/platform/service/sleeptimer/src/sl_sleeptimer_hal_rtcc.o
 .debug_macro   0x0003cd5f       0x24 ./gecko_sdk_3.2.2/platform/service/system/src/sl_system_init.o
 .debug_macro   0x0003cd83       0x24 ./gecko_sdk_3.2.2/platform/service/system/src/sl_system_process_action.o
 .debug_macro   0x0003cda7      0x2c1 ./gecko_sdk_3.2.2/platform/service/udelay/src/sl_udelay.o

.debug_line     0x00000000    0x13d95
 .debug_line    0x00000000      0xb48 ./app.o
 .debug_line    0x00000b48      0xba9 ./i2c.o
 .debug_line    0x000016f1      0xa4b ./main.o
 .debug_line    0x0000213c      0xcbb ./si1132.o
 .debug_line    0x00002df7      0xab3 ./autogen/sl_device_init_clocks.o
 .debug_line    0x000038aa      0xb6c ./autogen/sl_emlib_gpio_simple_init.o
 .debug_line    0x00004416      0xd25 ./autogen/sl_event_handler.o
 .debug_line    0x0000513b      0x90f ./gecko_sdk_3.2.2/platform/Device/SiliconLabs/EFR32BG22/Source/GCC/startup_efr32bg22.o
 .debug_line    0x00005a4a      0xa92 ./gecko_sdk_3.2.2/platform/Device/SiliconLabs/EFR32BG22/Source/system_efr32bg22.o
 .debug_line    0x000064dc      0x42b ./gecko_sdk_3.2.2/platform/common/toolchain/src/sl_memory.o
 .debug_line    0x00006907      0x218 ./gecko_sdk_3.2.2/platform/emlib/src/em_assert.o
 .debug_line    0x00006b1f     0x2a1c ./gecko_sdk_3.2.2/platform/emlib/src/em_cmu.o
 .debug_line    0x0000953b     0x10bb ./gecko_sdk_3.2.2/platform/emlib/src/em_core.o
 .debug_line    0x0000a5f6     0x144e ./gecko_sdk_3.2.2/platform/emlib/src/em_emu.o
 .debug_line    0x0000ba44      0xe54 ./gecko_sdk_3.2.2/platform/emlib/src/em_gpio.o
 .debug_line    0x0000c898     0x144b ./gecko_sdk_3.2.2/platform/emlib/src/em_i2c.o
 .debug_line    0x0000dce3      0xd15 ./gecko_sdk_3.2.2/platform/emlib/src/em_rtcc.o
 .debug_line    0x0000e9f8      0xb11 ./gecko_sdk_3.2.2/platform/service/device_init/src/sl_device_init_dcdc_s2.o
 .debug_line    0x0000f509      0xb1d ./gecko_sdk_3.2.2/platform/service/device_init/src/sl_device_init_emu_s2.o
 .debug_line    0x00010026      0xaaa ./gecko_sdk_3.2.2/platform/service/device_init/src/sl_device_init_nvic.o
 .debug_line    0x00010ad0     0x16ce ./gecko_sdk_3.2.2/platform/service/sleeptimer/src/sl_sleeptimer.o
 .debug_line    0x0001219e      0xefb ./gecko_sdk_3.2.2/platform/service/sleeptimer/src/sl_sleeptimer_hal_rtcc.o
 .debug_line    0x00013099      0x17a ./gecko_sdk_3.2.2/platform/service/system/src/sl_system_init.o
 .debug_line    0x00013213      0x183 ./gecko_sdk_3.2.2/platform/service/system/src/sl_system_process_action.o
 .debug_line    0x00013396      0x953 ./gecko_sdk_3.2.2/platform/service/udelay/src/sl_udelay.o
 .debug_line    0x00013ce9       0xac ./gecko_sdk_3.2.2/platform/service/udelay/src/sl_udelay_armv6m_gcc.o

.debug_str      0x00000000   0x1839fa
 .debug_str     0x00000000   0x171e84 ./app.o
                             0x1727ea (size before relaxing)
 .debug_str     0x00171e84     0x2759 ./i2c.o
                             0x1749c2 (size before relaxing)
 .debug_str     0x001745dd       0x65 ./main.o
                             0x171512 (size before relaxing)
 .debug_str     0x00174642       0x93 ./si1132.o
                             0x1728e3 (size before relaxing)
 .debug_str     0x001746d5     0x3e0e ./autogen/sl_device_init_clocks.o
                             0x177584 (size before relaxing)
 .debug_str     0x001784e3      0x5eb ./autogen/sl_emlib_gpio_simple_init.o
                             0x173f0d (size before relaxing)
 .debug_str     0x00178ace      0xf50 ./autogen/sl_event_handler.o
                             0x1761db (size before relaxing)
 .debug_str     0x00179a1e      0x12d ./gecko_sdk_3.2.2/platform/Device/SiliconLabs/EFR32BG22/Source/GCC/startup_efr32bg22.o
                             0x1701c8 (size before relaxing)
 .debug_str     0x00179b4b      0x3a5 ./gecko_sdk_3.2.2/platform/Device/SiliconLabs/EFR32BG22/Source/system_efr32bg22.o
                             0x170d31 (size before relaxing)
 .debug_str     0x00179ef0      0x15e ./gecko_sdk_3.2.2/platform/common/toolchain/src/sl_memory.o
                               0x403f (size before relaxing)
 .debug_str     0x0017a04e       0x6b ./gecko_sdk_3.2.2/platform/emlib/src/em_assert.o
                               0x2e4e (size before relaxing)
 .debug_str     0x0017a0b9     0x3721 ./gecko_sdk_3.2.2/platform/emlib/src/em_cmu.o
                             0x178b74 (size before relaxing)
 .debug_str     0x0017d7da      0x754 ./gecko_sdk_3.2.2/platform/emlib/src/em_core.o
                             0x1714cd (size before relaxing)
 .debug_str     0x0017df2e      0xb87 ./gecko_sdk_3.2.2/platform/emlib/src/em_emu.o
                             0x1775b4 (size before relaxing)
 .debug_str     0x0017eab5      0x1c6 ./gecko_sdk_3.2.2/platform/emlib/src/em_gpio.o
                             0x17258a (size before relaxing)
 .debug_str     0x0017ec7b      0x2b4 ./gecko_sdk_3.2.2/platform/emlib/src/em_i2c.o
                             0x175d78 (size before relaxing)
 .debug_str     0x0017ef2f     0x2282 ./gecko_sdk_3.2.2/platform/emlib/src/em_rtcc.o
                             0x1730eb (size before relaxing)
 .debug_str     0x001811b1       0xd9 ./gecko_sdk_3.2.2/platform/service/device_init/src/sl_device_init_dcdc_s2.o
                             0x174e58 (size before relaxing)
 .debug_str     0x0018128a      0x10d ./gecko_sdk_3.2.2/platform/service/device_init/src/sl_device_init_emu_s2.o
                             0x17509a (size before relaxing)
 .debug_str     0x00181397       0x87 ./gecko_sdk_3.2.2/platform/service/device_init/src/sl_device_init_nvic.o
                             0x174dbd (size before relaxing)
 .debug_str     0x0018141e     0x21aa ./gecko_sdk_3.2.2/platform/service/sleeptimer/src/sl_sleeptimer.o
                             0x17859e (size before relaxing)
 .debug_str     0x001835c8      0x211 ./gecko_sdk_3.2.2/platform/service/sleeptimer/src/sl_sleeptimer_hal_rtcc.o
                             0x17894f (size before relaxing)
 .debug_str     0x001837d9       0x74 ./gecko_sdk_3.2.2/platform/service/system/src/sl_system_init.o
                               0x2e20 (size before relaxing)
 .debug_str     0x0018384d       0x7e ./gecko_sdk_3.2.2/platform/service/system/src/sl_system_process_action.o
                               0x2e4d (size before relaxing)
 .debug_str     0x001838cb       0xa7 ./gecko_sdk_3.2.2/platform/service/udelay/src/sl_udelay.o
                             0x17011e (size before relaxing)
 .debug_str     0x00183972       0x88 ./gecko_sdk_3.2.2/platform/service/udelay/src/sl_udelay_armv6m_gcc.o
                                 0xd0 (size before relaxing)

.debug_frame    0x00000000     0x15d0
 .debug_frame   0x00000000       0x4c ./app.o
 .debug_frame   0x0000004c       0xb0 ./i2c.o
 .debug_frame   0x000000fc       0x28 ./main.o
 .debug_frame   0x00000124       0xf8 ./si1132.o
 .debug_frame   0x0000021c       0x28 ./autogen/sl_device_init_clocks.o
 .debug_frame   0x00000244       0x28 ./autogen/sl_emlib_gpio_simple_init.o
 .debug_frame   0x0000026c       0xb8 ./autogen/sl_event_handler.o
 .debug_frame   0x00000324       0x38 ./gecko_sdk_3.2.2/platform/Device/SiliconLabs/EFR32BG22/Source/GCC/startup_efr32bg22.o
 .debug_frame   0x0000035c      0x108 ./gecko_sdk_3.2.2/platform/Device/SiliconLabs/EFR32BG22/Source/system_efr32bg22.o
 .debug_frame   0x00000464       0x40 ./gecko_sdk_3.2.2/platform/common/toolchain/src/sl_memory.o
 .debug_frame   0x000004a4       0x20 ./gecko_sdk_3.2.2/platform/emlib/src/em_assert.o
 .debug_frame   0x000004c4      0x454 ./gecko_sdk_3.2.2/platform/emlib/src/em_cmu.o
 .debug_frame   0x00000918      0x238 ./gecko_sdk_3.2.2/platform/emlib/src/em_core.o
 .debug_frame   0x00000b50      0x2b4 ./gecko_sdk_3.2.2/platform/emlib/src/em_emu.o
 .debug_frame   0x00000e04       0xa0 ./gecko_sdk_3.2.2/platform/emlib/src/em_gpio.o
 .debug_frame   0x00000ea4       0xe0 ./gecko_sdk_3.2.2/platform/emlib/src/em_i2c.o
 .debug_frame   0x00000f84       0x6c ./gecko_sdk_3.2.2/platform/emlib/src/em_rtcc.o
 .debug_frame   0x00000ff0       0x2c ./gecko_sdk_3.2.2/platform/service/device_init/src/sl_device_init_dcdc_s2.o
 .debug_frame   0x0000101c       0x30 ./gecko_sdk_3.2.2/platform/service/device_init/src/sl_device_init_emu_s2.o
 .debug_frame   0x0000104c       0x20 ./gecko_sdk_3.2.2/platform/service/device_init/src/sl_device_init_nvic.o
 .debug_frame   0x0000106c      0x328 ./gecko_sdk_3.2.2/platform/service/sleeptimer/src/sl_sleeptimer.o
 .debug_frame   0x00001394       0xcc ./gecko_sdk_3.2.2/platform/service/sleeptimer/src/sl_sleeptimer_hal_rtcc.o
 .debug_frame   0x00001460       0x28 ./gecko_sdk_3.2.2/platform/service/system/src/sl_system_init.o
 .debug_frame   0x00001488       0x28 ./gecko_sdk_3.2.2/platform/service/system/src/sl_system_process_action.o
 .debug_frame   0x000014b0       0x28 ./gecko_sdk_3.2.2/platform/service/udelay/src/sl_udelay.o
 .debug_frame   0x000014d8       0x2c c:/siliconlabs/simplicitystudio/v5/developer/toolchains/gnu_arm/10.2_2020q4/bin/../lib/gcc/arm-none-eabi/10.2.1/thumb/v8-m.main+fp/hard\libgcc.a(_aeabi_uldivmod.o)
 .debug_frame   0x00001504       0x38 c:/siliconlabs/simplicitystudio/v5/developer/toolchains/gnu_arm/10.2_2020q4/bin/../lib/gcc/arm-none-eabi/10.2.1/thumb/v8-m.main+fp/hard\libgcc.a(_udivmoddi4.o)
 .debug_frame   0x0000153c       0x28 c:/siliconlabs/simplicitystudio/v5/developer/toolchains/gnu_arm/10.2_2020q4/bin/../lib/gcc/arm-none-eabi/10.2.1/../../../../arm-none-eabi/lib/thumb/v8-m.main+fp/hard\libc_nano.a(lib_a-exit.o)
 .debug_frame   0x00001564       0x2c c:/siliconlabs/simplicitystudio/v5/developer/toolchains/gnu_arm/10.2_2020q4/bin/../lib/gcc/arm-none-eabi/10.2.1/../../../../arm-none-eabi/lib/thumb/v8-m.main+fp/hard\libc_nano.a(lib_a-init.o)
 .debug_frame   0x00001590       0x20 c:/siliconlabs/simplicitystudio/v5/developer/toolchains/gnu_arm/10.2_2020q4/bin/../lib/gcc/arm-none-eabi/10.2.1/../../../../arm-none-eabi/lib/thumb/v8-m.main+fp/hard\libc_nano.a(lib_a-memset.o)
 .debug_frame   0x000015b0       0x20 c:/siliconlabs/simplicitystudio/v5/developer/toolchains/gnu_arm/10.2_2020q4/bin/../lib/gcc/arm-none-eabi/10.2.1/../../../../arm-none-eabi/lib/thumb/v8-m.main+fp/hard\libnosys.a(_exit.o)
